picvec stage load-resize: 0.006s (total 0.006s)
picvec stage edge-roles: 14.387s (total 14.393s)
picvec stage structural-analysis: 0.529s (total 14.922s)
picvec stage perceptual-smoothing: 0.706s (total 15.628s)
picvec segmentation substage setup: 0.030s
picvec segmentation substage palette: 0.196s (66734 histogram cells, 1712 colours)
picvec segmentation substage initial-components: 0.192s
picvec segmentation substage small-components: 2.870s
picvec segmentation substage compact: 0.069s
picvec segmentation substage antialias: 0.653s
picvec segmentation substage finalize: 0.088s (total 4.098s)
picvec stage segmentation: 10.450s (total 26.078s)
picvec stage boundary-regularization: 0.266s (total 26.344s)
picvec stage paint-aware-merge: 24.161s (total 50.505s)
picvec stage thin-paint-ownership: 5.377s (total 55.882s)
picvec stage paint-topology-preservation: 3.877s (total 59.759s)
picvec paint substage setup: 0.043s
picvec paint substage initial: 9.025s (primary solid 3278, gain-bound solid 22512, low-range solid 4, model search 3299)
picvec paint substage harmonize: 2.222s
picvec paint substage couple: 0.194s
picvec stage paint-fitting: 11.692s (total 71.451s)
picvec layered merge candidates: considered 54627, evidence 54067, seam 183, layered 81, nonfinite 0, face 269, combined 90, accepted 18
picvec stage source-supported-paint-merge: 17.486s (total 88.937s)
picvec stage exact-paint-merge: 0.054s (total 88.991s)
picvec stage layered-paint-simplification: 1.400s (total 90.391s)
picvec stage residual-shape-refinement: 0.324s (total 90.715s)
picvec stage interior-shading: 7.422s (total 98.137s)
picvec stage face-alpha: 0.016s (total 98.153s)
picvec stage hierarchical-topology: 0.015s (total 98.167s)
picvec stage shared-geometry: 16.614s (total 114.781s)
picvec stage paint-preview: 0.722s (total 115.504s)
picvec structural substage ownership: 16.134s
picvec structural substage outline-proposals: 0.001s
picvec structural substage outline-validation: 0.000s
picvec structural substage colour-patches: 1.576s
picvec stage structural-selection: 17.710s (total 133.214s)
picvec stage paint-order-validation: 2.670s (total 135.884s)
picvec hole candidates: 2641, SVG bytes 23228534
picvec hole fragment cache: true
picvec hole baseline: 0.982s
picvec stage covered-hole-simplification: 75.988s (total 211.871s)
picvec stage final-svg: 48.013s (total 259.884s)
picvec adaptive candidate 0 0 4272 2848: error=8.9156 model_cost=4.7342 priority=4.0976
picvec adaptive processing: source 0 0 4272 2848, processing 4272 2848
picvec stage load-resize: 0.103s (total 0.103s)
