picvec stage load-resize: 0.001s (total 0.001s)
picvec stage edge-roles: 2.911s (total 2.913s)
picvec stage structural-analysis: 0.598s (total 3.511s)
picvec stage perceptual-smoothing: 0.794s (total 4.305s)
picvec segmentation substage setup: 0.029s
picvec segmentation substage palette: 0.324s (81633 histogram cells, 2759 colours)
picvec segmentation substage initial-components: 0.074s
picvec segmentation substage small-components: 1.368s
picvec segmentation substage compact: 0.041s
picvec segmentation substage antialias: 0.332s
picvec segmentation substage finalize: 0.084s (total 2.254s)
picvec stage segmentation: 4.840s (total 9.145s)
picvec stage boundary-regularization: 0.300s (total 9.446s)
picvec stage paint-aware-merge: 0.886s (total 10.332s)
picvec stage thin-paint-ownership: 1.825s (total 12.157s)
picvec stage paint-topology-preservation: 3.142s (total 15.299s)
picvec paint substage setup: 0.036s
picvec paint substage initial: 9.839s (primary solid 0, gain-bound solid 3198, low-range solid 33, model search 2593)
picvec paint substage harmonize: 0.809s
picvec paint substage couple: 0.105s
picvec stage paint-fitting: 10.899s (total 26.197s)
picvec layered merge candidates: considered 12286, evidence 11947, seam 153, layered 41, nonfinite 0, face 94, combined 62, accepted 30
picvec stage source-supported-paint-merge: 3.737s (total 29.935s)
picvec stage exact-paint-merge: 0.043s (total 29.978s)
picvec stage layered-paint-simplification: 4.651s (total 34.628s)
picvec stage residual-shape-refinement: 3.326s (total 37.954s)
picvec stage interior-shading: 9.789s (total 47.744s)
picvec stage face-alpha: 0.015s (total 47.759s)
picvec stage hierarchical-topology: 0.007s (total 47.766s)
picvec stage shared-geometry: 16.011s (total 63.777s)
picvec stage paint-preview: 0.178s (total 63.956s)
picvec structural substage ownership: 5.711s
picvec structural substage outline-proposals: 0.756s
picvec structural substage outline-validation: 0.420s
picvec structural substage colour-patches: 1.494s
picvec stage structural-selection: 8.382s (total 72.338s)
picvec stage paint-order-validation: 45.270s (total 117.608s)
picvec hole candidates: 461, SVG bytes 5234699
picvec hole fragment cache: true
picvec hole baseline: 19.147s
picvec hole batch: 461 candidates, serialize 0.070s, validate 1.146s, accepted false
picvec hole batch: 230 candidates, serialize 0.059s, validate 4.280s, accepted false
picvec hole batch: 115 candidates, serialize 0.059s, validate 4.097s, accepted false
picvec hole batch: 14 candidates, serialize 0.060s, validate 4.368s, accepted false
picvec hole batch: 7 candidates, serialize 0.060s, validate 3.466s, accepted false
picvec hole batch: 2 candidates, serialize 0.061s, validate 3.358s, accepted false
picvec hole batch: 7 candidates, serialize 0.060s, validate 3.113s, accepted true
picvec hole batch: 14 candidates, serialize 0.060s, validate 1.815s, accepted false
picvec hole batch: 7 candidates, serialize 0.060s, validate 4.293s, accepted true
picvec hole batch: 8 candidates, serialize 0.059s, validate 3.812s, accepted false
picvec hole batch: 7 candidates, serialize 0.061s, validate 3.732s, accepted true
picvec hole batch: 7 candidates, serialize 0.059s, validate 3.257s, accepted true
picvec hole batch: 7 candidates, serialize 0.059s, validate 3.229s, accepted false
picvec hole batch: 58 candidates, serialize 0.060s, validate 3.679s, accepted false
picvec hole batch: 14 candidates, serialize 0.060s, validate 2.556s, accepted true
picvec stage covered-hole-simplification: 121.405s (total 239.012s)
