picvec stage load-resize: 0.006s (total 0.006s)
picvec stage edge-roles: 16.591s (total 16.597s)
picvec stage structural-analysis: 0.538s (total 17.135s)
picvec stage perceptual-smoothing: 0.680s (total 17.815s)
picvec segmentation substage setup: 0.026s
picvec segmentation substage palette: 0.184s (59147 histogram cells, 1874 colours)
picvec segmentation substage initial-components: 0.232s
picvec segmentation substage small-components: 3.239s
picvec segmentation substage compact: 0.094s
picvec segmentation substage antialias: 1.083s
picvec segmentation substage finalize: 0.077s (total 4.935s)
picvec stage segmentation: 13.060s (total 30.875s)
picvec stage boundary-regularization: 0.233s (total 31.108s)
picvec stage paint-aware-merge: 2.991s (total 34.100s)
picvec stage thin-paint-ownership: 5.699s (total 39.799s)
picvec stage paint-topology-preservation: 2.368s (total 42.167s)
picvec paint substage setup: 0.037s
picvec paint substage initial: 2.943s (primary solid 0, gain-bound solid 7251, low-range solid 3, model search 5333)
picvec paint substage harmonize: 0.542s
picvec paint substage couple: 0.416s
picvec stage paint-fitting: 4.129s (total 46.296s)
picvec layered merge candidates: considered 27147, evidence 23634, seam 2460, layered 480, nonfinite 0, face 822, combined 145, accepted 86
picvec stage source-supported-paint-merge: 19.820s (total 66.116s)
picvec stage exact-paint-merge: 0.047s (total 66.163s)
picvec stage layered-paint-simplification: 16.848s (total 83.011s)
picvec stage residual-shape-refinement: 0.743s (total 83.753s)
picvec stage interior-shading: 14.573s (total 98.326s)
picvec stage face-alpha: 0.015s (total 98.341s)
picvec stage hierarchical-topology: 0.016s (total 98.358s)
picvec stage shared-geometry: 11.694s (total 110.052s)
picvec stage paint-preview: 0.528s (total 110.580s)
picvec structural substage ownership: 6.273s
picvec structural substage outline-proposals: 0.002s
picvec structural substage outline-validation: 0.000s
picvec structural substage colour-patches: 1.217s
picvec stage structural-selection: 7.492s (total 118.072s)
picvec stage paint-order-validation: 2.179s (total 120.251s)
picvec hole candidates: 2605, SVG bytes 15999414
picvec hole fragment cache: true
picvec hole baseline: 0.722s
picvec stage covered-hole-simplification: 22.078s (total 142.329s)
picvec stage final-svg: 9.697s (total 152.026s)
{
  "input_width": 1254,
  "input_height": 1254,
  "processing_width": 1254,
  "processing_height": 1254,
  "output": "/tmp/picvec-slow-four/final-compact-run/vectorization-stress-still-life.svg",
  "elapsed_seconds": 152.235841079,
  "execution_threads": 4,
  "complexity": {
    "probe_width": 1024,
    "probe_height": 1024,
    "probe_region_count": 435691,
    "probe_region_density": 415507.3,
    "edge_density": 0.88066864,
    "normalized_region_density": 1.0,
    "normalized_edge_density": 1.0,
    "complexity": 1.0,
    "target_pixels": 2000000.0,
    "selected_dimension": 1254
  },
  "source_alpha": {
    "detected": false,
    "quantization_bits": 0,
    "mask_paths": 0,
    "removed_regions": 0
  },
  "chroma_key": {
    "enabled": false,
    "detected": false,
    "border_coverage": 0.0,
    "removed_regions": 0
  },
  "adaptive_refinement": {
    "enabled": true,
    "source_scale": 1.0,
    "proposed_regions": 0,
    "candidate_regions": 0,
    "prefiltered_for_complexity": 0,
    "evaluated_regions": 0,
    "parallel_jobs": 0,
    "accepted_regions": 0,
    "rejected_for_quality": 0,
    "rejected_for_complexity": 0,
    "rejected_for_budget": 0,
    "baseline_mean_delta_e": 0.0,
    "refined_mean_delta_e": 0.0,
    "estimated_global_delta_e_reduction": 0.0,
    "added_svg_bytes": 0
  },
  "hierarchical_topology": {
    "nodes": 905235,
    "leaves": 649405,
    "unit_leaves": 425802,
    "represented_pixels": 1572516,
    "compression_ratio": 2.421472
  },
  "edge_roles": {
    "skeleton_pixels": 265547,
    "edge_chain_count": 31380,
    "edge_chain_samples": 268395,
    "boundary_pixels": 39711,
    "ridge_role_pixels": 66830,
    "ridge_on_boundary_pixels": 101553,
    "unknown_pixels": 21740,
    "visible_ridge_pixels": 4013,
    "visible_ridge_coverage_pixels": 10342,
    "dark_boundary_pixels": 23748,
    "shading_pixels": 35704,
    "face_barrier_pixels": 136911,
    "visible_ridge_graph_edges": 215,
    "visible_ridge_graph_edges_before_join": 227,
    "dark_boundary_graph_edges": 751,
    "wide_dark_outline_graph_edges_before_join": 362,
    "dark_boundary_candidates": 472,
    "dark_ridge_candidates": 5931,
    "dark_ridge_supported": 251,
    "profile_ridge_candidates": 386,
    "profile_ridge_extensions": 338,
    "visible_ridge_graph_length": 2542.5918,
    "visible_ridge_median_width": 2.0,
    "visible_ridge_width_weighted_length": 6056.2134,
    "dark_boundary_graph_length": 6759.74,
    "dark_boundary_median_width": 1.2,
    "gradient_threshold": 0.90586174,
    "ridge_threshold": 0.65
  },
  "segmentation": {
    "graph_edges": 3142524,
    "coherent_domains": 0,
    "coherent_regions_removed": 0,
    "histogram_cells": 59147,
    "palette_colours": 1874,
    "initial_regions": 692996,
    "raw_regions": 102146,
    "corrected_regions": 77282,
    "regularized_regions": 13417,
    "merged_regions": 12500,
    "forced_small_region_merges": 3866956,
    "micro_region_merges": 64337,
    "micro_pixels_reassigned": 576198,
    "compatible_region_merges": 754020,
    "paint_aware_region_merge_proposals": 17,
    "paint_aware_region_merges": 17,
    "exact_paint_region_merges": 6,
    "source_supported_paint_merges": 86,
    "preserved_independent_materials": 21541,
    "antialias_pixels": 264877,
    "core_sampled_regions": 6139,
    "antialias_split_regions": 24935,
    "boundary_regularization_passes": 1,
    "boundary_regularization_moved_pixels": 19022,
    "boundary_regularization_source_edges": 77386,
    "thin_paint_examined": 10569,
    "thin_paint_protected": 322,
    "thin_paint_refined": 2561,
    "thin_paint_preflight_rejected": 1913,
    "thin_paint_reassigned_pixels": 8932,
    "thin_paint_removed_regions": 521,
    "adaptive_patch_candidate_faces": 372,
    "adaptive_patch_split_faces": 74,
    "adaptive_patch_added_regions": 185,
    "effective_minimum_area": 256,
    "local_minimum_area": 29,
    "local_median_area": 186,
    "local_maximum_area": 256
  },
  "structural": {
    "source_coverage_pixels": 68593,
    "source_line_pixels": 112423,
    "skeleton_pixels": 8518,
    "stroke_count": 1025,
    "underpainted_pixels": 18129,
    "antialias_unmixed_pixels": 7923,
    "silhouette_fill_count": 0,
    "residual_legacy_strokes": 718,
    "visible_ridge_strokes": 117,
    "boundary_profile_strokes": 190,
    "recovered_boundary_strokes": 0,
    "recovered_alpha_boundary_strokes": 0,
    "suppressed_ellipse_retraces": 0,
    "aligned_ellipse_strokes": 0
  },
  "ownership": {
    "structural_strokes": 1025,
    "paint_overlap": 0.3,
    "overlap_is_underpaint": false,
    "overlap_is_fill_geometry": true
  },
  "paint_order": {
    "line_regions": 134,
    "proposed_constraints": 2188,
    "conflicting_constraints": 0,
    "changed_ranks": 12325,
    "accepted": false,
    "source_error_increase": 0.0,
    "rejection": "interior changed at 4x"
  },
  "gradients": {
    "solid_regions": 8603,
    "linear_regions": 1829,
    "radial_regions": 1861,
    "layered_regions": 207,
    "overlay_layers": 387,
    "fitted_direction_linear_regions": 1318,
    "fitted_focus_radial_regions": 1321,
    "coupled_linear_regions": 35,
    "source_supported_paint_merges": 86,
    "source_supported_boundary_edges_removed": 1395,
    "maximum_stops": 5,
    "primary_gate_active": false,
    "primary_solid_regions": 0,
    "provable_solid_regions": 7254,
    "gain_bound_solid_regions": 7251,
    "low_range_solid_regions": 3,
    "gradient_model_search_regions": 5333,
    "coherent_field_regions": 5,
    "full_fit_regions": 12587
  },
  "geometry": {
    "regions": 12500,
    "loops": 20300,
    "empty_regions": 0,
    "empty_region_pixels": 0,
    "largest_empty_region": 0,
    "source_boundary_edges": 1024102,
    "shared_boundary_edges": 509543,
    "simplified_vertices": 177358,
    "cubic_segments": 160735,
    "line_segments": 2832,
    "rectangles": 0,
    "circles": 0,
    "ellipses": 0,
    "covered_holes_removed": 2598,
    "shared_loop_fallbacks": 0,
    "shared_loop_missing_edges": 0,
    "shared_loop_discontinuities": 0,
    "shared_loop_invalid_areas": 0,
    "adaptive_optimal_polygons": 3731,
    "continuity_faired_masters": 19761,
    "fitted_ellipse_contours": 44,
    "fitted_bezier_contours": 11,
    "regularized_corner_excursions": 32,
    "regularized_corner_vertices": 671,
    "shared_curve_downgrades": 2
  },
  "optimization": {
    "input_regions": 12500,
    "primitive_regions": 0,
    "path_regions": 12500,
    "shared_gradient_regions": 0
  },
  "svg": {
    "objects": 13897,
    "path_subpaths": 18877,
    "path_elements": 13172,
    "rect_elements": 116,
    "circle_elements": 0,
    "ellipse_elements": 0,
    "line_elements": 609,
    "linear_gradients": 1985,
    "radial_gradients": 2294,
    "structural_strokes": 1025,
    "structural_color_patches": 0,
    "gradient_stops": 16450,
    "linear_cubics_to_lines": 4107,
    "redundant_segments_removed": 10175,
    "arc_segments": 11269,
    "merged_arc_segments": 0,
    "paint_paths_merged": 12,
    "paint_batches": 12,
    "alpha_mask_paths": 0,
    "outline_bands": 0,
    "outline_color_patches": 0,
    "outline_paint_regions_removed": 0,
    "outline_structural_strokes_removed": 0,
    "invisible_elements_removed": 3,
    "invisible_strokes_removed": 0,
    "bytes": 15213528
  }
}
wrote /tmp/picvec-slow-four/final-compact-run/vectorization-stress-still-life.svg (1254x1254, 13897 objects, 18877 subpaths, 152.236s)
