picvec stage load-resize: 0.001s (total 0.001s)
picvec stage edge-roles: 4.690s (total 4.691s)
picvec stage structural-analysis: 0.755s (total 5.446s)
picvec stage perceptual-smoothing: 0.840s (total 6.286s)
picvec segmentation substage setup: 0.033s
picvec segmentation substage palette: 0.370s (81633 histogram cells, 2759 colours)
picvec segmentation substage initial-components: 0.131s
picvec segmentation substage small-components: 1.449s
picvec segmentation substage compact: 0.044s
picvec segmentation substage antialias: 0.456s
picvec segmentation substage finalize: 0.088s (total 2.571s)
picvec stage segmentation: 5.301s (total 11.587s)
picvec stage boundary-regularization: 0.313s (total 11.900s)
picvec stage paint-aware-merge: 0.950s (total 12.850s)
picvec stage thin-paint-ownership: 2.025s (total 14.875s)
picvec stage paint-topology-preservation: 5.121s (total 19.996s)
picvec paint substage setup: 0.038s
picvec paint substage initial: 14.020s (primary solid 0, gain-bound solid 3198, low-range solid 33, model search 2593)
picvec paint substage harmonize: 1.077s
picvec paint substage couple: 0.514s
picvec stage paint-fitting: 15.771s (total 35.767s)
picvec layered merge candidates: considered 12286, evidence 11947, seam 153, layered 41, nonfinite 0, face 94, combined 62, accepted 30
picvec stage source-supported-paint-merge: 32.167s (total 67.934s)
picvec stage exact-paint-merge: 0.046s (total 67.980s)
picvec stage layered-paint-simplification: 6.457s (total 74.437s)
picvec stage residual-shape-refinement: 4.685s (total 79.122s)
picvec stage interior-shading: 19.191s (total 98.313s)
picvec stage face-alpha: 0.016s (total 98.329s)
picvec stage hierarchical-topology: 0.007s (total 98.336s)
picvec stage shared-geometry: 23.619s (total 121.955s)
picvec stage paint-preview: 0.228s (total 122.184s)
picvec stage structural-selection: 16.780s (total 138.963s)
picvec stage paint-order-validation: 146.412s (total 285.376s)
