picvec stage load-resize: 0.005s (total 0.005s)
picvec stage edge-roles: 2.382s (total 2.387s)
picvec stage structural-analysis: 0.459s (total 2.846s)
picvec stage perceptual-smoothing: 0.608s (total 3.454s)
picvec segmentation substage setup: 0.028s
picvec segmentation substage palette: 0.068s (12208 histogram cells, 386 colours)
picvec segmentation substage initial-components: 0.026s
picvec segmentation substage small-components: 0.232s
picvec segmentation substage compact: 0.016s
picvec segmentation substage antialias: 0.204s
picvec segmentation substage finalize: 0.059s (total 0.633s)
picvec stage segmentation: 0.636s (total 4.090s)
picvec stage boundary-regularization: 0.215s (total 4.305s)
picvec stage paint-aware-merge: 12.120s (total 16.425s)
picvec stage thin-paint-ownership: 0.072s (total 16.496s)
picvec stage paint-topology-preservation: 2.345s (total 18.841s)
picvec paint substage setup: 0.033s
picvec paint substage initial: 1.502s (primary solid 0, gain-bound solid 1339, low-range solid 18, model search 592)
picvec paint substage harmonize: 0.790s
picvec paint substage couple: 0.121s
picvec stage paint-fitting: 2.492s (total 21.333s)
picvec layered merge candidates: considered 4036, evidence 3783, seam 52, layered 123, nonfinite 0, face 94, combined 52, accepted 55
picvec stage source-supported-paint-merge: 4.956s (total 26.290s)
picvec stage exact-paint-merge: 0.023s (total 26.313s)
picvec stage layered-paint-simplification: 1.818s (total 28.131s)
picvec stage residual-shape-refinement: 6.272s (total 34.403s)
picvec stage source-alpha-mask: 0.000s (total 34.403s)
picvec stage hierarchical-topology: 0.003s (total 34.406s)
picvec stage shared-geometry: 9.540s (total 43.947s)
picvec stage paint-preview: 0.088s (total 44.035s)
picvec stage structural-selection: 1.792s (total 45.827s)
picvec stage final-svg: 0.013s (total 45.840s)
{
  "input_width": 1254,
  "input_height": 1254,
  "processing_width": 1254,
  "processing_height": 1254,
  "output": "/tmp/picvec-viewport-history/baseline-415d64f/car.svg",
  "elapsed_seconds": 45.98716141,
  "execution_threads": 4,
  "complexity": {
    "probe_width": 1024,
    "probe_height": 1024,
    "probe_region_count": 47420,
    "probe_region_density": 45223.234,
    "edge_density": 0.10312939,
    "normalized_region_density": 0.7537206,
    "normalized_edge_density": 0.572941,
    "complexity": 0.6904477,
    "target_pixels": 1752358.1,
    "selected_dimension": 1254
  },
  "source_alpha": {
    "detected": false,
    "quantization_bits": 0,
    "mask_paths": 0,
    "removed_regions": 0
  },
  "chroma_key": {
    "enabled": false,
    "detected": false,
    "border_coverage": 0.0,
    "removed_regions": 0
  },
  "adaptive_refinement": {
    "enabled": true,
    "source_scale": 1.0,
    "proposed_regions": 0,
    "candidate_regions": 0,
    "prefiltered_for_complexity": 0,
    "evaluated_regions": 0,
    "parallel_jobs": 0,
    "accepted_regions": 0,
    "rejected_for_quality": 0,
    "rejected_for_complexity": 0,
    "rejected_for_budget": 0,
    "baseline_mean_delta_e": 0.0,
    "refined_mean_delta_e": 0.0,
    "estimated_global_delta_e_reduction": 0.0,
    "added_svg_bytes": 0
  },
  "hierarchical_topology": {
    "nodes": 158067,
    "leaves": 113903,
    "unit_leaves": 67523,
    "represented_pixels": 1572516,
    "compression_ratio": 13.805747
  },
  "edge_roles": {
    "skeleton_pixels": 25011,
    "edge_chain_count": 717,
    "edge_chain_samples": 25299,
    "boundary_pixels": 6906,
    "ridge_role_pixels": 4061,
    "ridge_on_boundary_pixels": 11084,
    "unknown_pixels": 1030,
    "visible_ridge_pixels": 3114,
    "visible_ridge_coverage_pixels": 6241,
    "dark_boundary_pixels": 27073,
    "shading_pixels": 2191,
    "face_barrier_pixels": 19598,
    "visible_ridge_graph_edges": 58,
    "visible_ridge_graph_edges_before_join": 77,
    "dark_boundary_graph_edges": 257,
    "wide_dark_outline_graph_edges_before_join": 157,
    "dark_boundary_candidates": 195,
    "dark_ridge_candidates": 319,
    "dark_ridge_supported": 87,
    "profile_ridge_candidates": 240,
    "profile_ridge_extensions": 147,
    "visible_ridge_graph_length": 2148.5603,
    "visible_ridge_median_width": 1.751731,
    "visible_ridge_width_weighted_length": 3816.32,
    "dark_boundary_graph_length": 8141.762,
    "dark_boundary_median_width": 1.2,
    "gradient_threshold": 0.43718946,
    "ridge_threshold": 0.65
  },
  "segmentation": {
    "graph_edges": 3142524,
    "coherent_domains": 5,
    "coherent_regions_removed": 11,
    "histogram_cells": 12208,
    "palette_colours": 386,
    "initial_regions": 56781,
    "raw_regions": 4399,
    "corrected_regions": 2398,
    "regularized_regions": 2398,
    "merged_regions": 1925,
    "forced_small_region_merges": 282808,
    "compatible_region_merges": 56186,
    "paint_aware_region_merge_proposals": 133,
    "paint_aware_region_merges": 133,
    "exact_paint_region_merges": 4,
    "source_supported_paint_merges": 55,
    "preserved_independent_materials": 941,
    "antialias_pixels": 26993,
    "core_sampled_regions": 427,
    "antialias_split_regions": 2002,
    "boundary_regularization_passes": 1,
    "boundary_regularization_moved_pixels": 2246,
    "boundary_regularization_source_edges": 44347,
    "thin_paint_examined": 1597,
    "thin_paint_protected": 248,
    "thin_paint_refined": 395,
    "thin_paint_preflight_rejected": 146,
    "thin_paint_reassigned_pixels": 1429,
    "thin_paint_removed_regions": 359,
    "adaptive_patch_candidate_faces": 147,
    "adaptive_patch_split_faces": 54,
    "adaptive_patch_added_regions": 93,
    "effective_minimum_area": 256,
    "local_minimum_area": 65,
    "local_median_area": 256,
    "local_maximum_area": 256
  },
  "structural": {
    "source_coverage_pixels": 35524,
    "source_line_pixels": 75248,
    "skeleton_pixels": 3031,
    "stroke_count": 132,
    "underpainted_pixels": 9027,
    "antialias_unmixed_pixels": 2909,
    "silhouette_fill_count": 0,
    "residual_legacy_strokes": 31,
    "visible_ridge_strokes": 23,
    "boundary_profile_strokes": 78,
    "recovered_boundary_strokes": 0,
    "recovered_alpha_boundary_strokes": 0,
    "suppressed_ellipse_retraces": 1,
    "aligned_ellipse_strokes": 0
  },
  "ownership": {
    "structural_strokes": 132,
    "paint_overlap": 0.3,
    "overlap_is_underpaint": true
  },
  "gradients": {
    "solid_regions": 1476,
    "linear_regions": 282,
    "radial_regions": 85,
    "layered_regions": 82,
    "overlay_layers": 343,
    "fitted_direction_linear_regions": 242,
    "fitted_focus_radial_regions": 61,
    "coupled_linear_regions": 14,
    "source_supported_paint_merges": 55,
    "source_supported_boundary_edges_removed": 2047,
    "maximum_stops": 5,
    "primary_gate_active": false,
    "primary_solid_regions": 0,
    "provable_solid_regions": 1357,
    "gain_bound_solid_regions": 1339,
    "low_range_solid_regions": 18,
    "gradient_model_search_regions": 592,
    "coherent_field_regions": 35,
    "full_fit_regions": 1949
  },
  "geometry": {
    "regions": 1925,
    "loops": 2189,
    "empty_regions": 0,
    "empty_region_pixels": 0,
    "largest_empty_region": 0,
    "source_boundary_edges": 164914,
    "shared_boundary_edges": 79949,
    "simplified_vertices": 18240,
    "cubic_segments": 15582,
    "line_segments": 660,
    "rectangles": 0,
    "circles": 0,
    "ellipses": 0,
    "covered_holes_removed": 61,
    "shared_loop_fallbacks": 0,
    "shared_loop_missing_edges": 0,
    "shared_loop_discontinuities": 0,
    "shared_loop_invalid_areas": 0,
    "adaptive_optimal_polygons": 422,
    "continuity_faired_masters": 1458,
    "fitted_ellipse_contours": 7,
    "fitted_bezier_contours": 6,
    "regularized_corner_excursions": 6,
    "regularized_corner_vertices": 153,
    "shared_curve_downgrades": 0
  },
  "optimization": {
    "input_regions": 1925,
    "primitive_regions": 0,
    "path_regions": 1925,
    "shared_gradient_regions": 0
  },
  "svg": {
    "path_elements": 3898,
    "rect_elements": 2,
    "circle_elements": 0,
    "ellipse_elements": 0,
    "line_elements": 71,
    "linear_gradients": 378,
    "radial_gradients": 415,
    "structural_strokes": 128,
    "structural_color_patches": 0,
    "gradient_stops": 3018,
    "linear_cubics_to_lines": 453,
    "redundant_segments_removed": 148,
    "arc_segments": 845,
    "merged_arc_segments": 2,
    "paint_paths_merged": 177,
    "paint_batches": 65,
    "alpha_mask_paths": 0,
    "outline_bands": 1,
    "outline_color_patches": 3,
    "outline_paint_regions_removed": 5,
    "outline_structural_strokes_removed": 4,
    "bytes": 2568073
  }
}
wrote /tmp/picvec-viewport-history/baseline-415d64f/car.svg (1254x1254, 1925 regions, 45.987s)
