picvec stage load-resize: 0.006s (total 0.006s)
picvec stage edge-roles: 2.718s (total 2.724s)
picvec stage structural-analysis: 0.465s (total 3.189s)
picvec stage perceptual-smoothing: 0.968s (total 4.157s)
picvec segmentation substage setup: 0.112s
picvec segmentation substage palette: 0.187s (16183 histogram cells, 1765 colours)
picvec segmentation substage initial-components: 0.039s
picvec segmentation substage small-components: 0.572s
picvec segmentation substage compact: 0.015s
picvec segmentation substage antialias: 0.305s
picvec segmentation substage finalize: 0.190s (total 1.421s)
picvec stage segmentation: 1.425s (total 5.582s)
picvec stage boundary-regularization: 0.698s (total 6.280s)
picvec stage paint-aware-merge: 2.554s (total 8.834s)
picvec stage thin-paint-ownership: 0.162s (total 8.995s)
picvec stage paint-topology-preservation: 2.365s (total 11.361s)
picvec paint substage setup: 0.120s
picvec paint substage initial: 2.503s (primary solid 0, gain-bound solid 1038, low-range solid 14, model search 760)
picvec paint substage harmonize: 2.048s
picvec paint substage couple: 0.371s
picvec stage paint-fitting: 5.195s (total 16.556s)
picvec layered merge candidates: considered 3964, evidence 3648, seam 41, layered 188, nonfinite 0, face 118, combined 95, accepted 62
picvec stage source-supported-paint-merge: 1.963s (total 18.520s)
picvec stage source-alpha-mask: 0.024s (total 18.544s)
picvec stage exact-paint-merge: 0.003s (total 18.547s)
picvec stage shared-geometry: 4.773s (total 23.319s)
picvec stage paint-preview: 0.102s (total 23.421s)
picvec stage structural-selection: 0.835s (total 24.256s)
picvec stage final-svg: 0.031s (total 24.287s)
{
  "input_width": 1254,
  "input_height": 1254,
  "processing_width": 1254,
  "processing_height": 1254,
  "output": "/tmp/picvec-viewport-history/baseline-db159b8/car.svg",
  "elapsed_seconds": 24.436016022,
  "execution_threads": 4,
  "complexity": {
    "probe_width": 1024,
    "probe_height": 1024,
    "probe_region_count": 71863,
    "probe_region_density": 68533.9,
    "edge_density": 0.13921642,
    "normalized_region_density": 1.0,
    "normalized_edge_density": 0.77342457,
    "complexity": 0.9206986,
    "target_pixels": 1936558.9,
    "selected_dimension": 1254
  },
  "source_alpha": {
    "detected": false,
    "quantization_bits": 0,
    "mask_paths": 0,
    "removed_regions": 0
  },
  "chroma_key": {
    "enabled": false,
    "detected": false,
    "border_coverage": 0.0,
    "removed_regions": 0
  },
  "adaptive_refinement": {
    "enabled": true,
    "source_scale": 1.0,
    "proposed_regions": 0,
    "candidate_regions": 0,
    "prefiltered_for_complexity": 0,
    "evaluated_regions": 0,
    "parallel_jobs": 0,
    "accepted_regions": 0,
    "rejected_for_quality": 0,
    "rejected_for_complexity": 0,
    "rejected_for_budget": 0,
    "baseline_mean_delta_e": 0.0,
    "refined_mean_delta_e": 0.0,
    "estimated_global_delta_e_reduction": 0.0,
    "added_svg_bytes": 0
  },
  "hierarchical_topology": {
    "nodes": 181563,
    "leaves": 130912,
    "unit_leaves": 77299,
    "represented_pixels": 1572516,
    "compression_ratio": 12.012008
  },
  "edge_roles": {
    "skeleton_pixels": 24488,
    "edge_chain_count": 797,
    "edge_chain_samples": 24911,
    "boundary_pixels": 7308,
    "ridge_role_pixels": 3965,
    "ridge_on_boundary_pixels": 11360,
    "unknown_pixels": 588,
    "visible_ridge_pixels": 3269,
    "visible_ridge_coverage_pixels": 6629,
    "dark_boundary_pixels": 28072,
    "shading_pixels": 1669,
    "face_barrier_pixels": 20430,
    "visible_ridge_graph_edges": 59,
    "visible_ridge_graph_edges_before_join": 85,
    "dark_boundary_graph_edges": 231,
    "wide_dark_outline_graph_edges_before_join": 132,
    "dark_boundary_candidates": 181,
    "dark_ridge_candidates": 290,
    "dark_ridge_supported": 98,
    "profile_ridge_candidates": 197,
    "profile_ridge_extensions": 119,
    "visible_ridge_graph_length": 2273.711,
    "visible_ridge_median_width": 1.754859,
    "visible_ridge_width_weighted_length": 4030.7903,
    "dark_boundary_graph_length": 8506.693,
    "dark_boundary_median_width": 1.2,
    "gradient_threshold": 0.44226328,
    "ridge_threshold": 0.65
  },
  "segmentation": {
    "graph_edges": 3142524,
    "coherent_domains": 6,
    "coherent_regions_removed": 18,
    "histogram_cells": 16183,
    "palette_colours": 1765,
    "initial_regions": 76345,
    "raw_regions": 4991,
    "corrected_regions": 2236,
    "regularized_regions": 2236,
    "merged_regions": 1773,
    "forced_small_region_merges": 503818,
    "compatible_region_merges": 88213,
    "paint_aware_region_merge_proposals": 188,
    "paint_aware_region_merges": 188,
    "exact_paint_region_merges": 12,
    "source_supported_paint_merges": 62,
    "preserved_independent_materials": 1135,
    "antialias_pixels": 26345,
    "core_sampled_regions": 401,
    "antialias_split_regions": 2755,
    "boundary_regularization_passes": 1,
    "boundary_regularization_moved_pixels": 3654,
    "boundary_regularization_source_edges": 59338,
    "thin_paint_examined": 1345,
    "thin_paint_protected": 201,
    "thin_paint_refined": 362,
    "thin_paint_preflight_rejected": 149,
    "thin_paint_reassigned_pixels": 1047,
    "thin_paint_removed_regions": 311,
    "adaptive_patch_candidate_faces": 190,
    "adaptive_patch_split_faces": 69,
    "adaptive_patch_added_regions": 128,
    "effective_minimum_area": 256,
    "local_minimum_area": 60,
    "local_median_area": 256,
    "local_maximum_area": 256
  },
  "structural": {
    "source_coverage_pixels": 36735,
    "source_line_pixels": 63365,
    "skeleton_pixels": 2460,
    "stroke_count": 113,
    "underpainted_pixels": 9663,
    "antialias_unmixed_pixels": 3081,
    "silhouette_fill_count": 0,
    "residual_legacy_strokes": 24,
    "visible_ridge_strokes": 27,
    "boundary_profile_strokes": 62,
    "recovered_boundary_strokes": 0,
    "recovered_alpha_boundary_strokes": 0,
    "suppressed_ellipse_retraces": 1,
    "aligned_ellipse_strokes": 0
  },
  "ownership": {
    "structural_strokes": 113,
    "paint_overlap": 0.2,
    "overlap_is_underpaint": true
  },
  "gradients": {
    "solid_regions": 1183,
    "linear_regions": 386,
    "radial_regions": 48,
    "layered_regions": 156,
    "overlay_layers": 425,
    "fitted_direction_linear_regions": 324,
    "fitted_focus_radial_regions": 14,
    "coupled_linear_regions": 36,
    "source_supported_paint_merges": 62,
    "source_supported_boundary_edges_removed": 1352,
    "maximum_stops": 5,
    "primary_gate_active": false,
    "primary_solid_regions": 0,
    "provable_solid_regions": 1052,
    "gain_bound_solid_regions": 1038,
    "low_range_solid_regions": 14,
    "gradient_model_search_regions": 760,
    "coherent_field_regions": 35,
    "full_fit_regions": 1812
  },
  "geometry": {
    "regions": 1773,
    "loops": 2044,
    "empty_regions": 0,
    "empty_region_pixels": 0,
    "largest_empty_region": 0,
    "source_boundary_edges": 186584,
    "shared_boundary_edges": 90784,
    "simplified_vertices": 18996,
    "cubic_segments": 16052,
    "line_segments": 1106,
    "rectangles": 0,
    "circles": 0,
    "ellipses": 0,
    "covered_holes_removed": 69,
    "shared_loop_fallbacks": 0,
    "shared_loop_missing_edges": 0,
    "shared_loop_discontinuities": 0,
    "shared_loop_invalid_areas": 0,
    "adaptive_optimal_polygons": 440,
    "continuity_faired_masters": 1767,
    "fitted_ellipse_contours": 4,
    "regularized_corner_excursions": 9,
    "regularized_corner_vertices": 220,
    "shared_curve_downgrades": 0
  },
  "optimization": {
    "input_regions": 1773,
    "primitive_regions": 0,
    "path_regions": 1773,
    "shared_gradient_regions": 0
  },
  "svg": {
    "path_elements": 2030,
    "rect_elements": 0,
    "circle_elements": 1,
    "ellipse_elements": 0,
    "line_elements": 55,
    "linear_gradients": 507,
    "radial_gradients": 502,
    "structural_strokes": 113,
    "gradient_stops": 3217,
    "linear_cubics_to_lines": 486,
    "redundant_segments_removed": 228,
    "arc_segments": 898,
    "merged_arc_segments": 2,
    "paint_paths_merged": 225,
    "paint_batches": 127,
    "alpha_mask_paths": 0,
    "bytes": 2135842
  }
}
wrote /tmp/picvec-viewport-history/baseline-db159b8/car.svg (1254x1254, 1773 regions, 24.436s)
