picvec stage load-resize: 0.003s (total 0.003s)
picvec stage edge-roles: 2.230s (total 2.233s)
picvec stage structural-analysis: 0.159s (total 2.392s)
picvec stage perceptual-smoothing: 0.518s (total 2.910s)
picvec segmentation substage setup: 0.014s
picvec segmentation substage palette: 0.039s (201 histogram cells, 43 colours)
picvec segmentation substage initial-components: 0.014s
picvec segmentation substage small-components: 0.112s
picvec segmentation substage compact: 0.017s
picvec segmentation substage antialias: 0.131s
picvec segmentation substage finalize: 0.031s (total 0.357s)
picvec stage segmentation: 0.917s (total 3.827s)
picvec stage boundary-regularization: 0.125s (total 3.952s)
picvec stage paint-aware-merge: 0.760s (total 4.713s)
picvec stage thin-paint-ownership: 0.495s (total 5.208s)
picvec stage paint-topology-preservation: 0.943s (total 6.150s)
picvec paint substage setup: 0.012s
picvec paint substage initial: 0.135s (primary solid 0, gain-bound solid 2534, low-range solid 1, model search 409)
picvec paint substage harmonize: 0.001s
picvec paint substage couple: 0.000s
picvec stage paint-fitting: 0.178s (total 6.328s)
picvec layered merge candidates: considered 3502, evidence 3490, seam 12, layered 0, nonfinite 0, face 0, combined 0, accepted 0
picvec stage source-supported-paint-merge: 0.005s (total 6.334s)
picvec stage exact-paint-merge: 0.015s (total 6.349s)
picvec stage layered-paint-simplification: 0.010s (total 6.359s)
picvec stage residual-shape-refinement: 0.003s (total 6.362s)
picvec stage interior-shading: 0.040s (total 6.402s)
picvec stage face-alpha: 0.000s (total 6.402s)
picvec stage hierarchical-topology: 0.002s (total 6.403s)
picvec stage shared-geometry: 3.019s (total 9.422s)
picvec stage paint-preview: 0.064s (total 9.487s)
picvec structural substage ownership: 0.349s
picvec structural substage outline-proposals: 0.000s
picvec structural substage outline-validation: 0.000s
picvec structural substage colour-patches: 0.227s
picvec stage structural-selection: 0.576s (total 10.062s)
picvec stage covered-hole-simplification: 1.891s (total 11.953s)
picvec stage final-svg: 1.684s (total 13.637s)
picvec adaptive candidate 0 0 5770 2058: error=7.8028 model_cost=1.7365 priority=5.9213
picvec adaptive processing: source 0 0 5770 2058, processing 5770 2058
picvec stage load-resize: 0.112s (total 0.112s)
picvec stage edge-roles: 34.882s (total 34.994s)
picvec stage structural-analysis: 2.964s (total 37.957s)
picvec stage perceptual-smoothing: 4.667s (total 42.625s)
picvec segmentation substage setup: 0.204s
picvec segmentation substage palette: 0.516s (201 histogram cells, 40 colours)
picvec segmentation substage initial-components: 0.302s
picvec segmentation substage small-components: 1.446s
picvec segmentation substage compact: 0.161s
picvec segmentation substage antialias: 1.805s
picvec segmentation substage finalize: 0.462s (total 4.906s)
picvec stage segmentation: 8.871s (total 51.496s)
picvec stage boundary-regularization: 1.768s (total 53.264s)
picvec stage paint-aware-merge: 13.589s (total 66.853s)
picvec stage thin-paint-ownership: 3.404s (total 70.257s)
picvec stage paint-topology-preservation: 15.904s (total 86.162s)
picvec paint substage setup: 0.197s
picvec paint substage initial: 0.691s (primary solid 0, gain-bound solid 9201, low-range solid 12, model search 2999)
picvec paint substage harmonize: 0.007s
picvec paint substage couple: 0.011s
picvec stage paint-fitting: 1.128s (total 87.290s)
picvec layered merge candidates: considered 16686, evidence 16604, seam 72, layered 1, nonfinite 0, face 7, combined 1, accepted 2
picvec stage source-supported-paint-merge: 16.084s (total 103.374s)
picvec stage exact-paint-merge: 0.234s (total 103.608s)
picvec stage layered-paint-simplification: 0.342s (total 103.951s)
picvec stage residual-shape-refinement: 0.301s (total 104.252s)
picvec stage interior-shading: 0.551s (total 104.803s)
picvec stage face-alpha: 0.032s (total 104.835s)
picvec stage hierarchical-topology: 0.017s (total 104.852s)
picvec stage shared-geometry: 45.148s (total 150.000s)
picvec stage paint-preview: 0.450s (total 150.449s)
picvec structural substage ownership: 5.821s
picvec structural substage outline-proposals: 0.134s
picvec structural substage outline-validation: 0.000s
picvec structural substage colour-patches: 1.309s
picvec stage structural-selection: 7.264s (total 157.713s)
picvec stage paint-order-validation: 7.335s (total 165.048s)
picvec stage covered-hole-simplification: 14.139s (total 179.187s)
picvec stage final-svg: 12.587s (total 191.774s)
picvec adaptive evaluated 0 0 5770 2058: baseline=PerceptualScore { mean_delta_e: 3.4232306, p90_delta_e: 9.254971, missing_edge_fraction: 0.8534596, combined: 7.802821 } refined=PerceptualScore { mean_delta_e: 1.8111358, p90_delta_e: 0.8944397, missing_edge_fraction: 0.55538017, combined: 2.8389275 } boundary_matches=true bytes=8246954
{
  "input_width": 5770,
  "input_height": 2058,
  "processing_width": 1600,
  "processing_height": 571,
  "output": "/tmp/picvec-generic-speed/comparison/00-after/booster-layout.svg",
  "elapsed_seconds": 224.114324726,
  "execution_threads": 10,
  "complexity": {
    "probe_width": 1024,
    "probe_height": 365,
    "probe_region_count": 40675,
    "probe_region_density": 108826.516,
    "edge_density": 0.25756368,
    "normalized_region_density": 1.0,
    "normalized_edge_density": 1.0,
    "complexity": 1.0,
    "target_pixels": 2000000.0,
    "selected_dimension": 1600
  },
  "source_alpha": {
    "detected": false,
    "quantization_bits": 0,
    "mask_paths": 0,
    "removed_regions": 0
  },
  "chroma_key": {
    "enabled": false,
    "detected": false,
    "border_coverage": 0.0,
    "removed_regions": 0
  },
  "adaptive_refinement": {
    "enabled": true,
    "source_scale": 3.60625,
    "proposed_regions": 1,
    "candidate_regions": 1,
    "prefiltered_for_complexity": 0,
    "evaluated_regions": 1,
    "parallel_jobs": 1,
    "accepted_regions": 1,
    "rejected_for_quality": 0,
    "rejected_for_complexity": 0,
    "rejected_for_budget": 0,
    "baseline_mean_delta_e": 3.4232306,
    "refined_mean_delta_e": 1.8111358,
    "estimated_global_delta_e_reduction": 1.6120949,
    "added_svg_bytes": 8246954
  },
  "hierarchical_topology": {
    "nodes": 101409,
    "leaves": 65973,
    "unit_leaves": 31577,
    "represented_pixels": 913600,
    "compression_ratio": 13.848089
  },
  "edge_roles": {
    "skeleton_pixels": 58018,
    "edge_chain_count": 4828,
    "edge_chain_samples": 60007,
    "boundary_pixels": 7837,
    "ridge_role_pixels": 29471,
    "ridge_on_boundary_pixels": 10883,
    "unknown_pixels": 110,
    "visible_ridge_pixels": 26413,
    "visible_ridge_coverage_pixels": 53964,
    "dark_boundary_pixels": 8770,
    "shading_pixels": 11019,
    "face_barrier_pixels": 19593,
    "visible_ridge_graph_edges": 1261,
    "visible_ridge_graph_edges_before_join": 1945,
    "dark_boundary_graph_edges": 360,
    "wide_dark_outline_graph_edges_before_join": 424,
    "dark_boundary_candidates": 16,
    "dark_ridge_candidates": 1604,
    "dark_ridge_supported": 1066,
    "profile_ridge_candidates": 1544,
    "profile_ridge_extensions": 1303,
    "visible_ridge_graph_length": 20267.83,
    "visible_ridge_median_width": 1.3557628,
    "visible_ridge_width_weighted_length": 30943.889,
    "dark_boundary_graph_length": 3302.7244,
    "dark_boundary_median_width": 1.2498842,
    "gradient_threshold": 1.0,
    "ridge_threshold": 0.65
  },
  "segmentation": {
    "graph_edges": 1825029,
    "coherent_domains": 0,
    "coherent_regions_removed": 0,
    "histogram_cells": 201,
    "palette_colours": 43,
    "initial_regions": 51377,
    "raw_regions": 11135,
    "corrected_regions": 10682,
    "regularized_regions": 3135,
    "merged_regions": 2943,
    "forced_small_region_merges": 127560,
    "micro_region_merges": 7670,
    "micro_pixels_reassigned": 46215,
    "compatible_region_merges": 47474,
    "paint_aware_region_merge_proposals": 37,
    "paint_aware_region_merges": 37,
    "exact_paint_region_merges": 1,
    "source_supported_paint_merges": 0,
    "preserved_independent_materials": 2685,
    "antialias_pixels": 971,
    "core_sampled_regions": 25,
    "antialias_split_regions": 453,
    "boundary_regularization_passes": 1,
    "boundary_regularization_moved_pixels": 203,
    "boundary_regularization_source_edges": 19676,
    "thin_paint_examined": 3445,
    "thin_paint_protected": 1508,
    "thin_paint_refined": 77,
    "thin_paint_preflight_rejected": 255,
    "thin_paint_reassigned_pixels": 268,
    "thin_paint_removed_regions": 31,
    "adaptive_patch_candidate_faces": 0,
    "adaptive_patch_split_faces": 0,
    "adaptive_patch_added_regions": 0,
    "effective_minimum_area": 417,
    "local_minimum_area": 29,
    "local_median_area": 405,
    "local_maximum_area": 417
  },
  "structural": {
    "source_coverage_pixels": 66287,
    "source_line_pixels": 61069,
    "skeleton_pixels": 11236,
    "stroke_count": 5018,
    "underpainted_pixels": 69442,
    "antialias_unmixed_pixels": 15478,
    "silhouette_fill_count": 0,
    "residual_legacy_strokes": 278,
    "visible_ridge_strokes": 997,
    "boundary_profile_strokes": 119,
    "recovered_boundary_strokes": 0,
    "recovered_alpha_boundary_strokes": 0,
    "suppressed_ellipse_retraces": 0,
    "aligned_ellipse_strokes": 3
  },
  "ownership": {
    "structural_strokes": 5018,
    "paint_overlap": 0.3,
    "overlap_is_underpaint": false,
    "overlap_is_fill_geometry": true
  },
  "paint_order": {
    "line_regions": 0,
    "proposed_constraints": 0,
    "conflicting_constraints": 0,
    "changed_ranks": 0,
    "accepted": false,
    "source_error_increase": 0.0,
    "rejection": null
  },
  "gradients": {
    "solid_regions": 2801,
    "linear_regions": 91,
    "radial_regions": 50,
    "layered_regions": 1,
    "overlay_layers": 1,
    "fitted_direction_linear_regions": 62,
    "fitted_focus_radial_regions": 17,
    "coupled_linear_regions": 0,
    "source_supported_paint_merges": 0,
    "source_supported_boundary_edges_removed": 0,
    "maximum_stops": 5,
    "primary_gate_active": false,
    "primary_solid_regions": 0,
    "provable_solid_regions": 2535,
    "gain_bound_solid_regions": 2534,
    "low_range_solid_regions": 1,
    "gradient_model_search_regions": 409,
    "coherent_field_regions": 0,
    "full_fit_regions": 2944
  },
  "geometry": {
    "regions": 2943,
    "loops": 5319,
    "empty_regions": 0,
    "empty_region_pixels": 0,
    "largest_empty_region": 0,
    "source_boundary_edges": 119902,
    "shared_boundary_edges": 57780,
    "simplified_vertices": 25160,
    "cubic_segments": 22262,
    "line_segments": 522,
    "rectangles": 0,
    "circles": 0,
    "ellipses": 0,
    "covered_holes_removed": 1549,
    "shared_loop_fallbacks": 0,
    "shared_loop_missing_edges": 0,
    "shared_loop_discontinuities": 0,
    "shared_loop_invalid_areas": 0,
    "adaptive_optimal_polygons": 120,
    "continuity_faired_masters": 893,
    "fitted_ellipse_contours": 3,
    "fitted_bezier_contours": 0,
    "regularized_corner_excursions": 4,
    "regularized_corner_vertices": 93,
    "shared_curve_downgrades": 2
  },
  "optimization": {
    "input_regions": 2943,
    "primitive_regions": 0,
    "path_regions": 2943,
    "shared_gradient_regions": 0
  },
  "svg": {
    "objects": 16445,
    "path_subpaths": 24614,
    "path_elements": 13561,
    "rect_elements": 80,
    "circle_elements": 0,
    "ellipse_elements": 0,
    "line_elements": 2800,
    "linear_gradients": 685,
    "radial_gradients": 513,
    "structural_strokes": 6828,
    "structural_color_patches": 0,
    "gradient_stops": 4659,
    "linear_cubics_to_lines": 7242,
    "redundant_segments_removed": 4483,
    "arc_segments": 4431,
    "merged_arc_segments": 11,
    "paint_paths_merged": 2662,
    "paint_batches": 1234,
    "alpha_mask_paths": 0,
    "outline_bands": 0,
    "outline_color_patches": 0,
    "outline_paint_regions_removed": 0,
    "outline_structural_strokes_removed": 0,
    "invisible_elements_removed": 0,
    "invisible_strokes_removed": 0,
    "bytes": 8261651
  }
}
wrote /tmp/picvec-generic-speed/comparison/00-after/booster-layout.svg (1600x571, 16445 objects, 24614 subpaths, 224.114s)
