picvec stage load-resize: 0.002s (total 0.002s)
picvec stage edge-roles: 5.356s (total 5.358s)
picvec stage structural-analysis: 0.862s (total 6.220s)
picvec stage perceptual-smoothing: 1.128s (total 7.348s)
picvec segmentation substage setup: 0.037s
picvec segmentation substage palette: 0.491s (81633 histogram cells, 2759 colours)
picvec segmentation substage initial-components: 0.109s
picvec segmentation substage small-components: 1.549s
picvec segmentation substage compact: 0.049s
picvec segmentation substage antialias: 0.498s
picvec segmentation substage finalize: 0.083s (total 2.816s)
picvec stage segmentation: 4.034s (total 11.382s)
picvec stage boundary-regularization: 0.345s (total 11.727s)
picvec stage paint-aware-merge: 0.831s (total 12.558s)
picvec stage thin-paint-ownership: 0.995s (total 13.553s)
picvec stage paint-topology-preservation: 5.087s (total 18.640s)
picvec paint substage setup: 0.041s
picvec paint substage initial: 9.905s (primary solid 0, gain-bound solid 3198, low-range solid 33, model search 2593)
picvec paint substage harmonize: 0.836s
picvec paint substage couple: 0.151s
picvec stage paint-fitting: 11.073s (total 29.713s)
picvec layered merge candidates: considered 12286, evidence 11947, seam 153, layered 41, nonfinite 0, face 94, combined 62, accepted 30
picvec stage source-supported-paint-merge: 4.591s (total 34.304s)
picvec stage exact-paint-merge: 0.046s (total 34.350s)
picvec stage layered-paint-simplification: 4.102s (total 38.452s)
picvec stage residual-shape-refinement: 4.105s (total 42.557s)
picvec stage interior-shading: 12.721s (total 55.278s)
picvec stage face-alpha: 0.021s (total 55.298s)
picvec stage hierarchical-topology: 0.010s (total 55.308s)
picvec stage shared-geometry: 19.801s (total 75.110s)
picvec stage paint-preview: 0.236s (total 75.345s)
picvec stage structural-selection: 10.904s (total 86.249s)
picvec stage paint-order-validation: 139.636s (total 225.885s)
picvec stage covered-hole-simplification: 1393.238s (total 1619.123s)
picvec stage final-svg: 1295.832s (total 2914.955s)
picvec adaptive candidate 4328 872 464 752: error=11.1084 model_cost=2.7915 priority=6.6486
picvec adaptive candidate 1703 904 746 675: error=10.6300 model_cost=2.7635 priority=6.3945
picvec adaptive candidate 4195 1707 725 761: error=10.7638 model_cost=3.0568 priority=6.1565
picvec adaptive candidate 1702 1716 736 732: error=10.4260 model_cost=2.8710 priority=6.1532
picvec adaptive candidate 2561 909 698 671: error=8.3605 model_cost=1.9814 priority=5.9394
picvec adaptive candidate 87 904 680 676: error=8.8815 model_cost=2.2389 priority=5.9357
picvec adaptive candidate 1772 2551 585 739: error=9.5190 model_cost=2.7076 priority=5.7850
picvec adaptive candidate 3378 3520 702 298: error=9.1594 model_cost=2.5378 priority=5.7496
picvec adaptive candidate 912 4118 700 663: error=9.1123 model_cost=2.5971 priority=5.6543
picvec adaptive candidate 4205 2590 712 681: error=8.7459 model_cost=2.4209 priority=5.6211
picvec adaptive candidate 2548 1703 732 744: error=9.3408 model_cost=2.8050 priority=5.5772
picvec adaptive candidate 4188 4125 711 685: error=8.2904 model_cost=2.2287 priority=5.5533
picvec adaptive candidate 3418 1685 609 784: error=9.8807 model_cost=3.2298 priority=5.4979
picvec adaptive candidate 2596 2538 601 782: error=10.5028 model_cost=3.8252 priority=5.3700
picvec adaptive candidate 4267 3331 576 685: error=8.3130 model_cost=2.4466 priority=5.3147
picvec adaptive candidate 4284 114 538 696: error=7.7861 model_cost=2.2078 priority=5.2401
picvec adaptive candidate 2630 114 548 694: error=7.1847 model_cost=1.9146 priority=5.1924
picvec adaptive candidate 881 1726 743 704: error=8.4832 model_cost=2.7210 priority=5.1428
picvec adaptive candidate 3403 912 685 668: error=7.4794 model_cost=2.1342 priority=5.1198
picvec adaptive candidate 84 4089 690 725: error=8.1689 model_cost=2.5476 priority=5.1180
picvec adaptive candidate 2539 4106 681 707: error=7.8674 model_cost=2.3843 priority=5.0951
picvec adaptive candidate 995 3319 518 690: error=7.3399 model_cost=2.1416 priority=5.0156
picvec adaptive candidate 3463 114 553 694: error=7.5884 model_cost=2.3112 priority=4.9915
picvec adaptive candidate 165 114 548 694: error=7.0293 model_cost=2.0331 priority=4.9299
picvec adaptive candidate 987 114 544 694: error=6.7488 model_cost=1.8865 priority=4.9136
picvec adaptive candidate 160 1686 558 760: error=8.4634 model_cost=2.9797 priority=4.9030
picvec adaptive candidate 1807 114 550 694: error=6.8074 model_cost=1.9790 priority=4.8390
picvec adaptive candidate 87 2584 680 689: error=7.0405 model_cost=2.1431 priority=4.8093
picvec adaptive candidate 3383 2592 689 709: error=6.9824 model_cost=2.1359 priority=4.7776
picvec adaptive candidate 3393 4092 641 710: error=7.0351 model_cost=2.2418 priority=4.6986
picvec adaptive candidate 927 910 677 670: error=6.5068 model_cost=2.0596 priority=4.5339
picvec adaptive candidate 1755 4138 625 672: error=5.9151 model_cost=1.7387 priority=4.4859
picvec adaptive candidate 73 3325 690 672: error=7.3554 model_cost=2.7931 priority=4.4011
picvec adaptive candidate 1749 3325 632 679: error=6.1278 model_cost=2.2295 priority=4.1039
picvec adaptive candidate 975 2552 564 716: error=6.3679 model_cost=2.5263 priority=4.0064
picvec adaptive candidate 2529 3392 717 540: error=6.3952 model_cost=2.6353 priority=3.9395
picvec adaptive evaluated 4328 872 464 752: baseline=PerceptualScore { mean_delta_e: 5.1810675, p90_delta_e: 15.676727, missing_edge_fraction: 0.8354049, combined: 11.108385 } refined=PerceptualScore { mean_delta_e: 1.697622, p90_delta_e: 2.7617223, missing_edge_fraction: 0.2700565, combined: 2.6787882 } boundary_matches=true bytes=424815
picvec adaptive evaluated 4195 1707 725 761: baseline=PerceptualScore { mean_delta_e: 5.06596, p90_delta_e: 15.292145, missing_edge_fraction: 0.7890703, combined: 10.76375 } refined=PerceptualScore { mean_delta_e: 1.7666574, p90_delta_e: 3.5135968, missing_edge_fraction: 0.37820727, combined: 3.3350565 } boundary_matches=true bytes=841320
picvec adaptive evaluated 1703 904 746 675: baseline=PerceptualScore { mean_delta_e: 4.8233113, p90_delta_e: 14.675104, missing_edge_fraction: 0.8631492, combined: 10.62998 } refined=PerceptualScore { mean_delta_e: 1.4811724, p90_delta_e: 2.8044167, missing_edge_fraction: 0.358615, combined: 2.8641393 } boundary_matches=true bytes=689242
picvec adaptive evaluated 1702 1716 736 732: baseline=PerceptualScore { mean_delta_e: 4.803068, p90_delta_e: 15.137589, missing_edge_fraction: 0.7365227, combined: 10.425984 } refined=PerceptualScore { mean_delta_e: 1.6044561, p90_delta_e: 3.1474552, missing_edge_fraction: 0.34594786, combined: 3.0188308 } boundary_matches=true bytes=985769
picvec adaptive evaluated 3378 3520 702 298: baseline=PerceptualScore { mean_delta_e: 4.2444706, p90_delta_e: 12.390707, missing_edge_fraction: 0.76437527, combined: 9.159421 } refined=PerceptualScore { mean_delta_e: 1.202273, p90_delta_e: 2.362761, missing_edge_fraction: 0.3731085, combined: 2.6054528 } boundary_matches=true bytes=206346
picvec adaptive evaluated 87 904 680 676: baseline=PerceptualScore { mean_delta_e: 3.988487, p90_delta_e: 12.251256, missing_edge_fraction: 0.7287234, combined: 8.881493 } refined=PerceptualScore { mean_delta_e: 1.2851443, p90_delta_e: 1.8463461, missing_edge_fraction: 0.26010638, combined: 2.0971725 } boundary_matches=true bytes=327306
picvec adaptive evaluated 2561 909 698 671: baseline=PerceptualScore { mean_delta_e: 3.5617275, p90_delta_e: 10.737295, missing_edge_fraction: 0.82091916, combined: 8.360453 } refined=PerceptualScore { mean_delta_e: 1.3580734, p90_delta_e: 2.4116797, missing_edge_fraction: 0.38827258, combined: 2.7406228 } boundary_matches=true bytes=316653
picvec adaptive evaluated 1772 2551 585 739: baseline=PerceptualScore { mean_delta_e: 4.4521694, p90_delta_e: 13.229025, missing_edge_fraction: 0.7413027, combined: 9.518994 } refined=PerceptualScore { mean_delta_e: 1.4074782, p90_delta_e: 2.5253515, missing_edge_fraction: 0.35788304, combined: 2.717155 } boundary_matches=true bytes=488775
picvec adaptive evaluated 4188 4125 711 685: baseline=PerceptualScore { mean_delta_e: 3.6862636, p90_delta_e: 11.133297, missing_edge_fraction: 0.7260818, combined: 8.290383 } refined=PerceptualScore { mean_delta_e: 1.1980948, p90_delta_e: 2.2286277, missing_edge_fraction: 0.35371178, combined: 2.491729 } boundary_matches=true bytes=494333
picvec adaptive evaluated 912 4118 700 663: baseline=PerceptualScore { mean_delta_e: 4.1470256, p90_delta_e: 12.696511, missing_edge_fraction: 0.7225028, combined: 9.112274 } refined=PerceptualScore { mean_delta_e: 1.5053718, p90_delta_e: 2.9074721, missing_edge_fraction: 0.32154882, combined: 2.8050528 } boundary_matches=true bytes=576499
picvec adaptive evaluated 4205 2590 712 681: baseline=PerceptualScore { mean_delta_e: 3.8828988, p90_delta_e: 12.090997, missing_edge_fraction: 0.72072417, combined: 8.745875 } refined=PerceptualScore { mean_delta_e: 1.3017021, p90_delta_e: 2.2651129, missing_edge_fraction: 0.3170262, combined: 2.4428897 } boundary_matches=true bytes=371744
picvec adaptive evaluated 2548 1703 732 744: baseline=PerceptualScore { mean_delta_e: 4.272983, p90_delta_e: 12.721194, missing_edge_fraction: 0.7764858, combined: 9.340777 } refined=PerceptualScore { mean_delta_e: 1.368023, p90_delta_e: 2.6229095, missing_edge_fraction: 0.34237728, combined: 2.691906 } boundary_matches=true bytes=620875
picvec adaptive evaluated 4284 114 538 696: baseline=PerceptualScore { mean_delta_e: 3.2453806, p90_delta_e: 9.641666, missing_edge_fraction: 0.823, combined: 7.786088 } refined=PerceptualScore { mean_delta_e: 1.1870745, p90_delta_e: 2.091981, missing_edge_fraction: 0.346, combined: 2.408976 } boundary_matches=true bytes=376979
picvec adaptive evaluated 4267 3331 576 685: baseline=PerceptualScore { mean_delta_e: 3.5628836, p90_delta_e: 11.750437, missing_edge_fraction: 0.6698276, combined: 8.312956 } refined=PerceptualScore { mean_delta_e: 1.0924281, p90_delta_e: 2.1512218, missing_edge_fraction: 0.4362069, combined: 2.660702 } boundary_matches=true bytes=610747
picvec adaptive evaluated 3418 1685 609 784: baseline=PerceptualScore { mean_delta_e: 4.351947, p90_delta_e: 13.85738, missing_edge_fraction: 0.7931319, combined: 9.880724 } refined=PerceptualScore { mean_delta_e: 1.3813897, p90_delta_e: 2.945746, missing_edge_fraction: 0.4041209, combined: 3.0122862 } boundary_matches=true bytes=880764
picvec adaptive evaluated 2596 2538 601 782: baseline=PerceptualScore { mean_delta_e: 5.0865417, p90_delta_e: 14.652407, missing_edge_fraction: 0.7842865, combined: 10.502766 } refined=PerceptualScore { mean_delta_e: 1.9245104, p90_delta_e: 3.6627429, missing_edge_fraction: 0.3525819, combined: 3.3888724 } boundary_matches=true bytes=773013
picvec adaptive evaluated 2630 114 548 694: baseline=PerceptualScore { mean_delta_e: 3.1767497, p90_delta_e: 9.365011, missing_edge_fraction: 0.66973126, combined: 7.184736 } refined=PerceptualScore { mean_delta_e: 1.1754371, p90_delta_e: 1.8503406, missing_edge_fraction: 0.35219237, combined: 2.3256602 } boundary_matches=true bytes=264190
picvec adaptive evaluated 3403 912 685 668: baseline=PerceptualScore { mean_delta_e: 3.1897044, p90_delta_e: 9.524302, missing_edge_fraction: 0.74477863, combined: 7.4794235 } refined=PerceptualScore { mean_delta_e: 1.2092404, p90_delta_e: 2.0901978, missing_edge_fraction: 0.30075186, combined: 2.2824929 } boundary_matches=true bytes=356387
picvec adaptive evaluated 84 4089 690 725: baseline=PerceptualScore { mean_delta_e: 3.8221424, p90_delta_e: 10.867838, missing_edge_fraction: 0.7006117, combined: 8.168934 } refined=PerceptualScore { mean_delta_e: 1.3806785, p90_delta_e: 2.8112571, missing_edge_fraction: 0.32385752, combined: 2.7173808 } boundary_matches=true bytes=614735
picvec adaptive evaluated 881 1726 743 704: baseline=PerceptualScore { mean_delta_e: 3.7926443, p90_delta_e: 11.266157, missing_edge_fraction: 0.75666666, combined: 8.483152 } refined=PerceptualScore { mean_delta_e: 1.3709412, p90_delta_e: 2.6998894, missing_edge_fraction: 0.38060606, combined: 2.8386974 } boundary_matches=true bytes=690864
picvec adaptive evaluated 165 114 548 694: baseline=PerceptualScore { mean_delta_e: 3.088311, p90_delta_e: 9.4304085, missing_edge_fraction: 0.62247837, combined: 7.0293384 } refined=PerceptualScore { mean_delta_e: 0.8990537, p90_delta_e: 1.7352393, missing_edge_fraction: 0.31340057, combined: 2.0388715 } boundary_matches=true bytes=234899
picvec adaptive evaluated 995 3319 518 690: baseline=PerceptualScore { mean_delta_e: 3.2630596, p90_delta_e: 9.076787, missing_edge_fraction: 0.7469304, combined: 7.339883 } refined=PerceptualScore { mean_delta_e: 1.2830933, p90_delta_e: 1.6185126, missing_edge_fraction: 0.36630288, combined: 2.3237057 } boundary_matches=true bytes=331901
picvec adaptive evaluated 3463 114 553 694: baseline=PerceptualScore { mean_delta_e: 3.569568, p90_delta_e: 9.279533, missing_edge_fraction: 0.7567717, combined: 7.588434 } refined=PerceptualScore { mean_delta_e: 1.0160459, p90_delta_e: 1.8752949, missing_edge_fraction: 0.39800996, combined: 2.4013684 } boundary_matches=true bytes=303721
picvec adaptive evaluated 2539 4106 681 707: baseline=PerceptualScore { mean_delta_e: 3.4259088, p90_delta_e: 9.904074, missing_edge_fraction: 0.78804564, combined: 7.867425 } refined=PerceptualScore { mean_delta_e: 1.2273322, p90_delta_e: 2.1902995, missing_edge_fraction: 0.35666534, combined: 2.4984155 } boundary_matches=true bytes=510375
picvec adaptive evaluated 987 114 544 694: baseline=PerceptualScore { mean_delta_e: 3.0235484, p90_delta_e: 7.910226, missing_edge_fraction: 0.7413793, combined: 6.748825 } refined=PerceptualScore { mean_delta_e: 1.2376082, p90_delta_e: 2.2567863, missing_edge_fraction: 0.44043887, combined: 2.7809548 } boundary_matches=true bytes=259262
picvec adaptive evaluated 160 1686 558 760: baseline=PerceptualScore { mean_delta_e: 3.783501, p90_delta_e: 10.782241, missing_edge_fraction: 0.8159824, combined: 8.463419 } refined=PerceptualScore { mean_delta_e: 1.3155341, p90_delta_e: 2.5653124, missing_edge_fraction: 0.38929617, combined: 2.7860038 } boundary_matches=true bytes=607334
picvec adaptive evaluated 87 2584 680 689: baseline=PerceptualScore { mean_delta_e: 2.8735836, p90_delta_e: 8.46096, missing_edge_fraction: 0.7876683, combined: 7.0405016 } refined=PerceptualScore { mean_delta_e: 1.0308087, p90_delta_e: 2.0499508, missing_edge_fraction: 0.3260964, combined: 2.2621334 } boundary_matches=true bytes=402865
picvec adaptive evaluated 1807 114 550 694: baseline=PerceptualScore { mean_delta_e: 3.2021854, p90_delta_e: 7.6787443, missing_edge_fraction: 0.7649667, combined: 6.8073816 } refined=PerceptualScore { mean_delta_e: 1.4011103, p90_delta_e: 2.5084872, missing_edge_fraction: 0.37176645, combined: 2.749194 } boundary_matches=true bytes=230196
picvec adaptive evaluated 3393 4092 641 710: baseline=PerceptualScore { mean_delta_e: 3.1964686, p90_delta_e: 8.003596, missing_edge_fraction: 0.7984072, combined: 7.0350714 } refined=PerceptualScore { mean_delta_e: 1.2535073, p90_delta_e: 2.420066, missing_edge_fraction: 0.3031359, combined: 2.4415126 } boundary_matches=true bytes=377408
picvec adaptive evaluated 1755 4138 625 672: baseline=PerceptualScore { mean_delta_e: 2.6787884, p90_delta_e: 6.1758375, missing_edge_fraction: 0.7464366, combined: 5.9150996 } refined=PerceptualScore { mean_delta_e: 1.0395025, p90_delta_e: 2.2458925, missing_edge_fraction: 0.32333082, combined: 2.3361256 } boundary_matches=true bytes=194904
picvec adaptive evaluated 3383 2592 689 709: baseline=PerceptualScore { mean_delta_e: 3.1350896, p90_delta_e: 8.804575, missing_edge_fraction: 0.68324965, combined: 6.9823694 } refined=PerceptualScore { mean_delta_e: 1.0682371, p90_delta_e: 1.7432821, missing_edge_fraction: 0.2788681, combined: 2.0146239 } boundary_matches=true bytes=348900
picvec adaptive evaluated 927 910 677 670: baseline=PerceptualScore { mean_delta_e: 2.969327, p90_delta_e: 7.6357965, missing_edge_fraction: 0.70541334, combined: 6.506756 } refined=PerceptualScore { mean_delta_e: 1.0468855, p90_delta_e: 1.9492985, missing_edge_fraction: 0.29542592, combined: 2.1370957 } boundary_matches=true bytes=294068
picvec adaptive evaluated 2529 3392 717 540: baseline=PerceptualScore { mean_delta_e: 2.672192, p90_delta_e: 7.2697225, missing_edge_fraction: 0.7616, combined: 6.3951755 } refined=PerceptualScore { mean_delta_e: 0.9076316, p90_delta_e: 1.579038, missing_edge_fraction: 0.35306665, combined: 2.0992494 } boundary_matches=true bytes=383548
picvec adaptive evaluated 1749 3325 632 679: baseline=PerceptualScore { mean_delta_e: 2.4738684, p90_delta_e: 6.3624306, missing_edge_fraction: 0.8231899, combined: 6.127783 } refined=PerceptualScore { mean_delta_e: 1.0162457, p90_delta_e: 1.879786, missing_edge_fraction: 0.39559287, combined: 2.3960035 } boundary_matches=true bytes=383436
picvec adaptive evaluated 73 3325 690 672: baseline=PerceptualScore { mean_delta_e: 3.194566, p90_delta_e: 9.2425585, missing_edge_fraction: 0.7402773, combined: 7.35541 } refined=PerceptualScore { mean_delta_e: 1.174019, p90_delta_e: 2.3847897, missing_edge_fraction: 0.37707135, combined: 2.6134386 } boundary_matches=true bytes=739559
picvec adaptive evaluated 975 2552 564 716: baseline=PerceptualScore { mean_delta_e: 2.7736065, p90_delta_e: 7.428452, missing_edge_fraction: 0.716143, combined: 6.367933 } refined=PerceptualScore { mean_delta_e: 1.0733908, p90_delta_e: 1.9464643, missing_edge_fraction: 0.37919825, combined: 2.3992062 } boundary_matches=true bytes=403403
{
  "input_width": 5016,
  "input_height": 5016,
  "processing_width": 1414,
  "processing_height": 1414,
  "output": "/home/hidek/git/picvec/sample/output/cliparts-6x6.svg",
  "elapsed_seconds": 3246.489192226,
  "execution_threads": 4,
  "complexity": {
    "probe_width": 1024,
    "probe_height": 1024,
    "probe_region_count": 114186,
    "probe_region_density": 108896.26,
    "edge_density": 0.36541843,
    "normalized_region_density": 1.0,
    "normalized_edge_density": 1.0,
    "complexity": 1.0,
    "target_pixels": 2000000.0,
    "selected_dimension": 1414
  },
  "source_alpha": {
    "detected": false,
    "quantization_bits": 0,
    "mask_paths": 0,
    "removed_regions": 0
  },
  "chroma_key": {
    "enabled": true,
    "detected": true,
    "key_color": [
      1,
      255,
      0
    ],
    "border_coverage": 0.9237926,
    "removed_regions": 46
  },
  "adaptive_refinement": {
    "enabled": true,
    "source_scale": 3.5473833,
    "proposed_regions": 36,
    "candidate_regions": 36,
    "prefiltered_for_complexity": 0,
    "evaluated_regions": 36,
    "parallel_jobs": 4,
    "accepted_regions": 36,
    "rejected_for_quality": 0,
    "rejected_for_complexity": 0,
    "rejected_for_budget": 0,
    "baseline_mean_delta_e": 2.5045545,
    "refined_mean_delta_e": 0.9949002,
    "estimated_global_delta_e_reduction": 1.5096543,
    "added_svg_bytes": 16917135
  },
  "hierarchical_topology": {
    "nodes": 538721,
    "leaves": 386128,
    "unit_leaves": 239532,
    "represented_pixels": 1999396,
    "compression_ratio": 5.1780653
  },
  "edge_roles": {
    "skeleton_pixels": 123585,
    "edge_chain_count": 2860,
    "edge_chain_samples": 123376,
    "boundary_pixels": 9795,
    "ridge_role_pixels": 27139,
    "ridge_on_boundary_pixels": 83628,
    "unknown_pixels": 109,
    "visible_ridge_pixels": 6893,
    "visible_ridge_coverage_pixels": 16987,
    "dark_boundary_pixels": 161682,
    "shading_pixels": 2548,
    "face_barrier_pixels": 118775,
    "visible_ridge_graph_edges": 225,
    "visible_ridge_graph_edges_before_join": 240,
    "dark_boundary_graph_edges": 1481,
    "wide_dark_outline_graph_edges_before_join": 1644,
    "dark_boundary_candidates": 163,
    "dark_ridge_candidates": 1649,
    "dark_ridge_supported": 910,
    "profile_ridge_candidates": 1062,
    "profile_ridge_extensions": 974,
    "visible_ridge_graph_length": 4702.145,
    "visible_ridge_median_width": 2.0,
    "visible_ridge_width_weighted_length": 10553.274,
    "dark_boundary_graph_length": 43313.297,
    "dark_boundary_median_width": 2.0,
    "gradient_threshold": 1.0,
    "ridge_threshold": 0.65
  },
  "segmentation": {
    "graph_edges": 3995964,
    "coherent_domains": 2,
    "coherent_regions_removed": 5,
    "histogram_cells": 81633,
    "palette_colours": 2759,
    "initial_regions": 178489,
    "raw_regions": 18822,
    "corrected_regions": 12647,
    "regularized_regions": 6652,
    "merged_regions": 5847,
    "forced_small_region_merges": 1551716,
    "micro_region_merges": 6129,
    "micro_pixels_reassigned": 136243,
    "compatible_region_merges": 191802,
    "paint_aware_region_merge_proposals": 23,
    "paint_aware_region_merges": 23,
    "exact_paint_region_merges": 11,
    "source_supported_paint_merges": 30,
    "preserved_independent_materials": 5249,
    "antialias_pixels": 56500,
    "core_sampled_regions": 1365,
    "antialias_split_regions": 6181,
    "boundary_regularization_passes": 1,
    "boundary_regularization_moved_pixels": 4057,
    "boundary_regularization_source_edges": 98989,
    "thin_paint_examined": 4346,
    "thin_paint_protected": 417,
    "thin_paint_refined": 869,
    "thin_paint_preflight_rejected": 787,
    "thin_paint_reassigned_pixels": 6819,
    "thin_paint_removed_regions": 695,
    "adaptive_patch_candidate_faces": 161,
    "adaptive_patch_split_faces": 49,
    "adaptive_patch_added_regions": 94,
    "effective_minimum_area": 325,
    "local_minimum_area": 26,
    "local_median_area": 266,
    "local_maximum_area": 325
  },
  "structural": {
    "source_coverage_pixels": 189787,
    "source_line_pixels": 128442,
    "skeleton_pixels": 21621,
    "stroke_count": 1501,
    "underpainted_pixels": 23538,
    "antialias_unmixed_pixels": 6243,
    "silhouette_fill_count": 0,
    "residual_legacy_strokes": 576,
    "visible_ridge_strokes": 188,
    "boundary_profile_strokes": 490,
    "recovered_boundary_strokes": 5,
    "recovered_alpha_boundary_strokes": 0,
    "suppressed_ellipse_retraces": 14,
    "aligned_ellipse_strokes": 56
  },
  "ownership": {
    "structural_strokes": 1501,
    "paint_overlap": 0.3,
    "overlap_is_underpaint": false,
    "overlap_is_fill_geometry": true
  },
  "paint_order": {
    "line_regions": 44,
    "proposed_constraints": 438,
    "conflicting_constraints": 349,
    "changed_ranks": 1265,
    "accepted": true,
    "source_error_increase": -0.0005222801,
    "rejection": null
  },
  "gradients": {
    "solid_regions": 4038,
    "linear_regions": 1121,
    "radial_regions": 636,
    "layered_regions": 52,
    "overlay_layers": 109,
    "fitted_direction_linear_regions": 828,
    "fitted_focus_radial_regions": 522,
    "coupled_linear_regions": 17,
    "source_supported_paint_merges": 30,
    "source_supported_boundary_edges_removed": 871,
    "maximum_stops": 5,
    "primary_gate_active": false,
    "primary_solid_regions": 0,
    "provable_solid_regions": 3231,
    "gain_bound_solid_regions": 3198,
    "low_range_solid_regions": 33,
    "gradient_model_search_regions": 2593,
    "coherent_field_regions": 64,
    "full_fit_regions": 5824
  },
  "geometry": {
    "regions": 5847,
    "loops": 7157,
    "empty_regions": 0,
    "empty_region_pixels": 0,
    "largest_empty_region": 0,
    "source_boundary_edges": 562520,
    "shared_boundary_edges": 278432,
    "simplified_vertices": 60472,
    "cubic_segments": 51558,
    "line_segments": 2720,
    "rectangles": 0,
    "circles": 0,
    "ellipses": 0,
    "covered_holes_removed": 404,
    "shared_loop_fallbacks": 0,
    "shared_loop_missing_edges": 0,
    "shared_loop_discontinuities": 0,
    "shared_loop_invalid_areas": 0,
    "adaptive_optimal_polygons": 1572,
    "continuity_faired_masters": 11818,
    "fitted_ellipse_contours": 115,
    "fitted_bezier_contours": 115,
    "regularized_corner_excursions": 7,
    "regularized_corner_vertices": 173,
    "shared_curve_downgrades": 3
  },
  "optimization": {
    "input_regions": 5847,
    "primitive_regions": 0,
    "path_regions": 5847,
    "shared_gradient_regions": 2
  },
  "svg": {
    "objects": 29282,
    "path_subpaths": 30722,
    "path_elements": 27515,
    "rect_elements": 21,
    "circle_elements": 1,
    "ellipse_elements": 0,
    "line_elements": 1745,
    "linear_gradients": 8869,
    "radial_gradients": 6446,
    "structural_strokes": 2870,
    "structural_color_patches": 7,
    "gradient_stops": 57524,
    "linear_cubics_to_lines": 4708,
    "redundant_segments_removed": 14182,
    "arc_segments": 21282,
    "merged_arc_segments": 30,
    "paint_paths_merged": 111,
    "paint_batches": 72,
    "alpha_mask_paths": 0,
    "outline_bands": 70,
    "outline_color_patches": 359,
    "outline_paint_regions_removed": 74,
    "outline_structural_strokes_removed": 118,
    "invisible_elements_removed": 507,
    "invisible_strokes_removed": 0,
    "bytes": 22110137
  }
}
wrote /home/hidek/git/picvec/sample/output/cliparts-6x6.svg (1414x1414, 29282 objects, 30722 subpaths, 3246.489s)
