picvec stage load-resize: 0.050s (total 0.050s)
picvec stage edge-roles: 1.448s (total 1.499s)
picvec stage structural-analysis: 0.314s (total 1.812s)
picvec stage perceptual-smoothing: 0.603s (total 2.415s)
picvec segmentation substage setup: 0.018s
picvec segmentation substage palette: 0.050s (200 histogram cells, 38 colours)
picvec segmentation substage initial-components: 0.033s
picvec segmentation substage small-components: 0.191s
picvec segmentation substage compact: 0.020s
picvec segmentation substage antialias: 0.276s
picvec segmentation substage finalize: 0.042s (total 0.630s)
picvec stage segmentation: 0.854s (total 3.270s)
picvec stage boundary-regularization: 0.154s (total 3.423s)
picvec stage paint-aware-merge: 0.241s (total 3.665s)
picvec stage thin-paint-ownership: 0.204s (total 3.869s)
picvec stage paint-topology-preservation: 1.213s (total 5.082s)
picvec paint substage setup: 0.021s
picvec paint substage initial: 0.569s (primary solid 0, gain-bound solid 213, low-range solid 62, model search 600)
picvec paint substage harmonize: 0.697s
picvec paint substage couple: 0.049s
picvec stage paint-fitting: 1.391s (total 6.473s)
picvec layered merge candidates: considered 1927, evidence 1585, seam 185, layered 14, nonfinite 0, face 79, combined 52, accepted 26
picvec stage source-supported-paint-merge: 2.094s (total 8.567s)
picvec stage exact-paint-merge: 0.019s (total 8.586s)
picvec stage layered-paint-simplification: 0.453s (total 9.040s)
picvec stage residual-shape-refinement: 0.133s (total 9.172s)
picvec stage interior-shading: 0.694s (total 9.866s)
picvec stage face-alpha: 0.097s (total 9.964s)
picvec stage hierarchical-topology: 0.003s (total 9.967s)
picvec stage shared-geometry: 4.847s (total 14.814s)
picvec stage paint-preview: 0.076s (total 14.890s)
picvec structural substage ownership: 0.974s
picvec structural substage outline-proposals: 0.000s
picvec structural substage outline-validation: 0.000s
picvec structural substage colour-patches: 0.000s
picvec stage structural-selection: 0.974s (total 15.864s)
picvec stage paint-order-validation: 0.588s (total 16.452s)
picvec stage covered-hole-simplification: 0.577s (total 17.029s)
picvec stage final-svg: 0.167s (total 17.196s)
{
  "input_width": 1058,
  "input_height": 1058,
  "processing_width": 1058,
  "processing_height": 1058,
  "output": "/tmp/picvec-generic-speed/comparison/08-after/wikipedia_logo_1_0.svg",
  "elapsed_seconds": 17.285840809,
  "execution_threads": 10,
  "complexity": {
    "probe_width": 0,
    "probe_height": 0,
    "probe_region_count": 0,
    "probe_region_density": 0.0,
    "edge_density": 0.0,
    "normalized_region_density": 0.0,
    "normalized_edge_density": 0.0,
    "complexity": 0.0,
    "target_pixels": 1200000.0,
    "selected_dimension": 1058
  },
  "source_alpha": {
    "detected": true,
    "temporary_backing_color": [
      0,
      0,
      255
    ],
    "quantization_bits": 8,
    "mask_paths": 0,
    "removed_regions": 409
  },
  "chroma_key": {
    "enabled": false,
    "detected": false,
    "border_coverage": 0.0,
    "removed_regions": 0
  },
  "adaptive_refinement": {
    "enabled": true,
    "source_scale": 1.0,
    "proposed_regions": 0,
    "candidate_regions": 0,
    "prefiltered_for_complexity": 0,
    "evaluated_regions": 0,
    "parallel_jobs": 0,
    "accepted_regions": 0,
    "rejected_for_quality": 0,
    "rejected_for_complexity": 0,
    "rejected_for_budget": 0,
    "baseline_mean_delta_e": 0.0,
    "refined_mean_delta_e": 0.0,
    "estimated_global_delta_e_reduction": 0.0,
    "added_svg_bytes": 0
  },
  "hierarchical_topology": {
    "nodes": 257903,
    "leaves": 191838,
    "unit_leaves": 125466,
    "represented_pixels": 1119364,
    "compression_ratio": 5.8349442
  },
  "edge_roles": {
    "skeleton_pixels": 62390,
    "edge_chain_count": 1524,
    "edge_chain_samples": 62863,
    "boundary_pixels": 17301,
    "ridge_role_pixels": 22222,
    "ridge_on_boundary_pixels": 13861,
    "unknown_pixels": 644,
    "visible_ridge_pixels": 7459,
    "visible_ridge_coverage_pixels": 17688,
    "dark_boundary_pixels": 16373,
    "shading_pixels": 8743,
    "face_barrier_pixels": 32262,
    "visible_ridge_graph_edges": 150,
    "visible_ridge_graph_edges_before_join": 192,
    "dark_boundary_graph_edges": 190,
    "wide_dark_outline_graph_edges_before_join": 83,
    "dark_boundary_candidates": 125,
    "dark_ridge_candidates": 497,
    "dark_ridge_supported": 163,
    "profile_ridge_candidates": 226,
    "profile_ridge_extensions": 112,
    "visible_ridge_graph_length": 5173.8936,
    "visible_ridge_median_width": 2.0,
    "visible_ridge_width_weighted_length": 11538.531,
    "dark_boundary_graph_length": 5556.264,
    "dark_boundary_median_width": 1.2,
    "gradient_threshold": 1.0,
    "ridge_threshold": 0.65
  },
  "segmentation": {
    "graph_edges": 2236612,
    "coherent_domains": 1,
    "coherent_regions_removed": 3,
    "histogram_cells": 200,
    "palette_colours": 38,
    "initial_regions": 60942,
    "raw_regions": 4709,
    "corrected_regions": 1923,
    "regularized_regions": 854,
    "merged_regions": 1251,
    "forced_small_region_merges": 311431,
    "micro_region_merges": 1081,
    "micro_pixels_reassigned": 55636,
    "compatible_region_merges": 50232,
    "paint_aware_region_merge_proposals": 9,
    "paint_aware_region_merges": 9,
    "exact_paint_region_merges": 12,
    "source_supported_paint_merges": 26,
    "preserved_independent_materials": 773,
    "antialias_pixels": 72536,
    "core_sampled_regions": 586,
    "antialias_split_regions": 2791,
    "boundary_regularization_passes": 1,
    "boundary_regularization_moved_pixels": 6713,
    "boundary_regularization_source_edges": 38705,
    "thin_paint_examined": 497,
    "thin_paint_protected": 48,
    "thin_paint_refined": 145,
    "thin_paint_preflight_rejected": 49,
    "thin_paint_reassigned_pixels": 403,
    "thin_paint_removed_regions": 7,
    "adaptive_patch_candidate_faces": 107,
    "adaptive_patch_split_faces": 33,
    "adaptive_patch_added_regions": 100,
    "effective_minimum_area": 182,
    "local_minimum_area": 25,
    "local_median_area": 182,
    "local_maximum_area": 182
  },
  "structural": {
    "source_coverage_pixels": 24444,
    "source_line_pixels": 41194,
    "skeleton_pixels": 1380,
    "stroke_count": 1160,
    "underpainted_pixels": 15918,
    "antialias_unmixed_pixels": 4950,
    "silhouette_fill_count": 0,
    "residual_legacy_strokes": 13,
    "visible_ridge_strokes": 87,
    "boundary_profile_strokes": 8,
    "recovered_boundary_strokes": 0,
    "recovered_alpha_boundary_strokes": 592,
    "suppressed_ellipse_retraces": 0,
    "aligned_ellipse_strokes": 0
  },
  "ownership": {
    "structural_strokes": 1160,
    "paint_overlap": 0.3,
    "overlap_is_underpaint": false,
    "overlap_is_fill_geometry": true
  },
  "paint_order": {
    "line_regions": 17,
    "proposed_constraints": 145,
    "conflicting_constraints": 103,
    "changed_ranks": 8,
    "accepted": false,
    "source_error_increase": 0.0,
    "rejection": "interior changed at 4x"
  },
  "gradients": {
    "solid_regions": 405,
    "linear_regions": 577,
    "radial_regions": 259,
    "layered_regions": 10,
    "overlay_layers": 15,
    "fitted_direction_linear_regions": 452,
    "fitted_focus_radial_regions": 220,
    "coupled_linear_regions": 15,
    "source_supported_paint_merges": 26,
    "source_supported_boundary_edges_removed": 1883,
    "maximum_stops": 5,
    "primary_gate_active": false,
    "primary_solid_regions": 0,
    "provable_solid_regions": 275,
    "gain_bound_solid_regions": 213,
    "low_range_solid_regions": 62,
    "gradient_model_search_regions": 600,
    "coherent_field_regions": 48,
    "full_fit_regions": 875
  },
  "geometry": {
    "regions": 1251,
    "loops": 2652,
    "empty_regions": 0,
    "empty_region_pixels": 0,
    "largest_empty_region": 0,
    "source_boundary_edges": 270738,
    "shared_boundary_edges": 133253,
    "simplified_vertices": 26084,
    "cubic_segments": 16375,
    "line_segments": 1876,
    "rectangles": 0,
    "circles": 0,
    "ellipses": 0,
    "covered_holes_removed": 71,
    "shared_loop_fallbacks": 0,
    "shared_loop_missing_edges": 0,
    "shared_loop_discontinuities": 0,
    "shared_loop_invalid_areas": 0,
    "adaptive_optimal_polygons": 597,
    "continuity_faired_masters": 2490,
    "fitted_ellipse_contours": 2,
    "fitted_bezier_contours": 11,
    "regularized_corner_excursions": 2,
    "regularized_corner_vertices": 36,
    "shared_curve_downgrades": 2
  },
  "optimization": {
    "input_regions": 1251,
    "primitive_regions": 0,
    "path_regions": 1251,
    "shared_gradient_regions": 284
  },
  "svg": {
    "objects": 1917,
    "path_subpaths": 2623,
    "path_elements": 1677,
    "rect_elements": 0,
    "circle_elements": 0,
    "ellipse_elements": 0,
    "line_elements": 240,
    "linear_gradients": 359,
    "radial_gradients": 213,
    "structural_strokes": 1133,
    "structural_color_patches": 0,
    "gradient_stops": 2048,
    "linear_cubics_to_lines": 310,
    "redundant_segments_removed": 2651,
    "arc_segments": 1121,
    "merged_arc_segments": 0,
    "paint_paths_merged": 3,
    "paint_batches": 3,
    "alpha_mask_paths": 0,
    "outline_bands": 0,
    "outline_color_patches": 0,
    "outline_paint_regions_removed": 0,
    "outline_structural_strokes_removed": 0,
    "invisible_elements_removed": 93,
    "invisible_strokes_removed": 0,
    "bytes": 1250198
  }
}
wrote /tmp/picvec-generic-speed/comparison/08-after/wikipedia_logo_1_0.svg (1058x1058, 1917 objects, 2623 subpaths, 17.286s)
