   Compiling picvec v0.2.0 (/home/hidek/git/picvec)
    Finished `release` profile [optimized] target(s) in 1m 21s
picvec stage load-resize: 0.003s (total 0.003s)
picvec stage edge-roles: 3.026s (total 3.029s)
picvec stage structural-analysis: 0.169s (total 3.198s)
picvec stage perceptual-smoothing: 0.423s (total 3.622s)
picvec segmentation substage setup: 0.017s
picvec segmentation substage palette: 0.040s (201 histogram cells, 43 colours)
picvec segmentation substage initial-components: 0.015s
picvec segmentation substage small-components: 0.121s
picvec segmentation substage compact: 0.009s
picvec segmentation substage antialias: 0.121s
picvec segmentation substage finalize: 0.036s (total 0.360s)
picvec stage segmentation: 1.235s (total 4.857s)
picvec stage boundary-regularization: 0.125s (total 4.981s)
picvec stage paint-aware-merge: 10.165s (total 15.146s)
picvec stage thin-paint-ownership: 0.663s (total 15.809s)
picvec stage paint-topology-preservation: 1.551s (total 17.360s)
picvec paint substage setup: 0.017s
picvec paint substage initial: 0.143s (primary solid 0, gain-bound solid 2534, low-range solid 1, model search 409)
picvec paint substage harmonize: 0.001s
picvec paint substage couple: 0.000s
picvec stage paint-fitting: 0.191s (total 17.551s)
picvec layered merge candidates: considered 3502, evidence 3490, seam 12, layered 0, nonfinite 0, face 0, combined 0, accepted 0
picvec stage source-supported-paint-merge: 0.006s (total 17.557s)
picvec stage exact-paint-merge: 0.016s (total 17.573s)
picvec stage layered-paint-simplification: 0.054s (total 17.627s)
picvec stage residual-shape-refinement: 0.003s (total 17.629s)
picvec stage interior-shading: 0.098s (total 17.727s)
picvec stage face-alpha: 0.000s (total 17.727s)
picvec stage hierarchical-topology: 0.002s (total 17.729s)
picvec stage shared-geometry: 2.989s (total 20.718s)
picvec stage paint-preview: 0.063s (total 20.780s)
picvec stage structural-selection: 2.381s (total 23.162s)
picvec stage covered-hole-simplification: 3.420s (total 26.581s)
picvec stage final-svg: 1.705s (total 28.287s)
picvec adaptive candidate 0 0 5770 2058: error=7.8028 model_cost=1.7365 priority=5.9213
