   Compiling picvec v0.2.0 (/home/hidek/git/picvec)
    Finished `release` profile [optimized] target(s) in 1m 19s
picvec stage load-resize: 0.022s (total 0.022s)
picvec stage edge-roles: 0.595s (total 0.617s)
picvec stage structural-analysis: 0.277s (total 0.894s)
picvec stage perceptual-smoothing: 0.240s (total 1.135s)
picvec segmentation substage setup: 0.008s
picvec segmentation substage palette: 0.025s (2405 histogram cells, 286 colours)
picvec segmentation substage initial-components: 0.007s
picvec segmentation substage small-components: 0.020s
picvec segmentation substage compact: 0.004s
picvec segmentation substage antialias: 0.052s
picvec segmentation substage finalize: 0.016s (total 0.132s)
picvec stage segmentation: 0.163s (total 1.298s)
picvec stage boundary-regularization: 0.065s (total 1.363s)
picvec stage paint-aware-merge: 0.030s (total 1.393s)
picvec stage thin-paint-ownership: 0.027s (total 1.420s)
picvec stage paint-topology-preservation: 0.396s (total 1.816s)
picvec paint substage setup: 0.007s
picvec paint substage initial: 0.004s (primary solid 0, gain-bound solid 61, low-range solid 5, model search 0)
picvec paint substage harmonize: 0.000s
picvec paint substage couple: 0.000s
picvec stage paint-fitting: 0.021s (total 1.837s)
picvec layered merge candidates: considered 97, evidence 97, seam 0, layered 0, nonfinite 0, face 0, combined 0, accepted 0
picvec stage source-supported-paint-merge: 0.002s (total 1.839s)
picvec stage exact-paint-merge: 0.002s (total 1.841s)
picvec stage layered-paint-simplification: 0.001s (total 1.841s)
picvec stage residual-shape-refinement: 0.000s (total 1.842s)
picvec stage interior-shading: 0.080s (total 1.922s)
picvec stage face-alpha: 0.030s (total 1.952s)
picvec stage hierarchical-topology: 0.001s (total 1.953s)
picvec stage shared-geometry: 3.169s (total 5.122s)
picvec stage paint-preview: 0.009s (total 5.131s)
picvec stage structural-selection: 0.051s (total 5.182s)
picvec stage paint-order-validation: 1.793s (total 6.975s)
picvec stage covered-hole-simplification: 0.114s (total 7.089s)
picvec stage final-svg: 0.015s (total 7.104s)
{
  "input_width": 800,
  "input_height": 744,
  "processing_width": 800,
  "processing_height": 744,
  "output": "/home/hidek/git/picvec/sample/output/.regenerate-1trDQh/boy_and_turtle.svg",
  "elapsed_seconds": 7.14658219,
  "execution_threads": 4,
  "complexity": {
    "probe_width": 0,
    "probe_height": 0,
    "probe_region_count": 0,
    "probe_region_density": 0.0,
    "edge_density": 0.0,
    "normalized_region_density": 0.0,
    "normalized_edge_density": 0.0,
    "complexity": 0.0,
    "target_pixels": 1200000.0,
    "selected_dimension": 800
  },
  "source_alpha": {
    "detected": true,
    "temporary_backing_color": [
      255,
      0,
      255
    ],
    "quantization_bits": 8,
    "mask_paths": 0,
    "removed_regions": 1
  },
  "chroma_key": {
    "enabled": false,
    "detected": false,
    "border_coverage": 0.0,
    "removed_regions": 0
  },
  "adaptive_refinement": {
    "enabled": true,
    "source_scale": 1.0,
    "proposed_regions": 0,
    "candidate_regions": 0,
    "prefiltered_for_complexity": 0,
    "evaluated_regions": 0,
    "parallel_jobs": 0,
    "accepted_regions": 0,
    "rejected_for_quality": 0,
    "rejected_for_complexity": 0,
    "rejected_for_budget": 0,
    "baseline_mean_delta_e": 0.0,
    "refined_mean_delta_e": 0.0,
    "estimated_global_delta_e_reduction": 0.0,
    "added_svg_bytes": 0
  },
  "hierarchical_topology": {
    "nodes": 59761,
    "leaves": 43465,
    "unit_leaves": 22023,
    "represented_pixels": 595200,
    "compression_ratio": 13.693776
  },
  "edge_roles": {
    "skeleton_pixels": 14739,
    "edge_chain_count": 130,
    "edge_chain_samples": 14750,
    "boundary_pixels": 4551,
    "ridge_role_pixels": 1558,
    "ridge_on_boundary_pixels": 8393,
    "unknown_pixels": 1,
    "visible_ridge_pixels": 14,
    "visible_ridge_coverage_pixels": 29,
    "dark_boundary_pixels": 12110,
    "shading_pixels": 236,
    "face_barrier_pixels": 13234,
    "visible_ridge_graph_edges": 1,
    "visible_ridge_graph_edges_before_join": 1,
    "dark_boundary_graph_edges": 157,
    "wide_dark_outline_graph_edges_before_join": 16,
    "dark_boundary_candidates": 143,
    "dark_ridge_candidates": 65,
    "dark_ridge_supported": 17,
    "profile_ridge_candidates": 0,
    "profile_ridge_extensions": 0,
    "visible_ridge_graph_length": 7.0822563,
    "visible_ridge_median_width": 2.0,
    "visible_ridge_width_weighted_length": 14.164513,
    "dark_boundary_graph_length": 4417.539,
    "dark_boundary_median_width": 1.2,
    "gradient_threshold": 1.0,
    "ridge_threshold": 0.65
  },
  "segmentation": {
    "graph_edges": 1188856,
    "coherent_domains": 0,
    "coherent_regions_removed": 0,
    "histogram_cells": 2405,
    "palette_colours": 286,
    "initial_regions": 16263,
    "raw_regions": 1233,
    "corrected_regions": 92,
    "regularized_regions": 82,
    "merged_regions": 83,
    "forced_small_region_merges": 23858,
    "micro_region_merges": 10,
    "micro_pixels_reassigned": 18,
    "compatible_region_merges": 15662,
    "paint_aware_region_merge_proposals": 0,
    "paint_aware_region_merges": 0,
    "exact_paint_region_merges": 0,
    "source_supported_paint_merges": 0,
    "preserved_independent_materials": 13,
    "antialias_pixels": 13824,
    "core_sampled_regions": 78,
    "antialias_split_regions": 1141,
    "boundary_regularization_passes": 1,
    "boundary_regularization_moved_pixels": 6,
    "boundary_regularization_source_edges": 8223,
    "thin_paint_examined": 6,
    "thin_paint_protected": 0,
    "thin_paint_refined": 1,
    "thin_paint_preflight_rejected": 0,
    "thin_paint_reassigned_pixels": 1,
    "thin_paint_removed_regions": 0,
    "adaptive_patch_candidate_faces": 0,
    "adaptive_patch_split_faces": 0,
    "adaptive_patch_added_regions": 0,
    "effective_minimum_area": 104,
    "local_minimum_area": 41,
    "local_median_area": 104,
    "local_maximum_area": 104
  },
  "structural": {
    "source_coverage_pixels": 12145,
    "source_line_pixels": 379283,
    "skeleton_pixels": 0,
    "stroke_count": 2,
    "underpainted_pixels": 29,
    "antialias_unmixed_pixels": 0,
    "silhouette_fill_count": 0,
    "residual_legacy_strokes": 0,
    "visible_ridge_strokes": 1,
    "boundary_profile_strokes": 1,
    "recovered_boundary_strokes": 0,
    "recovered_alpha_boundary_strokes": 0,
    "suppressed_ellipse_retraces": 0,
    "aligned_ellipse_strokes": 0
  },
  "ownership": {
    "structural_strokes": 2,
    "paint_overlap": 0.3,
    "overlap_is_underpaint": false,
    "overlap_is_fill_geometry": true
  },
  "paint_order": {
    "line_regions": 1,
    "proposed_constraints": 56,
    "conflicting_constraints": 0,
    "changed_ranks": 76,
    "accepted": true,
    "source_error_increase": -0.0008017078,
    "rejection": null
  },
  "gradients": {
    "solid_regions": 68,
    "linear_regions": 15,
    "radial_regions": 0,
    "layered_regions": 0,
    "overlay_layers": 0,
    "fitted_direction_linear_regions": 15,
    "fitted_focus_radial_regions": 0,
    "coupled_linear_regions": 0,
    "source_supported_paint_merges": 0,
    "source_supported_boundary_edges_removed": 0,
    "maximum_stops": 2,
    "primary_gate_active": false,
    "primary_solid_regions": 0,
    "provable_solid_regions": 66,
    "gain_bound_solid_regions": 61,
    "low_range_solid_regions": 5,
    "gradient_model_search_regions": 0,
    "coherent_field_regions": 16,
    "full_fit_regions": 66
  },
  "geometry": {
    "regions": 83,
    "loops": 151,
    "empty_regions": 0,
    "empty_region_pixels": 0,
    "largest_empty_region": 0,
    "source_boundary_edges": 53200,
    "shared_boundary_edges": 25056,
    "simplified_vertices": 13344,
    "cubic_segments": 1880,
    "line_segments": 36,
    "rectangles": 0,
    "circles": 0,
    "ellipses": 0,
    "covered_holes_removed": 17,
    "shared_loop_fallbacks": 0,
    "shared_loop_missing_edges": 0,
    "shared_loop_discontinuities": 0,
    "shared_loop_invalid_areas": 0,
    "adaptive_optimal_polygons": 15,
    "continuity_faired_masters": 227,
    "fitted_ellipse_contours": 7,
    "fitted_bezier_contours": 17,
    "regularized_corner_excursions": 0,
    "regularized_corner_vertices": 0,
    "shared_curve_downgrades": 0
  },
  "optimization": {
    "input_regions": 83,
    "primitive_regions": 0,
    "path_regions": 83,
    "shared_gradient_regions": 0
  },
  "svg": {
    "objects": 80,
    "path_subpaths": 128,
    "path_elements": 78,
    "rect_elements": 0,
    "circle_elements": 0,
    "ellipse_elements": 0,
    "line_elements": 2,
    "linear_gradients": 15,
    "radial_gradients": 0,
    "structural_strokes": 2,
    "structural_color_patches": 0,
    "gradient_stops": 30,
    "linear_cubics_to_lines": 5,
    "redundant_segments_removed": 8,
    "arc_segments": 111,
    "merged_arc_segments": 1,
    "paint_paths_merged": 3,
    "paint_batches": 3,
    "alpha_mask_paths": 0,
    "outline_bands": 0,
    "outline_color_patches": 0,
    "outline_paint_regions_removed": 0,
    "outline_structural_strokes_removed": 0,
    "invisible_elements_removed": 1,
    "invisible_strokes_removed": 0,
    "bytes": 98003
  }
}
wrote /home/hidek/git/picvec/sample/output/.regenerate-1trDQh/boy_and_turtle.svg (800x744, 80 objects, 128 subpaths, 7.147s)
picvec stage load-resize: 0.006s (total 0.006s)
picvec stage edge-roles: 2.595s (total 2.600s)
picvec stage structural-analysis: 0.465s (total 3.065s)
picvec stage perceptual-smoothing: 0.670s (total 3.736s)
picvec segmentation substage setup: 0.031s
picvec segmentation substage palette: 0.071s (12208 histogram cells, 386 colours)
picvec segmentation substage initial-components: 0.028s
picvec segmentation substage small-components: 0.250s
picvec segmentation substage compact: 0.020s
picvec segmentation substage antialias: 0.229s
picvec segmentation substage finalize: 0.071s (total 0.700s)
picvec stage segmentation: 1.061s (total 4.797s)
picvec stage boundary-regularization: 0.227s (total 5.024s)
picvec stage paint-aware-merge: 1.212s (total 6.236s)
picvec stage thin-paint-ownership: 0.152s (total 6.388s)
picvec stage paint-topology-preservation: 2.779s (total 9.167s)
picvec paint substage setup: 0.032s
picvec paint substage initial: 1.034s (primary solid 0, gain-bound solid 200, low-range solid 17, model search 501)
picvec paint substage harmonize: 1.774s
picvec paint substage couple: 0.071s
picvec stage paint-fitting: 2.960s (total 12.127s)
picvec layered merge candidates: considered 1913, evidence 1626, seam 34, layered 54, nonfinite 0, face 119, combined 86, accepted 48
picvec stage source-supported-paint-merge: 6.574s (total 18.701s)
picvec stage exact-paint-merge: 0.028s (total 18.728s)
picvec stage layered-paint-simplification: 1.263s (total 19.991s)
picvec stage residual-shape-refinement: 0.163s (total 20.154s)
picvec stage interior-shading: 5.867s (total 26.021s)
picvec stage face-alpha: 0.005s (total 26.026s)
picvec stage hierarchical-topology: 0.003s (total 26.029s)
picvec stage shared-geometry: 10.336s (total 36.364s)
picvec stage paint-preview: 0.045s (total 36.409s)
picvec stage structural-selection: 1.483s (total 37.892s)
picvec stage paint-order-validation: 1.777s (total 39.669s)
picvec stage covered-hole-simplification: 0.792s (total 40.461s)
picvec stage final-svg: 2.335s (total 42.796s)
{
  "input_width": 1254,
  "input_height": 1254,
  "processing_width": 1254,
  "processing_height": 1254,
  "output": "/home/hidek/git/picvec/sample/output/.regenerate-1trDQh/car.svg",
  "elapsed_seconds": 42.955612262,
  "execution_threads": 4,
  "complexity": {
    "probe_width": 1024,
    "probe_height": 1024,
    "probe_region_count": 47420,
    "probe_region_density": 45223.234,
    "edge_density": 0.10312939,
    "normalized_region_density": 0.7537206,
    "normalized_edge_density": 0.572941,
    "complexity": 0.6904477,
    "target_pixels": 1752358.1,
    "selected_dimension": 1254
  },
  "source_alpha": {
    "detected": false,
    "quantization_bits": 0,
    "mask_paths": 0,
    "removed_regions": 0
  },
  "chroma_key": {
    "enabled": false,
    "detected": false,
    "border_coverage": 0.0,
    "removed_regions": 0
  },
  "adaptive_refinement": {
    "enabled": true,
    "source_scale": 1.0,
    "proposed_regions": 0,
    "candidate_regions": 0,
    "prefiltered_for_complexity": 0,
    "evaluated_regions": 0,
    "parallel_jobs": 0,
    "accepted_regions": 0,
    "rejected_for_quality": 0,
    "rejected_for_complexity": 0,
    "rejected_for_budget": 0,
    "baseline_mean_delta_e": 0.0,
    "refined_mean_delta_e": 0.0,
    "estimated_global_delta_e_reduction": 0.0,
    "added_svg_bytes": 0
  },
  "hierarchical_topology": {
    "nodes": 159007,
    "leaves": 114864,
    "unit_leaves": 65090,
    "represented_pixels": 1572516,
    "compression_ratio": 13.690243
  },
  "edge_roles": {
    "skeleton_pixels": 25011,
    "edge_chain_count": 717,
    "edge_chain_samples": 25299,
    "boundary_pixels": 6906,
    "ridge_role_pixels": 4061,
    "ridge_on_boundary_pixels": 11084,
    "unknown_pixels": 1030,
    "visible_ridge_pixels": 3114,
    "visible_ridge_coverage_pixels": 6241,
    "dark_boundary_pixels": 27073,
    "shading_pixels": 2191,
    "face_barrier_pixels": 19598,
    "visible_ridge_graph_edges": 58,
    "visible_ridge_graph_edges_before_join": 77,
    "dark_boundary_graph_edges": 257,
    "wide_dark_outline_graph_edges_before_join": 157,
    "dark_boundary_candidates": 195,
    "dark_ridge_candidates": 319,
    "dark_ridge_supported": 87,
    "profile_ridge_candidates": 240,
    "profile_ridge_extensions": 147,
    "visible_ridge_graph_length": 2148.5603,
    "visible_ridge_median_width": 1.751731,
    "visible_ridge_width_weighted_length": 3816.32,
    "dark_boundary_graph_length": 8141.762,
    "dark_boundary_median_width": 1.2,
    "gradient_threshold": 0.43718946,
    "ridge_threshold": 0.65
  },
  "segmentation": {
    "graph_edges": 3142524,
    "coherent_domains": 5,
    "coherent_regions_removed": 10,
    "histogram_cells": 12208,
    "palette_colours": 386,
    "initial_regions": 56781,
    "raw_regions": 4399,
    "corrected_regions": 2398,
    "regularized_regions": 699,
    "merged_regions": 690,
    "forced_small_region_merges": 282808,
    "micro_region_merges": 1706,
    "micro_pixels_reassigned": 61786,
    "compatible_region_merges": 56186,
    "paint_aware_region_merge_proposals": 20,
    "paint_aware_region_merges": 20,
    "exact_paint_region_merges": 17,
    "source_supported_paint_merges": 48,
    "preserved_independent_materials": 941,
    "antialias_pixels": 26993,
    "core_sampled_regions": 427,
    "antialias_split_regions": 2002,
    "boundary_regularization_passes": 1,
    "boundary_regularization_moved_pixels": 2022,
    "boundary_regularization_source_edges": 44347,
    "thin_paint_examined": 385,
    "thin_paint_protected": 87,
    "thin_paint_refined": 57,
    "thin_paint_preflight_rejected": 52,
    "thin_paint_reassigned_pixels": 240,
    "thin_paint_removed_regions": 26,
    "adaptive_patch_candidate_faces": 140,
    "adaptive_patch_split_faces": 57,
    "adaptive_patch_added_regions": 120,
    "effective_minimum_area": 256,
    "local_minimum_area": 65,
    "local_median_area": 256,
    "local_maximum_area": 256
  },
  "structural": {
    "source_coverage_pixels": 35524,
    "source_line_pixels": 75248,
    "skeleton_pixels": 3085,
    "stroke_count": 129,
    "underpainted_pixels": 9027,
    "antialias_unmixed_pixels": 2909,
    "silhouette_fill_count": 0,
    "residual_legacy_strokes": 36,
    "visible_ridge_strokes": 20,
    "boundary_profile_strokes": 73,
    "recovered_boundary_strokes": 0,
    "recovered_alpha_boundary_strokes": 0,
    "suppressed_ellipse_retraces": 0,
    "aligned_ellipse_strokes": 1
  },
  "ownership": {
    "structural_strokes": 129,
    "paint_overlap": 0.3,
    "overlap_is_underpaint": false,
    "overlap_is_fill_geometry": true
  },
  "paint_order": {
    "line_regions": 19,
    "proposed_constraints": 108,
    "conflicting_constraints": 0,
    "changed_ranks": 608,
    "accepted": false,
    "source_error_increase": 0.0,
    "rejection": "interior changed at 4x"
  },
  "gradients": {
    "solid_regions": 261,
    "linear_regions": 217,
    "radial_regions": 199,
    "layered_regions": 13,
    "overlay_layers": 29,
    "fitted_direction_linear_regions": 197,
    "fitted_focus_radial_regions": 186,
    "coupled_linear_regions": 36,
    "source_supported_paint_merges": 48,
    "source_supported_boundary_edges_removed": 1520,
    "maximum_stops": 5,
    "primary_gate_active": false,
    "primary_solid_regions": 0,
    "provable_solid_regions": 217,
    "gain_bound_solid_regions": 200,
    "low_range_solid_regions": 17,
    "gradient_model_search_regions": 501,
    "coherent_field_regions": 37,
    "full_fit_regions": 718
  },
  "geometry": {
    "regions": 690,
    "loops": 870,
    "empty_regions": 0,
    "empty_region_pixels": 0,
    "largest_empty_region": 0,
    "source_boundary_edges": 155802,
    "shared_boundary_edges": 75393,
    "simplified_vertices": 8655,
    "cubic_segments": 7520,
    "line_segments": 368,
    "rectangles": 0,
    "circles": 0,
    "ellipses": 0,
    "covered_holes_removed": 34,
    "shared_loop_fallbacks": 0,
    "shared_loop_missing_edges": 0,
    "shared_loop_discontinuities": 0,
    "shared_loop_invalid_areas": 0,
    "adaptive_optimal_polygons": 365,
    "continuity_faired_masters": 1188,
    "fitted_ellipse_contours": 8,
    "fitted_bezier_contours": 6,
    "regularized_corner_excursions": 8,
    "regularized_corner_vertices": 216,
    "shared_curve_downgrades": 0
  },
  "optimization": {
    "input_regions": 690,
    "primitive_regions": 0,
    "path_regions": 690,
    "shared_gradient_regions": 0
  },
  "svg": {
    "objects": 853,
    "path_subpaths": 952,
    "path_elements": 795,
    "rect_elements": 0,
    "circle_elements": 0,
    "ellipse_elements": 0,
    "line_elements": 58,
    "linear_gradients": 240,
    "radial_gradients": 236,
    "structural_strokes": 120,
    "structural_color_patches": 0,
    "gradient_stops": 1690,
    "linear_cubics_to_lines": 67,
    "redundant_segments_removed": 572,
    "arc_segments": 779,
    "merged_arc_segments": 0,
    "paint_paths_merged": 0,
    "paint_batches": 0,
    "alpha_mask_paths": 0,
    "outline_bands": 2,
    "outline_color_patches": 18,
    "outline_paint_regions_removed": 1,
    "outline_structural_strokes_removed": 9,
    "invisible_elements_removed": 11,
    "invisible_strokes_removed": 0,
    "bytes": 804985
  }
}
wrote /home/hidek/git/picvec/sample/output/.regenerate-1trDQh/car.svg (1254x1254, 853 objects, 952 subpaths, 42.956s)
picvec stage load-resize: 7.645s (total 7.645s)
picvec stage edge-roles: 4.252s (total 11.897s)
picvec stage structural-analysis: 0.986s (total 12.884s)
picvec stage perceptual-smoothing: 0.798s (total 13.681s)
picvec segmentation substage setup: 0.028s
picvec segmentation substage palette: 0.090s (9973 histogram cells, 885 colours)
picvec segmentation substage initial-components: 0.025s
picvec segmentation substage small-components: 0.151s
picvec segmentation substage compact: 0.015s
picvec segmentation substage antialias: 0.178s
picvec segmentation substage finalize: 0.063s (total 0.550s)
picvec stage segmentation: 0.990s (total 14.671s)
picvec stage boundary-regularization: 0.261s (total 14.932s)
picvec stage paint-aware-merge: 0.589s (total 15.522s)
picvec stage thin-paint-ownership: 0.301s (total 15.823s)
picvec stage paint-topology-preservation: 3.483s (total 19.306s)
picvec paint substage setup: 0.025s
picvec paint substage initial: 0.270s (primary solid 0, gain-bound solid 894, low-range solid 29, model search 302)
picvec paint substage harmonize: 0.328s
picvec paint substage couple: 0.024s
picvec stage paint-fitting: 0.690s (total 19.996s)
picvec layered merge candidates: considered 2353, evidence 2286, seam 6, layered 7, nonfinite 0, face 24, combined 16, accepted 21
picvec stage source-supported-paint-merge: 6.314s (total 26.311s)
picvec stage exact-paint-merge: 0.031s (total 26.342s)
picvec stage layered-paint-simplification: 0.415s (total 26.757s)
picvec stage residual-shape-refinement: 0.131s (total 26.888s)
picvec stage interior-shading: 1.600s (total 28.488s)
picvec stage face-alpha: 1.515s (total 30.003s)
picvec stage hierarchical-topology: 0.004s (total 30.008s)
picvec stage shared-geometry: 18.689s (total 48.696s)
picvec stage paint-preview: 0.141s (total 48.837s)
picvec stage structural-selection: 1.936s (total 50.773s)
picvec stage covered-hole-simplification: 6.990s (total 57.763s)
picvec stage final-svg: 0.043s (total 57.806s)
{
  "input_width": 1600,
  "input_height": 1200,
  "processing_width": 1600,
  "processing_height": 1200,
  "output": "/home/hidek/git/picvec/sample/output/.regenerate-1trDQh/cliparts.svg",
  "elapsed_seconds": 58.063633644,
  "execution_threads": 4,
  "complexity": {
    "probe_width": 1024,
    "probe_height": 768,
    "probe_region_count": 71117,
    "probe_region_density": 90429.94,
    "edge_density": 0.20763905,
    "normalized_region_density": 1.0,
    "normalized_edge_density": 1.0,
    "complexity": 1.0,
    "target_pixels": 2000000.0,
    "selected_dimension": 1600
  },
  "source_alpha": {
    "detected": true,
    "temporary_backing_color": [
      255,
      0,
      255
    ],
    "quantization_bits": 8,
    "mask_paths": 0,
    "removed_regions": 268
  },
  "chroma_key": {
    "enabled": false,
    "detected": false,
    "border_coverage": 0.0,
    "removed_regions": 0
  },
  "adaptive_refinement": {
    "enabled": true,
    "source_scale": 1.0,
    "proposed_regions": 0,
    "candidate_regions": 0,
    "prefiltered_for_complexity": 0,
    "evaluated_regions": 0,
    "parallel_jobs": 0,
    "accepted_regions": 0,
    "rejected_for_quality": 0,
    "rejected_for_complexity": 0,
    "rejected_for_budget": 0,
    "baseline_mean_delta_e": 0.0,
    "refined_mean_delta_e": 0.0,
    "estimated_global_delta_e_reduction": 0.0,
    "added_svg_bytes": 0
  },
  "hierarchical_topology": {
    "nodes": 249205,
    "leaves": 177733,
    "unit_leaves": 94660,
    "represented_pixels": 1920000,
    "compression_ratio": 10.802721
  },
  "edge_roles": {
    "skeleton_pixels": 43502,
    "edge_chain_count": 1360,
    "edge_chain_samples": 43835,
    "boundary_pixels": 19482,
    "ridge_role_pixels": 6912,
    "ridge_on_boundary_pixels": 16117,
    "unknown_pixels": 131,
    "visible_ridge_pixels": 1459,
    "visible_ridge_coverage_pixels": 3311,
    "dark_boundary_pixels": 77388,
    "shading_pixels": 1018,
    "face_barrier_pixels": 37756,
    "visible_ridge_graph_edges": 101,
    "visible_ridge_graph_edges_before_join": 105,
    "dark_boundary_graph_edges": 510,
    "wide_dark_outline_graph_edges_before_join": 292,
    "dark_boundary_candidates": 283,
    "dark_ridge_candidates": 539,
    "dark_ridge_supported": 217,
    "profile_ridge_candidates": 268,
    "profile_ridge_extensions": 180,
    "visible_ridge_graph_length": 946.1133,
    "visible_ridge_median_width": 1.9597473,
    "visible_ridge_width_weighted_length": 1955.2594,
    "dark_boundary_graph_length": 24487.195,
    "dark_boundary_median_width": 1.2,
    "gradient_threshold": 1.0,
    "ridge_threshold": 0.65
  },
  "segmentation": {
    "graph_edges": 3837200,
    "coherent_domains": 6,
    "coherent_regions_removed": 31,
    "histogram_cells": 9973,
    "palette_colours": 885,
    "initial_regions": 41636,
    "raw_regions": 4450,
    "corrected_regions": 2380,
    "regularized_regions": 1339,
    "merged_regions": 4170,
    "forced_small_region_merges": 138611,
    "micro_region_merges": 1055,
    "micro_pixels_reassigned": 19062,
    "compatible_region_merges": 38938,
    "paint_aware_region_merge_proposals": 12,
    "paint_aware_region_merges": 12,
    "exact_paint_region_merges": 14,
    "source_supported_paint_merges": 21,
    "preserved_independent_materials": 1659,
    "antialias_pixels": 28602,
    "core_sampled_regions": 287,
    "antialias_split_regions": 2070,
    "boundary_regularization_passes": 1,
    "boundary_regularization_moved_pixels": 1036,
    "boundary_regularization_source_edges": 32483,
    "thin_paint_examined": 824,
    "thin_paint_protected": 254,
    "thin_paint_refined": 33,
    "thin_paint_preflight_rejected": 64,
    "thin_paint_reassigned_pixels": 98,
    "thin_paint_removed_regions": 14,
    "adaptive_patch_candidate_faces": 62,
    "adaptive_patch_split_faces": 19,
    "adaptive_patch_added_regions": 26,
    "effective_minimum_area": 417,
    "local_minimum_area": 39,
    "local_median_area": 417,
    "local_maximum_area": 417
  },
  "structural": {
    "source_coverage_pixels": 49325,
    "source_line_pixels": 1040261,
    "skeleton_pixels": 1682,
    "stroke_count": 244,
    "underpainted_pixels": 1475,
    "antialias_unmixed_pixels": 166,
    "silhouette_fill_count": 0,
    "residual_legacy_strokes": 33,
    "visible_ridge_strokes": 89,
    "boundary_profile_strokes": 49,
    "recovered_boundary_strokes": 0,
    "recovered_alpha_boundary_strokes": 0,
    "suppressed_ellipse_retraces": 0,
    "aligned_ellipse_strokes": 0
  },
  "ownership": {
    "structural_strokes": 244,
    "paint_overlap": 0.3,
    "overlap_is_underpaint": false,
    "overlap_is_fill_geometry": true
  },
  "paint_order": {
    "line_regions": 0,
    "proposed_constraints": 0,
    "conflicting_constraints": 0,
    "changed_ranks": 0,
    "accepted": false,
    "source_error_increase": 0.0,
    "rejection": null
  },
  "gradients": {
    "solid_regions": 3435,
    "linear_regions": 473,
    "radial_regions": 262,
    "layered_regions": 0,
    "overlay_layers": 0,
    "fitted_direction_linear_regions": 372,
    "fitted_focus_radial_regions": 192,
    "coupled_linear_regions": 9,
    "source_supported_paint_merges": 21,
    "source_supported_boundary_edges_removed": 990,
    "maximum_stops": 17,
    "primary_gate_active": false,
    "primary_solid_regions": 0,
    "provable_solid_regions": 923,
    "gain_bound_solid_regions": 894,
    "low_range_solid_regions": 29,
    "gradient_model_search_regions": 302,
    "coherent_field_regions": 69,
    "full_fit_regions": 1225
  },
  "geometry": {
    "regions": 4170,
    "loops": 11433,
    "empty_regions": 0,
    "empty_region_pixels": 0,
    "largest_empty_region": 0,
    "source_boundary_edges": 260446,
    "shared_boundary_edges": 127423,
    "simplified_vertices": 117602,
    "cubic_segments": 51064,
    "line_segments": 1347,
    "rectangles": 0,
    "circles": 0,
    "ellipses": 0,
    "covered_holes_removed": 37,
    "shared_loop_fallbacks": 0,
    "shared_loop_missing_edges": 0,
    "shared_loop_discontinuities": 0,
    "shared_loop_invalid_areas": 0,
    "adaptive_optimal_polygons": 579,
    "continuity_faired_masters": 3980,
    "fitted_ellipse_contours": 16,
    "fitted_bezier_contours": 64,
    "regularized_corner_excursions": 0,
    "regularized_corner_vertices": 0,
    "shared_curve_downgrades": 0
  },
  "optimization": {
    "input_regions": 4193,
    "primitive_regions": 0,
    "path_regions": 4193,
    "shared_gradient_regions": 483
  },
  "svg": {
    "objects": 4692,
    "path_subpaths": 14060,
    "path_elements": 4350,
    "rect_elements": 191,
    "circle_elements": 0,
    "ellipse_elements": 0,
    "line_elements": 151,
    "linear_gradients": 236,
    "radial_gradients": 72,
    "structural_strokes": 244,
    "structural_color_patches": 0,
    "gradient_stops": 1240,
    "linear_cubics_to_lines": 6841,
    "redundant_segments_removed": 6404,
    "arc_segments": 2898,
    "merged_arc_segments": 17,
    "paint_paths_merged": 56,
    "paint_batches": 34,
    "alpha_mask_paths": 0,
    "outline_bands": 0,
    "outline_color_patches": 0,
    "outline_paint_regions_removed": 0,
    "outline_structural_strokes_removed": 0,
    "invisible_elements_removed": 0,
    "invisible_strokes_removed": 0,
    "bytes": 4001531
  }
}
wrote /home/hidek/git/picvec/sample/output/.regenerate-1trDQh/cliparts.svg (1600x1200, 4692 objects, 14060 subpaths, 58.064s)
picvec stage load-resize: 0.007s (total 0.007s)
picvec stage edge-roles: 5.031s (total 5.038s)
picvec stage structural-analysis: 0.678s (total 5.716s)
picvec stage perceptual-smoothing: 0.889s (total 6.605s)
picvec segmentation substage setup: 0.035s
picvec segmentation substage palette: 0.367s (81633 histogram cells, 2759 colours)
picvec segmentation substage initial-components: 0.088s
picvec segmentation substage small-components: 1.501s
picvec segmentation substage compact: 0.044s
picvec segmentation substage antialias: 0.406s
picvec segmentation substage finalize: 0.080s (total 2.521s)
picvec stage segmentation: 3.613s (total 10.217s)
picvec stage boundary-regularization: 0.332s (total 10.550s)
picvec stage paint-aware-merge: 0.933s (total 11.482s)
picvec stage thin-paint-ownership: 0.913s (total 12.395s)
picvec stage paint-topology-preservation: 4.872s (total 17.267s)
picvec paint substage setup: 0.041s
picvec paint substage initial: 9.563s (primary solid 0, gain-bound solid 3198, low-range solid 33, model search 2593)
picvec paint substage harmonize: 0.727s
picvec paint substage couple: 0.111s
picvec stage paint-fitting: 10.555s (total 27.822s)
picvec layered merge candidates: considered 12286, evidence 11947, seam 153, layered 41, nonfinite 0, face 94, combined 62, accepted 30
picvec stage source-supported-paint-merge: 4.402s (total 32.224s)
picvec stage exact-paint-merge: 0.047s (total 32.270s)
picvec stage layered-paint-simplification: 4.969s (total 37.239s)
picvec stage residual-shape-refinement: 4.787s (total 42.026s)
picvec stage interior-shading: 11.711s (total 53.737s)
picvec stage face-alpha: 0.015s (total 53.752s)
picvec stage hierarchical-topology: 0.008s (total 53.760s)
picvec stage shared-geometry: 24.454s (total 78.214s)
picvec stage paint-preview: 0.200s (total 78.415s)
picvec stage structural-selection: 12.299s (total 90.714s)
picvec stage paint-order-validation: 148.929s (total 239.643s)
picvec stage covered-hole-simplification: 1296.585s (total 1536.228s)
picvec stage final-svg: 1366.599s (total 2902.827s)
picvec adaptive candidate 4328 872 464 752: error=11.1084 model_cost=2.7915 priority=6.6486
picvec adaptive candidate 1703 904 746 675: error=10.6300 model_cost=2.7635 priority=6.3945
picvec adaptive candidate 4195 1707 725 761: error=10.7638 model_cost=3.0568 priority=6.1565
picvec adaptive candidate 1702 1716 736 732: error=10.4260 model_cost=2.8710 priority=6.1532
picvec adaptive candidate 2561 909 698 671: error=8.3605 model_cost=1.9814 priority=5.9394
picvec adaptive candidate 87 904 680 676: error=8.8815 model_cost=2.2389 priority=5.9357
picvec adaptive candidate 1772 2551 585 739: error=9.5190 model_cost=2.7076 priority=5.7850
picvec adaptive candidate 3378 3520 702 298: error=9.1594 model_cost=2.5378 priority=5.7496
picvec adaptive candidate 912 4118 700 663: error=9.1123 model_cost=2.5971 priority=5.6543
picvec adaptive candidate 4205 2590 712 681: error=8.7459 model_cost=2.4209 priority=5.6211
picvec adaptive candidate 2548 1703 732 744: error=9.3408 model_cost=2.8050 priority=5.5772
picvec adaptive candidate 4188 4125 711 685: error=8.2904 model_cost=2.2287 priority=5.5533
picvec adaptive candidate 3418 1685 609 784: error=9.8807 model_cost=3.2298 priority=5.4979
picvec adaptive candidate 2596 2538 601 782: error=10.5028 model_cost=3.8252 priority=5.3700
picvec adaptive candidate 4267 3331 576 685: error=8.3130 model_cost=2.4466 priority=5.3147
picvec adaptive candidate 4284 114 538 696: error=7.7861 model_cost=2.2078 priority=5.2401
picvec adaptive candidate 2630 114 548 694: error=7.1847 model_cost=1.9146 priority=5.1924
picvec adaptive candidate 881 1726 743 704: error=8.4832 model_cost=2.7210 priority=5.1428
picvec adaptive candidate 3403 912 685 668: error=7.4794 model_cost=2.1342 priority=5.1198
picvec adaptive candidate 84 4089 690 725: error=8.1689 model_cost=2.5476 priority=5.1180
picvec adaptive candidate 2539 4106 681 707: error=7.8674 model_cost=2.3843 priority=5.0951
picvec adaptive candidate 995 3319 518 690: error=7.3399 model_cost=2.1416 priority=5.0156
picvec adaptive candidate 3463 114 553 694: error=7.5884 model_cost=2.3112 priority=4.9915
picvec adaptive candidate 165 114 548 694: error=7.0293 model_cost=2.0331 priority=4.9299
picvec adaptive candidate 987 114 544 694: error=6.7488 model_cost=1.8865 priority=4.9136
picvec adaptive candidate 160 1686 558 760: error=8.4634 model_cost=2.9797 priority=4.9030
picvec adaptive candidate 1807 114 550 694: error=6.8074 model_cost=1.9790 priority=4.8390
picvec adaptive candidate 87 2584 680 689: error=7.0405 model_cost=2.1431 priority=4.8093
picvec adaptive candidate 3383 2592 689 709: error=6.9824 model_cost=2.1359 priority=4.7776
picvec adaptive candidate 3393 4092 641 710: error=7.0351 model_cost=2.2418 priority=4.6986
picvec adaptive candidate 927 910 677 670: error=6.5068 model_cost=2.0596 priority=4.5339
picvec adaptive candidate 1755 4138 625 672: error=5.9151 model_cost=1.7387 priority=4.4859
picvec adaptive candidate 73 3325 690 672: error=7.3554 model_cost=2.7931 priority=4.4011
picvec adaptive candidate 1749 3325 632 679: error=6.1278 model_cost=2.2295 priority=4.1039
picvec adaptive candidate 975 2552 564 716: error=6.3679 model_cost=2.5263 priority=4.0064
picvec adaptive candidate 2529 3392 717 540: error=6.3952 model_cost=2.6353 priority=3.9395
picvec adaptive evaluated 4328 872 464 752: baseline=PerceptualScore { mean_delta_e: 5.1810675, p90_delta_e: 15.676727, missing_edge_fraction: 0.8354049, combined: 11.108385 } refined=PerceptualScore { mean_delta_e: 1.697622, p90_delta_e: 2.7617223, missing_edge_fraction: 0.2700565, combined: 2.6787882 } boundary_matches=true bytes=424815
picvec adaptive evaluated 4195 1707 725 761: baseline=PerceptualScore { mean_delta_e: 5.06596, p90_delta_e: 15.292145, missing_edge_fraction: 0.7890703, combined: 10.76375 } refined=PerceptualScore { mean_delta_e: 1.7666574, p90_delta_e: 3.5135968, missing_edge_fraction: 0.37820727, combined: 3.3350565 } boundary_matches=true bytes=841320
picvec adaptive evaluated 1702 1716 736 732: baseline=PerceptualScore { mean_delta_e: 4.803068, p90_delta_e: 15.137589, missing_edge_fraction: 0.7365227, combined: 10.425984 } refined=PerceptualScore { mean_delta_e: 1.6044561, p90_delta_e: 3.1474552, missing_edge_fraction: 0.34594786, combined: 3.0188308 } boundary_matches=true bytes=985769
picvec adaptive evaluated 1703 904 746 675: baseline=PerceptualScore { mean_delta_e: 4.8233113, p90_delta_e: 14.675104, missing_edge_fraction: 0.8631492, combined: 10.62998 } refined=PerceptualScore { mean_delta_e: 1.4811724, p90_delta_e: 2.8044167, missing_edge_fraction: 0.358615, combined: 2.8641393 } boundary_matches=true bytes=689242
picvec adaptive evaluated 3378 3520 702 298: baseline=PerceptualScore { mean_delta_e: 4.2444706, p90_delta_e: 12.390707, missing_edge_fraction: 0.76437527, combined: 9.159421 } refined=PerceptualScore { mean_delta_e: 1.202273, p90_delta_e: 2.362761, missing_edge_fraction: 0.3731085, combined: 2.6054528 } boundary_matches=true bytes=206346
picvec adaptive evaluated 87 904 680 676: baseline=PerceptualScore { mean_delta_e: 3.988487, p90_delta_e: 12.251256, missing_edge_fraction: 0.7287234, combined: 8.881493 } refined=PerceptualScore { mean_delta_e: 1.2851443, p90_delta_e: 1.8463461, missing_edge_fraction: 0.26010638, combined: 2.0971725 } boundary_matches=true bytes=327306
picvec adaptive evaluated 2561 909 698 671: baseline=PerceptualScore { mean_delta_e: 3.5617275, p90_delta_e: 10.737295, missing_edge_fraction: 0.82091916, combined: 8.360453 } refined=PerceptualScore { mean_delta_e: 1.3580734, p90_delta_e: 2.4116797, missing_edge_fraction: 0.38827258, combined: 2.7406228 } boundary_matches=true bytes=316653
picvec adaptive evaluated 1772 2551 585 739: baseline=PerceptualScore { mean_delta_e: 4.4521694, p90_delta_e: 13.229025, missing_edge_fraction: 0.7413027, combined: 9.518994 } refined=PerceptualScore { mean_delta_e: 1.4074782, p90_delta_e: 2.5253515, missing_edge_fraction: 0.35788304, combined: 2.717155 } boundary_matches=true bytes=488775
picvec adaptive evaluated 4188 4125 711 685: baseline=PerceptualScore { mean_delta_e: 3.6862636, p90_delta_e: 11.133297, missing_edge_fraction: 0.7260818, combined: 8.290383 } refined=PerceptualScore { mean_delta_e: 1.1980948, p90_delta_e: 2.2286277, missing_edge_fraction: 0.35371178, combined: 2.491729 } boundary_matches=true bytes=494333
picvec adaptive evaluated 912 4118 700 663: baseline=PerceptualScore { mean_delta_e: 4.1470256, p90_delta_e: 12.696511, missing_edge_fraction: 0.7225028, combined: 9.112274 } refined=PerceptualScore { mean_delta_e: 1.5053718, p90_delta_e: 2.9074721, missing_edge_fraction: 0.32154882, combined: 2.8050528 } boundary_matches=true bytes=576499
picvec adaptive evaluated 4205 2590 712 681: baseline=PerceptualScore { mean_delta_e: 3.8828988, p90_delta_e: 12.090997, missing_edge_fraction: 0.72072417, combined: 8.745875 } refined=PerceptualScore { mean_delta_e: 1.3017021, p90_delta_e: 2.2651129, missing_edge_fraction: 0.3170262, combined: 2.4428897 } boundary_matches=true bytes=371744
picvec adaptive evaluated 2548 1703 732 744: baseline=PerceptualScore { mean_delta_e: 4.272983, p90_delta_e: 12.721194, missing_edge_fraction: 0.7764858, combined: 9.340777 } refined=PerceptualScore { mean_delta_e: 1.368023, p90_delta_e: 2.6229095, missing_edge_fraction: 0.34237728, combined: 2.691906 } boundary_matches=true bytes=620875
picvec adaptive evaluated 4267 3331 576 685: baseline=PerceptualScore { mean_delta_e: 3.5628836, p90_delta_e: 11.750437, missing_edge_fraction: 0.6698276, combined: 8.312956 } refined=PerceptualScore { mean_delta_e: 1.0924281, p90_delta_e: 2.1512218, missing_edge_fraction: 0.4362069, combined: 2.660702 } boundary_matches=true bytes=610747
picvec adaptive evaluated 4284 114 538 696: baseline=PerceptualScore { mean_delta_e: 3.2453806, p90_delta_e: 9.641666, missing_edge_fraction: 0.823, combined: 7.786088 } refined=PerceptualScore { mean_delta_e: 1.1870745, p90_delta_e: 2.091981, missing_edge_fraction: 0.346, combined: 2.408976 } boundary_matches=true bytes=376979
picvec adaptive evaluated 3418 1685 609 784: baseline=PerceptualScore { mean_delta_e: 4.351947, p90_delta_e: 13.85738, missing_edge_fraction: 0.7931319, combined: 9.880724 } refined=PerceptualScore { mean_delta_e: 1.3813897, p90_delta_e: 2.945746, missing_edge_fraction: 0.4041209, combined: 3.0122862 } boundary_matches=true bytes=880764
picvec adaptive evaluated 2596 2538 601 782: baseline=PerceptualScore { mean_delta_e: 5.0865417, p90_delta_e: 14.652407, missing_edge_fraction: 0.7842865, combined: 10.502766 } refined=PerceptualScore { mean_delta_e: 1.9245104, p90_delta_e: 3.6627429, missing_edge_fraction: 0.3525819, combined: 3.3888724 } boundary_matches=true bytes=773013
picvec adaptive evaluated 2630 114 548 694: baseline=PerceptualScore { mean_delta_e: 3.1767497, p90_delta_e: 9.365011, missing_edge_fraction: 0.66973126, combined: 7.184736 } refined=PerceptualScore { mean_delta_e: 1.1754371, p90_delta_e: 1.8503406, missing_edge_fraction: 0.35219237, combined: 2.3256602 } boundary_matches=true bytes=264190
picvec adaptive evaluated 3403 912 685 668: baseline=PerceptualScore { mean_delta_e: 3.1897044, p90_delta_e: 9.524302, missing_edge_fraction: 0.74477863, combined: 7.4794235 } refined=PerceptualScore { mean_delta_e: 1.2092404, p90_delta_e: 2.0901978, missing_edge_fraction: 0.30075186, combined: 2.2824929 } boundary_matches=true bytes=356387
picvec adaptive evaluated 84 4089 690 725: baseline=PerceptualScore { mean_delta_e: 3.8221424, p90_delta_e: 10.867838, missing_edge_fraction: 0.7006117, combined: 8.168934 } refined=PerceptualScore { mean_delta_e: 1.3806785, p90_delta_e: 2.8112571, missing_edge_fraction: 0.32385752, combined: 2.7173808 } boundary_matches=true bytes=614735
picvec adaptive evaluated 881 1726 743 704: baseline=PerceptualScore { mean_delta_e: 3.7926443, p90_delta_e: 11.266157, missing_edge_fraction: 0.75666666, combined: 8.483152 } refined=PerceptualScore { mean_delta_e: 1.3709412, p90_delta_e: 2.6998894, missing_edge_fraction: 0.38060606, combined: 2.8386974 } boundary_matches=true bytes=690864
picvec adaptive evaluated 995 3319 518 690: baseline=PerceptualScore { mean_delta_e: 3.2630596, p90_delta_e: 9.076787, missing_edge_fraction: 0.7469304, combined: 7.339883 } refined=PerceptualScore { mean_delta_e: 1.2830933, p90_delta_e: 1.6185126, missing_edge_fraction: 0.36630288, combined: 2.3237057 } boundary_matches=true bytes=331901
picvec adaptive evaluated 165 114 548 694: baseline=PerceptualScore { mean_delta_e: 3.088311, p90_delta_e: 9.4304085, missing_edge_fraction: 0.62247837, combined: 7.0293384 } refined=PerceptualScore { mean_delta_e: 0.8990537, p90_delta_e: 1.7352393, missing_edge_fraction: 0.31340057, combined: 2.0388715 } boundary_matches=true bytes=234899
picvec adaptive evaluated 3463 114 553 694: baseline=PerceptualScore { mean_delta_e: 3.569568, p90_delta_e: 9.279533, missing_edge_fraction: 0.7567717, combined: 7.588434 } refined=PerceptualScore { mean_delta_e: 1.0160459, p90_delta_e: 1.8752949, missing_edge_fraction: 0.39800996, combined: 2.4013684 } boundary_matches=true bytes=303721
picvec adaptive evaluated 2539 4106 681 707: baseline=PerceptualScore { mean_delta_e: 3.4259088, p90_delta_e: 9.904074, missing_edge_fraction: 0.78804564, combined: 7.867425 } refined=PerceptualScore { mean_delta_e: 1.2273322, p90_delta_e: 2.1902995, missing_edge_fraction: 0.35666534, combined: 2.4984155 } boundary_matches=true bytes=510375
picvec adaptive evaluated 987 114 544 694: baseline=PerceptualScore { mean_delta_e: 3.0235484, p90_delta_e: 7.910226, missing_edge_fraction: 0.7413793, combined: 6.748825 } refined=PerceptualScore { mean_delta_e: 1.2376082, p90_delta_e: 2.2567863, missing_edge_fraction: 0.44043887, combined: 2.7809548 } boundary_matches=true bytes=259262
picvec adaptive evaluated 87 2584 680 689: baseline=PerceptualScore { mean_delta_e: 2.8735836, p90_delta_e: 8.46096, missing_edge_fraction: 0.7876683, combined: 7.0405016 } refined=PerceptualScore { mean_delta_e: 1.0308087, p90_delta_e: 2.0499508, missing_edge_fraction: 0.3260964, combined: 2.2621334 } boundary_matches=true bytes=402865
picvec adaptive evaluated 160 1686 558 760: baseline=PerceptualScore { mean_delta_e: 3.783501, p90_delta_e: 10.782241, missing_edge_fraction: 0.8159824, combined: 8.463419 } refined=PerceptualScore { mean_delta_e: 1.3155341, p90_delta_e: 2.5653124, missing_edge_fraction: 0.38929617, combined: 2.7860038 } boundary_matches=true bytes=607334
picvec adaptive evaluated 1807 114 550 694: baseline=PerceptualScore { mean_delta_e: 3.2021854, p90_delta_e: 7.6787443, missing_edge_fraction: 0.7649667, combined: 6.8073816 } refined=PerceptualScore { mean_delta_e: 1.4011103, p90_delta_e: 2.5084872, missing_edge_fraction: 0.37176645, combined: 2.749194 } boundary_matches=true bytes=230196
picvec adaptive evaluated 3393 4092 641 710: baseline=PerceptualScore { mean_delta_e: 3.1964686, p90_delta_e: 8.003596, missing_edge_fraction: 0.7984072, combined: 7.0350714 } refined=PerceptualScore { mean_delta_e: 1.2535073, p90_delta_e: 2.420066, missing_edge_fraction: 0.3031359, combined: 2.4415126 } boundary_matches=true bytes=377408
picvec adaptive evaluated 1755 4138 625 672: baseline=PerceptualScore { mean_delta_e: 2.6787884, p90_delta_e: 6.1758375, missing_edge_fraction: 0.7464366, combined: 5.9150996 } refined=PerceptualScore { mean_delta_e: 1.0395025, p90_delta_e: 2.2458925, missing_edge_fraction: 0.32333082, combined: 2.3361256 } boundary_matches=true bytes=194904
picvec adaptive evaluated 3383 2592 689 709: baseline=PerceptualScore { mean_delta_e: 3.1350896, p90_delta_e: 8.804575, missing_edge_fraction: 0.68324965, combined: 6.9823694 } refined=PerceptualScore { mean_delta_e: 1.0682371, p90_delta_e: 1.7432821, missing_edge_fraction: 0.2788681, combined: 2.0146239 } boundary_matches=true bytes=348900
picvec adaptive evaluated 927 910 677 670: baseline=PerceptualScore { mean_delta_e: 2.969327, p90_delta_e: 7.6357965, missing_edge_fraction: 0.70541334, combined: 6.506756 } refined=PerceptualScore { mean_delta_e: 1.0468855, p90_delta_e: 1.9492985, missing_edge_fraction: 0.29542592, combined: 2.1370957 } boundary_matches=true bytes=294068
picvec adaptive evaluated 2529 3392 717 540: baseline=PerceptualScore { mean_delta_e: 2.672192, p90_delta_e: 7.2697225, missing_edge_fraction: 0.7616, combined: 6.3951755 } refined=PerceptualScore { mean_delta_e: 0.9076316, p90_delta_e: 1.579038, missing_edge_fraction: 0.35306665, combined: 2.0992494 } boundary_matches=true bytes=383548
picvec adaptive evaluated 1749 3325 632 679: baseline=PerceptualScore { mean_delta_e: 2.4738684, p90_delta_e: 6.3624306, missing_edge_fraction: 0.8231899, combined: 6.127783 } refined=PerceptualScore { mean_delta_e: 1.0162457, p90_delta_e: 1.879786, missing_edge_fraction: 0.39559287, combined: 2.3960035 } boundary_matches=true bytes=383436
picvec adaptive evaluated 73 3325 690 672: baseline=PerceptualScore { mean_delta_e: 3.194566, p90_delta_e: 9.2425585, missing_edge_fraction: 0.7402773, combined: 7.35541 } refined=PerceptualScore { mean_delta_e: 1.174019, p90_delta_e: 2.3847897, missing_edge_fraction: 0.37707135, combined: 2.6134386 } boundary_matches=true bytes=739559
picvec adaptive evaluated 975 2552 564 716: baseline=PerceptualScore { mean_delta_e: 2.7736065, p90_delta_e: 7.428452, missing_edge_fraction: 0.716143, combined: 6.367933 } refined=PerceptualScore { mean_delta_e: 1.0733908, p90_delta_e: 1.9464643, missing_edge_fraction: 0.37919825, combined: 2.3992062 } boundary_matches=true bytes=403403
picvec: could not create a temporary SVG next to /home/hidek/git/picvec/sample/output/.regenerate-1trDQh/cliparts-6x6.svg: No such file or directory (os error 2) at path "/home/hidek/git/picvec/sample/output/.regenerate-1trDQh/.picvec-output-7BcELC.svg"
