picvec stage load-resize: 0.003s (total 0.003s)
picvec stage edge-roles: 2.169s (total 2.172s)
picvec stage structural-analysis: 0.154s (total 2.326s)
picvec stage perceptual-smoothing: 0.474s (total 2.800s)
picvec segmentation substage setup: 0.014s
picvec segmentation substage palette: 0.039s (201 histogram cells, 43 colours)
picvec segmentation substage initial-components: 0.014s
picvec segmentation substage small-components: 0.102s
picvec segmentation substage compact: 0.008s
picvec segmentation substage antialias: 0.122s
picvec segmentation substage finalize: 0.041s (total 0.340s)
picvec stage segmentation: 0.870s (total 3.670s)
picvec stage boundary-regularization: 0.137s (total 3.807s)
picvec stage paint-aware-merge: 0.753s (total 4.559s)
picvec stage thin-paint-ownership: 0.439s (total 4.998s)
picvec stage paint-topology-preservation: 0.657s (total 5.655s)
picvec paint substage setup: 0.013s
picvec paint substage initial: 0.131s (primary solid 0, gain-bound solid 2534, low-range solid 1, model search 409)
picvec paint substage harmonize: 0.001s
picvec paint substage couple: 0.000s
picvec stage paint-fitting: 0.171s (total 5.826s)
picvec layered merge candidates: considered 3502, evidence 3490, seam 12, layered 0, nonfinite 0, face 0, combined 0, accepted 0
picvec stage source-supported-paint-merge: 0.006s (total 5.832s)
picvec stage exact-paint-merge: 0.015s (total 5.846s)
picvec stage layered-paint-simplification: 0.009s (total 5.856s)
picvec stage residual-shape-refinement: 0.004s (total 5.860s)
picvec stage interior-shading: 0.041s (total 5.900s)
picvec stage face-alpha: 0.000s (total 5.900s)
picvec stage hierarchical-topology: 0.002s (total 5.903s)
picvec stage shared-geometry: 2.902s (total 8.805s)
picvec stage paint-preview: 0.060s (total 8.865s)
picvec structural substage ownership: 1.912s
picvec structural substage outline-proposals: 0.000s
picvec structural substage outline-validation: 0.000s
picvec structural substage colour-patches: 0.225s
picvec stage structural-selection: 2.137s (total 11.002s)
picvec stage covered-hole-simplification: 1.673s (total 12.675s)
picvec stage final-svg: 1.632s (total 14.307s)
picvec adaptive candidate 0 0 5770 2058: error=7.8028 model_cost=1.7365 priority=5.9213
picvec adaptive processing: source 0 0 5770 2058, processing 5770 2058
picvec stage load-resize: 0.103s (total 0.103s)
picvec stage edge-roles: 34.777s (total 34.880s)
picvec stage structural-analysis: 2.975s (total 37.854s)
picvec stage perceptual-smoothing: 4.473s (total 42.328s)
picvec segmentation substage setup: 0.209s
picvec segmentation substage palette: 0.528s (201 histogram cells, 40 colours)
picvec segmentation substage initial-components: 0.295s
picvec segmentation substage small-components: 1.367s
picvec segmentation substage compact: 0.182s
picvec segmentation substage antialias: 1.663s
picvec segmentation substage finalize: 0.521s (total 4.765s)
picvec stage segmentation: 8.768s (total 51.096s)
picvec stage boundary-regularization: 1.945s (total 53.040s)
picvec stage paint-aware-merge: 12.352s (total 65.393s)
picvec stage thin-paint-ownership: 3.003s (total 68.395s)
picvec stage paint-topology-preservation: 16.281s (total 84.676s)
picvec paint substage setup: 0.184s
picvec paint substage initial: 0.712s (primary solid 0, gain-bound solid 9201, low-range solid 12, model search 2999)
picvec paint substage harmonize: 0.007s
picvec paint substage couple: 0.012s
picvec stage paint-fitting: 1.146s (total 85.822s)
picvec layered merge candidates: considered 16686, evidence 16604, seam 72, layered 1, nonfinite 0, face 7, combined 1, accepted 2
picvec stage source-supported-paint-merge: 16.980s (total 102.802s)
picvec stage exact-paint-merge: 0.242s (total 103.044s)
picvec stage layered-paint-simplification: 0.332s (total 103.376s)
picvec stage residual-shape-refinement: 0.252s (total 103.627s)
picvec stage interior-shading: 0.528s (total 104.155s)
picvec stage face-alpha: 0.031s (total 104.187s)
picvec stage hierarchical-topology: 0.017s (total 104.204s)
picvec stage shared-geometry: 44.946s (total 149.150s)
picvec stage paint-preview: 0.433s (total 149.583s)
picvec structural substage ownership: 33.866s
picvec structural substage outline-proposals: 0.155s
picvec structural substage outline-validation: 0.000s
picvec structural substage colour-patches: 1.247s
picvec stage structural-selection: 35.269s (total 184.852s)
picvec stage paint-order-validation: 7.284s (total 192.135s)
picvec stage covered-hole-simplification: 13.300s (total 205.435s)
picvec stage final-svg: 12.540s (total 217.975s)
picvec adaptive evaluated 0 0 5770 2058: baseline=PerceptualScore { mean_delta_e: 3.4232306, p90_delta_e: 9.254971, missing_edge_fraction: 0.8534596, combined: 7.802821 } refined=PerceptualScore { mean_delta_e: 1.8111358, p90_delta_e: 0.8944397, missing_edge_fraction: 0.55538017, combined: 2.8389275 } boundary_matches=true bytes=8246954
{
  "input_width": 5770,
  "input_height": 2058,
  "processing_width": 1600,
  "processing_height": 571,
  "output": "/tmp/picvec-generic-speed/comparison/00-before/booster-layout.svg",
  "elapsed_seconds": 250.567696579,
  "execution_threads": 10,
  "complexity": {
    "probe_width": 1024,
    "probe_height": 365,
    "probe_region_count": 40675,
    "probe_region_density": 108826.516,
    "edge_density": 0.25756368,
    "normalized_region_density": 1.0,
    "normalized_edge_density": 1.0,
    "complexity": 1.0,
    "target_pixels": 2000000.0,
    "selected_dimension": 1600
  },
  "source_alpha": {
    "detected": false,
    "quantization_bits": 0,
    "mask_paths": 0,
    "removed_regions": 0
  },
  "chroma_key": {
    "enabled": false,
    "detected": false,
    "border_coverage": 0.0,
    "removed_regions": 0
  },
  "adaptive_refinement": {
    "enabled": true,
    "source_scale": 3.60625,
    "proposed_regions": 1,
    "candidate_regions": 1,
    "prefiltered_for_complexity": 0,
    "evaluated_regions": 1,
    "parallel_jobs": 1,
    "accepted_regions": 1,
    "rejected_for_quality": 0,
    "rejected_for_complexity": 0,
    "rejected_for_budget": 0,
    "baseline_mean_delta_e": 3.4232306,
    "refined_mean_delta_e": 1.8111358,
    "estimated_global_delta_e_reduction": 1.6120949,
    "added_svg_bytes": 8246954
  },
  "hierarchical_topology": {
    "nodes": 101409,
    "leaves": 65973,
    "unit_leaves": 31577,
    "represented_pixels": 913600,
    "compression_ratio": 13.848089
  },
  "edge_roles": {
    "skeleton_pixels": 58018,
    "edge_chain_count": 4828,
    "edge_chain_samples": 60007,
    "boundary_pixels": 7837,
    "ridge_role_pixels": 29471,
    "ridge_on_boundary_pixels": 10883,
    "unknown_pixels": 110,
    "visible_ridge_pixels": 26413,
    "visible_ridge_coverage_pixels": 53964,
    "dark_boundary_pixels": 8770,
    "shading_pixels": 11019,
    "face_barrier_pixels": 19593,
    "visible_ridge_graph_edges": 1261,
    "visible_ridge_graph_edges_before_join": 1945,
    "dark_boundary_graph_edges": 360,
    "wide_dark_outline_graph_edges_before_join": 424,
    "dark_boundary_candidates": 16,
    "dark_ridge_candidates": 1604,
    "dark_ridge_supported": 1066,
    "profile_ridge_candidates": 1544,
    "profile_ridge_extensions": 1303,
    "visible_ridge_graph_length": 20267.83,
    "visible_ridge_median_width": 1.3557628,
    "visible_ridge_width_weighted_length": 30943.889,
    "dark_boundary_graph_length": 3302.7244,
    "dark_boundary_median_width": 1.2498842,
    "gradient_threshold": 1.0,
    "ridge_threshold": 0.65
  },
  "segmentation": {
    "graph_edges": 1825029,
    "coherent_domains": 0,
    "coherent_regions_removed": 0,
    "histogram_cells": 201,
    "palette_colours": 43,
    "initial_regions": 51377,
    "raw_regions": 11135,
    "corrected_regions": 10682,
    "regularized_regions": 3135,
    "merged_regions": 2943,
    "forced_small_region_merges": 127560,
    "micro_region_merges": 7670,
    "micro_pixels_reassigned": 46215,
    "compatible_region_merges": 47474,
    "paint_aware_region_merge_proposals": 37,
    "paint_aware_region_merges": 37,
    "exact_paint_region_merges": 1,
    "source_supported_paint_merges": 0,
    "preserved_independent_materials": 2685,
    "antialias_pixels": 971,
    "core_sampled_regions": 25,
    "antialias_split_regions": 453,
    "boundary_regularization_passes": 1,
    "boundary_regularization_moved_pixels": 203,
    "boundary_regularization_source_edges": 19676,
    "thin_paint_examined": 3445,
    "thin_paint_protected": 1508,
    "thin_paint_refined": 77,
    "thin_paint_preflight_rejected": 255,
    "thin_paint_reassigned_pixels": 268,
    "thin_paint_removed_regions": 31,
    "adaptive_patch_candidate_faces": 0,
    "adaptive_patch_split_faces": 0,
    "adaptive_patch_added_regions": 0,
    "effective_minimum_area": 417,
    "local_minimum_area": 29,
    "local_median_area": 405,
    "local_maximum_area": 417
  },
  "structural": {
    "source_coverage_pixels": 66287,
    "source_line_pixels": 61069,
    "skeleton_pixels": 11236,
    "stroke_count": 5018,
    "underpainted_pixels": 69442,
    "antialias_unmixed_pixels": 15478,
    "silhouette_fill_count": 0,
    "residual_legacy_strokes": 278,
    "visible_ridge_strokes": 997,
    "boundary_profile_strokes": 119,
    "recovered_boundary_strokes": 0,
    "recovered_alpha_boundary_strokes": 0,
    "suppressed_ellipse_retraces": 0,
    "aligned_ellipse_strokes": 3
  },
  "ownership": {
    "structural_strokes": 5018,
    "paint_overlap": 0.3,
    "overlap_is_underpaint": false,
    "overlap_is_fill_geometry": true
  },
  "paint_order": {
    "line_regions": 0,
    "proposed_constraints": 0,
    "conflicting_constraints": 0,
    "changed_ranks": 0,
    "accepted": false,
    "source_error_increase": 0.0,
    "rejection": null
  },
  "gradients": {
    "solid_regions": 2801,
    "linear_regions": 91,
    "radial_regions": 50,
    "layered_regions": 1,
    "overlay_layers": 1,
    "fitted_direction_linear_regions": 62,
    "fitted_focus_radial_regions": 17,
    "coupled_linear_regions": 0,
    "source_supported_paint_merges": 0,
    "source_supported_boundary_edges_removed": 0,
    "maximum_stops": 5,
    "primary_gate_active": false,
    "primary_solid_regions": 0,
    "provable_solid_regions": 2535,
    "gain_bound_solid_regions": 2534,
    "low_range_solid_regions": 1,
    "gradient_model_search_regions": 409,
    "coherent_field_regions": 0,
    "full_fit_regions": 2944
  },
  "geometry": {
    "regions": 2943,
    "loops": 5319,
    "empty_regions": 0,
    "empty_region_pixels": 0,
    "largest_empty_region": 0,
    "source_boundary_edges": 119902,
    "shared_boundary_edges": 57780,
    "simplified_vertices": 25160,
    "cubic_segments": 22262,
    "line_segments": 522,
    "rectangles": 0,
    "circles": 0,
    "ellipses": 0,
    "covered_holes_removed": 1549,
    "shared_loop_fallbacks": 0,
    "shared_loop_missing_edges": 0,
    "shared_loop_discontinuities": 0,
    "shared_loop_invalid_areas": 0,
    "adaptive_optimal_polygons": 120,
    "continuity_faired_masters": 893,
    "fitted_ellipse_contours": 3,
    "fitted_bezier_contours": 0,
    "regularized_corner_excursions": 4,
    "regularized_corner_vertices": 93,
    "shared_curve_downgrades": 2
  },
  "optimization": {
    "input_regions": 2943,
    "primitive_regions": 0,
    "path_regions": 2943,
    "shared_gradient_regions": 0
  },
  "svg": {
    "objects": 16445,
    "path_subpaths": 24614,
    "path_elements": 13561,
    "rect_elements": 80,
    "circle_elements": 0,
    "ellipse_elements": 0,
    "line_elements": 2800,
    "linear_gradients": 685,
    "radial_gradients": 513,
    "structural_strokes": 6828,
    "structural_color_patches": 0,
    "gradient_stops": 4659,
    "linear_cubics_to_lines": 7242,
    "redundant_segments_removed": 4483,
    "arc_segments": 4431,
    "merged_arc_segments": 11,
    "paint_paths_merged": 2662,
    "paint_batches": 1234,
    "alpha_mask_paths": 0,
    "outline_bands": 0,
    "outline_color_patches": 0,
    "outline_paint_regions_removed": 0,
    "outline_structural_strokes_removed": 0,
    "invisible_elements_removed": 0,
    "invisible_strokes_removed": 0,
    "bytes": 8261651
  }
}
wrote /tmp/picvec-generic-speed/comparison/00-before/booster-layout.svg (1600x571, 16445 objects, 24614 subpaths, 250.568s)
