picvec stage load-resize: 0.001s (total 0.001s)
picvec stage edge-roles: 3.065s (total 3.066s)
picvec stage structural-analysis: 0.547s (total 3.613s)
picvec stage perceptual-smoothing: 0.901s (total 4.514s)
picvec segmentation substage setup: 0.025s
picvec segmentation substage palette: 0.320s (81633 histogram cells, 2759 colours)
picvec segmentation substage initial-components: 0.093s
picvec segmentation substage small-components: 1.390s
picvec segmentation substage compact: 0.042s
picvec segmentation substage antialias: 0.364s
picvec segmentation substage finalize: 0.064s (total 2.297s)
picvec stage segmentation: 3.046s (total 7.560s)
picvec stage boundary-regularization: 0.259s (total 7.819s)
picvec stage paint-aware-merge: 0.392s (total 8.210s)
picvec stage thin-paint-ownership: 0.665s (total 8.875s)
picvec stage paint-topology-preservation: 2.150s (total 11.025s)
picvec paint substage setup: 0.031s
picvec paint substage initial: 1.894s (primary solid 0, gain-bound solid 3198, low-range solid 33, model search 2593)
picvec paint substage harmonize: 0.410s
picvec paint substage couple: 0.083s
picvec stage paint-fitting: 2.530s (total 13.555s)
picvec layered merge candidates: considered 12286, evidence 11947, seam 153, layered 41, nonfinite 0, face 94, combined 62, accepted 30
picvec stage source-supported-paint-merge: 1.409s (total 14.965s)
picvec stage exact-paint-merge: 0.043s (total 15.007s)
picvec stage layered-paint-simplification: 1.238s (total 16.245s)
picvec stage residual-shape-refinement: 1.768s (total 18.014s)
picvec stage interior-shading: 1.603s (total 19.616s)
picvec stage face-alpha: 0.025s (total 19.642s)
picvec stage hierarchical-topology: 0.007s (total 19.649s)
picvec stage shared-geometry: 16.602s (total 36.251s)
picvec stage paint-preview: 0.189s (total 36.440s)
picvec structural substage ownership: 4.941s
picvec structural substage outline-proposals: 0.817s
picvec structural substage outline-validation: 0.453s
picvec structural substage colour-patches: 1.571s
picvec stage structural-selection: 7.783s (total 44.223s)
picvec stage paint-order-validation: 47.605s (total 91.828s)
picvec stage covered-hole-simplification: 60.515s (total 152.343s)
picvec stage final-svg: 4.748s (total 157.091s)
picvec adaptive candidate 4328 872 464 752: error=11.1084 model_cost=2.7915 priority=6.6486
picvec adaptive candidate 1703 904 746 675: error=10.6300 model_cost=2.7635 priority=6.3945
picvec adaptive candidate 4195 1707 725 761: error=10.7638 model_cost=3.0568 priority=6.1565
picvec adaptive candidate 1702 1716 736 732: error=10.4260 model_cost=2.8710 priority=6.1532
picvec adaptive candidate 2561 909 698 671: error=8.3605 model_cost=1.9814 priority=5.9394
picvec adaptive candidate 87 904 680 676: error=8.8815 model_cost=2.2389 priority=5.9357
picvec adaptive candidate 1772 2551 585 739: error=9.5190 model_cost=2.7076 priority=5.7850
picvec adaptive candidate 3378 3520 702 298: error=9.1594 model_cost=2.5378 priority=5.7496
picvec adaptive candidate 912 4118 700 663: error=9.1123 model_cost=2.5971 priority=5.6543
picvec adaptive candidate 4205 2590 712 681: error=8.7459 model_cost=2.4209 priority=5.6211
picvec adaptive candidate 2548 1703 732 744: error=9.3408 model_cost=2.8050 priority=5.5772
picvec adaptive candidate 4188 4125 711 685: error=8.2904 model_cost=2.2287 priority=5.5533
picvec adaptive candidate 3418 1685 609 784: error=9.8807 model_cost=3.2298 priority=5.4979
picvec adaptive candidate 2596 2538 601 782: error=10.5028 model_cost=3.8252 priority=5.3700
picvec adaptive candidate 4267 3331 576 685: error=8.3130 model_cost=2.4466 priority=5.3147
picvec adaptive candidate 4284 114 538 696: error=7.7861 model_cost=2.2078 priority=5.2401
picvec adaptive candidate 2630 114 548 694: error=7.1847 model_cost=1.9146 priority=5.1924
picvec adaptive candidate 881 1726 743 704: error=8.4832 model_cost=2.7210 priority=5.1428
picvec adaptive candidate 3403 912 685 668: error=7.4794 model_cost=2.1342 priority=5.1198
picvec adaptive candidate 84 4089 690 725: error=8.1689 model_cost=2.5476 priority=5.1180
picvec adaptive candidate 2539 4106 681 707: error=7.8674 model_cost=2.3843 priority=5.0951
picvec adaptive candidate 995 3319 518 690: error=7.3399 model_cost=2.1416 priority=5.0156
picvec adaptive candidate 3463 114 553 694: error=7.5884 model_cost=2.3112 priority=4.9915
picvec adaptive candidate 165 114 548 694: error=7.0293 model_cost=2.0331 priority=4.9299
picvec adaptive candidate 987 114 544 694: error=6.7488 model_cost=1.8865 priority=4.9136
picvec adaptive candidate 160 1686 558 760: error=8.4634 model_cost=2.9797 priority=4.9030
picvec adaptive candidate 1807 114 550 694: error=6.8074 model_cost=1.9790 priority=4.8390
picvec adaptive candidate 87 2584 680 689: error=7.0405 model_cost=2.1431 priority=4.8093
picvec adaptive candidate 3383 2592 689 709: error=6.9824 model_cost=2.1359 priority=4.7776
picvec adaptive candidate 3393 4092 641 710: error=7.0351 model_cost=2.2418 priority=4.6986
picvec adaptive candidate 927 910 677 670: error=6.5068 model_cost=2.0596 priority=4.5339
picvec adaptive candidate 1755 4138 625 672: error=5.9151 model_cost=1.7387 priority=4.4859
picvec adaptive candidate 73 3325 690 672: error=7.3554 model_cost=2.7931 priority=4.4011
picvec adaptive candidate 1749 3325 632 679: error=6.1278 model_cost=2.2295 priority=4.1039
picvec adaptive candidate 975 2552 564 716: error=6.3679 model_cost=2.5263 priority=4.0064
picvec adaptive candidate 2529 3392 717 540: error=6.3952 model_cost=2.6353 priority=3.9395
picvec adaptive processing: source 3370 3512 718 314, processing 718 314
picvec stage load-resize: 0.001s (total 0.001s)
picvec adaptive processing: source 2551 899 718 691, processing 718 691
picvec adaptive processing: source 1693 894 766 695, processing 766 695
picvec adaptive processing: source 1763 2542 603 757, processing 603 757
picvec stage load-resize: 0.002s (total 0.002s)
picvec adaptive processing: source 4320 864 480 768, processing 480 768
picvec stage load-resize: 0.002s (total 0.002s)
picvec stage load-resize: 0.002s (total 0.002s)
picvec adaptive processing: source 1691 1705 758 754, processing 758 754
picvec stage load-resize: 0.001s (total 0.001s)
picvec adaptive processing: source 902 4108 720 683, processing 720 683
picvec adaptive processing: source 77 894 700 696, processing 700 696
picvec stage load-resize: 0.003s (total 0.003s)
picvec stage load-resize: 0.002s (total 0.002s)
picvec stage load-resize: 0.002s (total 0.002s)
picvec adaptive processing: source 4195 2580 732 701, processing 732 701
picvec adaptive processing: source 4184 1696 747 783, processing 747 783
picvec stage load-resize: 0.005s (total 0.005s)
picvec stage load-resize: 0.003s (total 0.003s)
picvec stage edge-roles: 0.661s (total 0.661s)
picvec stage structural-analysis: 0.202s (total 0.863s)
picvec stage edge-roles: 1.081s (total 1.084s)
picvec stage perceptual-smoothing: 0.416s (total 1.279s)
picvec segmentation substage setup: 0.018s
picvec segmentation substage palette: 0.069s (16101 histogram cells, 978 colours)
picvec segmentation substage initial-components: 0.006s
picvec stage edge-roles: 1.376s (total 1.378s)
picvec stage edge-roles: 1.441s (total 1.444s)
picvec stage edge-roles: 1.456s (total 1.458s)
picvec segmentation substage small-components: 0.097s
picvec segmentation substage compact: 0.004s
picvec stage edge-roles: 1.495s (total 1.498s)
picvec stage edge-roles: 1.490s (total 1.495s)
picvec segmentation substage antialias: 0.054s
picvec segmentation substage finalize: 0.023s (total 0.271s)
picvec stage structural-analysis: 0.479s (total 1.563s)
picvec stage edge-roles: 1.583s (total 1.585s)
picvec stage edge-roles: 1.685s (total 1.686s)
picvec stage segmentation: 0.532s (total 1.812s)
picvec stage edge-roles: 1.882s (total 1.885s)
picvec stage boundary-regularization: 0.093s (total 1.905s)
picvec stage structural-analysis: 0.608s (total 1.986s)
picvec stage paint-aware-merge: 0.184s (total 2.090s)
picvec stage structural-analysis: 0.625s (total 2.123s)
picvec stage structural-analysis: 0.712s (total 2.171s)
picvec stage thin-paint-ownership: 0.094s (total 2.183s)
picvec stage perceptual-smoothing: 0.657s (total 2.219s)
picvec stage structural-analysis: 0.801s (total 2.245s)
picvec segmentation substage setup: 0.027s
picvec stage structural-analysis: 0.834s (total 2.329s)
picvec segmentation substage palette: 0.103s (21475 histogram cells, 1166 colours)
picvec segmentation substage initial-components: 0.017s
picvec segmentation substage small-components: 0.115s
picvec segmentation substage compact: 0.012s
picvec stage structural-analysis: 0.923s (total 2.508s)
picvec segmentation substage antialias: 0.123s
picvec stage structural-analysis: 0.949s (total 2.635s)
picvec segmentation substage finalize: 0.038s (total 0.435s)
picvec stage perceptual-smoothing: 0.823s (total 2.809s)
picvec stage paint-topology-preservation: 0.630s (total 2.813s)
picvec paint substage setup: 0.017s
picvec segmentation substage setup: 0.034s
picvec stage structural-analysis: 1.006s (total 2.891s)
picvec segmentation substage palette: 0.073s (17570 histogram cells, 767 colours)
picvec segmentation substage initial-components: 0.032s
picvec stage perceptual-smoothing: 0.903s (total 3.026s)
picvec stage perceptual-smoothing: 0.863s (total 3.034s)
picvec segmentation substage setup: 0.037s
picvec segmentation substage setup: 0.037s
picvec segmentation substage small-components: 0.184s
picvec stage perceptual-smoothing: 0.894s (total 3.140s)
picvec stage segmentation: 0.919s (total 3.138s)
picvec segmentation substage compact: 0.015s
picvec segmentation substage palette: 0.079s (14391 histogram cells, 778 colours)
picvec segmentation substage initial-components: 0.019s
picvec segmentation substage setup: 0.037s
picvec segmentation substage palette: 0.141s (26144 histogram cells, 1264 colours)
picvec segmentation substage initial-components: 0.028s
picvec segmentation substage palette: 0.093s (18279 histogram cells, 1113 colours)
picvec stage perceptual-smoothing: 0.934s (total 3.263s)
picvec segmentation substage small-components: 0.112s
picvec stage boundary-regularization: 0.148s (total 3.286s)
picvec segmentation substage initial-components: 0.022s
picvec segmentation substage compact: 0.013s
picvec segmentation substage setup: 0.034s
picvec segmentation substage antialias: 0.171s
picvec segmentation substage finalize: 0.055s (total 0.564s)
picvec segmentation substage small-components: 0.083s
picvec segmentation substage palette: 0.071s (17782 histogram cells, 952 colours)
picvec segmentation substage compact: 0.018s
picvec segmentation substage initial-components: 0.019s
picvec segmentation substage small-components: 0.194s
picvec segmentation substage compact: 0.011s
picvec stage perceptual-smoothing: 0.942s (total 3.450s)
picvec segmentation substage antialias: 0.179s
picvec segmentation substage setup: 0.039s
picvec segmentation substage small-components: 0.111s
picvec stage paint-aware-merge: 0.234s (total 3.520s)
picvec segmentation substage compact: 0.017s
picvec segmentation substage finalize: 0.054s (total 0.493s)
picvec segmentation substage antialias: 0.167s
picvec segmentation substage palette: 0.123s (27922 histogram cells, 1305 colours)
picvec segmentation substage finalize: 0.055s (total 0.475s)
picvec segmentation substage antialias: 0.199s
picvec segmentation substage initial-components: 0.033s
picvec stage perceptual-smoothing: 1.021s (total 3.656s)
picvec stage thin-paint-ownership: 0.158s (total 3.677s)
picvec segmentation substage finalize: 0.050s (total 0.661s)
picvec segmentation substage antialias: 0.171s
picvec segmentation substage setup: 0.039s
picvec segmentation substage finalize: 0.065s (total 0.488s)
picvec segmentation substage small-components: 0.210s
picvec segmentation substage compact: 0.019s
picvec segmentation substage palette: 0.193s (37278 histogram cells, 1779 colours)
picvec stage perceptual-smoothing: 1.020s (total 3.911s)
picvec segmentation substage initial-components: 0.034s
picvec paint substage initial: 1.106s (primary solid 0, gain-bound solid 95, low-range solid 7, model search 216)
picvec segmentation substage setup: 0.041s
picvec segmentation substage antialias: 0.206s
picvec stage segmentation: 0.944s (total 4.084s)
picvec segmentation substage palette: 0.156s (32897 histogram cells, 1592 colours)
picvec segmentation substage finalize: 0.062s (total 0.692s)
picvec segmentation substage initial-components: 0.049s
picvec stage segmentation: 1.369s (total 4.178s)
picvec segmentation substage small-components: 0.317s
picvec segmentation substage compact: 0.019s
picvec stage boundary-regularization: 0.201s (total 4.284s)
picvec stage segmentation: 1.048s (total 4.311s)
picvec stage segmentation: 1.317s (total 4.351s)
picvec stage boundary-regularization: 0.179s (total 4.357s)
picvec paint substage harmonize: 0.492s
picvec segmentation substage small-components: 0.289s
picvec segmentation substage antialias: 0.196s
picvec segmentation substage compact: 0.019s
picvec paint substage couple: 0.069s
picvec stage paint-fitting: 1.709s (total 4.522s)
picvec stage boundary-regularization: 0.206s (total 4.517s)
picvec segmentation substage finalize: 0.056s (total 0.870s)
picvec stage boundary-regularization: 0.214s (total 4.565s)
picvec segmentation substage antialias: 0.210s
picvec stage paint-aware-merge: 0.429s (total 4.714s)
picvec segmentation substage finalize: 0.064s (total 0.830s)
picvec stage segmentation: 1.369s (total 4.819s)
picvec stage segmentation: 1.833s (total 4.859s)
picvec stage thin-paint-ownership: 0.152s (total 4.866s)
picvec stage boundary-regularization: 0.230s (total 5.049s)
picvec stage paint-aware-merge: 0.727s (total 5.085s)
picvec stage boundary-regularization: 0.223s (total 5.082s)
picvec stage paint-aware-merge: 0.554s (total 5.119s)
picvec stage paint-aware-merge: 0.614s (total 5.131s)
picvec stage thin-paint-ownership: 0.223s (total 5.307s)
picvec stage thin-paint-ownership: 0.193s (total 5.324s)
picvec stage segmentation: 1.691s (total 5.347s)
picvec stage paint-topology-preservation: 1.682s (total 5.360s)
picvec paint substage setup: 0.026s
picvec stage thin-paint-ownership: 0.279s (total 5.398s)
picvec layered merge candidates: considered 825, evidence 742, seam 9, layered 12, nonfinite 0, face 29, combined 33, accepted 12
picvec stage source-supported-paint-merge: 0.923s (total 5.445s)
picvec stage exact-paint-merge: 0.007s (total 5.452s)
picvec stage layered-paint-simplification: 0.074s (total 5.526s)
picvec stage boundary-regularization: 0.215s (total 5.562s)
picvec stage paint-aware-merge: 0.495s (total 5.577s)
picvec stage residual-shape-refinement: 0.065s (total 5.591s)
picvec stage segmentation: 1.693s (total 5.604s)
picvec stage paint-aware-merge: 0.769s (total 5.818s)
picvec stage thin-paint-ownership: 0.273s (total 5.850s)
picvec stage boundary-regularization: 0.258s (total 5.862s)
picvec stage thin-paint-ownership: 0.249s (total 6.067s)
picvec stage interior-shading: 0.530s (total 6.121s)
picvec stage face-alpha: 0.003s (total 6.124s)
picvec stage hierarchical-topology: 0.001s (total 6.124s)
picvec stage paint-aware-merge: 1.055s (total 6.617s)
picvec stage paint-topology-preservation: 2.040s (total 6.906s)
picvec paint substage setup: 0.033s
picvec stage paint-aware-merge: 1.082s (total 6.944s)
picvec stage thin-paint-ownership: 0.603s (total 7.220s)
picvec stage thin-paint-ownership: 0.270s (total 7.214s)
picvec stage paint-topology-preservation: 1.689s (total 7.538s)
picvec stage paint-topology-preservation: 2.152s (total 7.550s)
picvec paint substage setup: 0.035s
picvec paint substage setup: 0.033s
picvec stage paint-topology-preservation: 2.301s (total 7.625s)
picvec paint substage initial: 2.284s (primary solid 0, gain-bound solid 109, low-range solid 12, model search 346)
picvec paint substage setup: 0.039s
picvec stage paint-topology-preservation: 2.771s (total 8.079s)
picvec paint substage setup: 0.036s
picvec stage paint-topology-preservation: 2.197s (total 8.264s)
picvec paint substage setup: 0.053s
picvec paint substage initial: 1.792s (primary solid 0, gain-bound solid 67, low-range solid 15, model search 317)
picvec stage shared-geometry: 3.050s (total 9.175s)
picvec stage paint-preview: 0.020s (total 9.195s)
picvec structural substage ownership: 0.093s
picvec structural substage outline-proposals: 0.001s
picvec structural substage outline-validation: 0.000s
picvec structural substage colour-patches: 0.051s
picvec stage structural-selection: 0.145s (total 9.340s)
picvec paint substage initial: 1.696s (primary solid 0, gain-bound solid 88, low-range solid 18, model search 307)
picvec stage paint-order-validation: 0.190s (total 9.530s)
picvec stage paint-topology-preservation: 2.431s (total 9.645s)
picvec paint substage setup: 0.041s
picvec stage covered-hole-simplification: 0.186s (total 9.716s)
picvec paint substage initial: 2.183s (primary solid 0, gain-bound solid 97, low-range solid 14, model search 300)
picvec stage final-svg: 0.087s (total 9.803s)
picvec stage paint-topology-preservation: 3.018s (total 10.238s)
picvec paint substage setup: 0.041s
picvec paint substage harmonize: 1.509s
picvec paint substage initial: 2.790s (primary solid 0, gain-bound solid 137, low-range solid 16, model search 543)
picvec paint substage couple: 0.135s
picvec stage paint-fitting: 3.520s (total 10.426s)
picvec paint substage harmonize: 3.112s
picvec paint substage couple: 0.167s
picvec stage paint-fitting: 5.639s (total 10.999s)
picvec paint substage initial: 3.181s (primary solid 0, gain-bound solid 52, low-range solid 9, model search 435)
picvec paint substage harmonize: 2.742s
picvec paint substage couple: 0.076s
picvec stage paint-fitting: 4.610s (total 12.236s)
picvec adaptive evaluated 3378 3520 702 298: baseline=PerceptualScore { mean_delta_e: 4.2444706, p90_delta_e: 12.390707, missing_edge_fraction: 0.76437527, combined: 9.159421 } refined=PerceptualScore { mean_delta_e: 1.202273, p90_delta_e: 2.362761, missing_edge_fraction: 0.3731085, combined: 2.6054528 } boundary_matches=true bytes=206346
picvec adaptive processing: source 2537 1692 754 766, processing 754 766
picvec stage load-resize: 0.001s (total 0.001s)
picvec paint substage initial: 4.355s (primary solid 0, gain-bound solid 220, low-range solid 16, model search 551)
picvec paint substage harmonize: 2.890s
picvec paint substage couple: 0.148s
picvec stage paint-fitting: 5.305s (total 12.855s)
picvec paint substage harmonize: 2.963s
picvec paint substage couple: 0.118s
picvec stage paint-fitting: 5.966s (total 13.504s)
picvec stage edge-roles: 1.555s (total 1.555s)
picvec paint substage initial: 4.834s (primary solid 0, gain-bound solid 305, low-range solid 19, model search 669)
picvec layered merge candidates: considered 1227, evidence 1035, seam 18, layered 41, nonfinite 0, face 99, combined 53, accepted 22
picvec stage structural-analysis: 0.856s (total 2.411s)
picvec stage source-supported-paint-merge: 4.026s (total 15.024s)
picvec stage exact-paint-merge: 0.011s (total 15.035s)
picvec paint substage initial: 4.969s (primary solid 0, gain-bound solid 400, low-range solid 15, model search 729)
picvec stage layered-paint-simplification: 0.312s (total 15.348s)
picvec paint substage harmonize: 4.294s
picvec stage residual-shape-refinement: 0.511s (total 15.859s)
picvec paint substage couple: 0.268s
picvec stage paint-fitting: 7.832s (total 15.910s)
picvec layered merge candidates: considered 1091, evidence 943, seam 32, layered 27, nonfinite 0, face 68, combined 34, accepted 14
picvec stage source-supported-paint-merge: 3.162s (total 16.018s)
picvec stage perceptual-smoothing: 1.006s (total 3.417s)
picvec stage exact-paint-merge: 0.013s (total 16.030s)
picvec segmentation substage setup: 0.042s
picvec stage layered-paint-simplification: 0.118s (total 16.149s)
picvec segmentation substage palette: 0.149s (30698 histogram cells, 1477 colours)
picvec stage residual-shape-refinement: 0.068s (total 16.216s)
picvec segmentation substage initial-components: 0.023s
picvec segmentation substage small-components: 0.227s
picvec segmentation substage compact: 0.018s
picvec layered merge candidates: considered 1108, evidence 942, seam 30, layered 26, nonfinite 0, face 74, combined 42, accepted 20
picvec segmentation substage antialias: 0.200s
picvec stage source-supported-paint-merge: 4.444s (total 16.680s)
picvec stage exact-paint-merge: 0.013s (total 16.693s)
picvec segmentation substage finalize: 0.064s (total 0.723s)
picvec stage layered-paint-simplification: 0.086s (total 16.779s)
picvec stage residual-shape-refinement: 0.037s (total 16.816s)
picvec stage segmentation: 1.442s (total 4.859s)
picvec stage interior-shading: 1.753s (total 17.612s)
picvec stage face-alpha: 0.004s (total 17.616s)
picvec stage hierarchical-topology: 0.002s (total 17.618s)
picvec layered merge candidates: considered 1816, evidence 1526, seam 90, layered 38, nonfinite 0, face 86, combined 87, accepted 27
picvec stage source-supported-paint-merge: 4.169s (total 17.673s)
picvec stage exact-paint-merge: 0.013s (total 17.686s)
picvec stage interior-shading: 1.482s (total 17.699s)
picvec stage boundary-regularization: 0.241s (total 5.100s)
picvec stage face-alpha: 0.005s (total 17.703s)
picvec stage hierarchical-topology: 0.002s (total 17.706s)
picvec stage layered-paint-simplification: 0.056s (total 17.741s)
picvec stage residual-shape-refinement: 0.041s (total 17.783s)
picvec paint substage harmonize: 5.463s
picvec stage interior-shading: 1.402s (total 18.218s)
picvec stage face-alpha: 0.005s (total 18.223s)
picvec stage hierarchical-topology: 0.002s (total 18.225s)
picvec paint substage couple: 0.251s
picvec stage paint-fitting: 10.193s (total 18.457s)
picvec stage paint-aware-merge: 0.843s (total 5.943s)
picvec stage thin-paint-ownership: 0.252s (total 6.195s)
picvec paint substage harmonize: 4.429s
picvec stage interior-shading: 1.283s (total 19.065s)
picvec stage face-alpha: 0.007s (total 19.072s)
picvec stage hierarchical-topology: 0.002s (total 19.075s)
picvec paint substage couple: 0.319s
picvec stage paint-fitting: 9.704s (total 19.349s)
picvec layered merge candidates: considered 1045, evidence 893, seam 24, layered 30, nonfinite 0, face 51, combined 48, accepted 29
picvec stage source-supported-paint-merge: 9.441s (total 19.866s)
picvec stage exact-paint-merge: 0.014s (total 19.880s)
picvec stage layered-paint-simplification: 0.291s (total 20.171s)
picvec stage residual-shape-refinement: 0.146s (total 20.317s)
picvec paint substage harmonize: 5.217s
picvec paint substage couple: 0.390s
picvec stage paint-fitting: 10.697s (total 20.935s)
picvec layered merge candidates: considered 1414, evidence 1093, seam 92, layered 60, nonfinite 0, face 124, combined 72, accepted 33
picvec stage source-supported-paint-merge: 5.136s (total 21.047s)
picvec stage exact-paint-merge: 0.019s (total 21.065s)
picvec stage interior-shading: 0.891s (total 21.207s)
picvec stage face-alpha: 0.005s (total 21.213s)
picvec stage hierarchical-topology: 0.002s (total 21.214s)
picvec stage paint-topology-preservation: 2.412s (total 8.607s)
picvec paint substage setup: 0.038s
picvec stage layered-paint-simplification: 1.101s (total 22.166s)
picvec stage residual-shape-refinement: 1.787s (total 23.954s)
picvec layered merge candidates: considered 2073, evidence 1695, seam 86, layered 66, nonfinite 0, face 166, combined 95, accepted 31
picvec stage source-supported-paint-merge: 6.230s (total 24.687s)
picvec stage exact-paint-merge: 0.048s (total 24.735s)
picvec layered merge candidates: considered 2538, evidence 2203, seam 80, layered 76, nonfinite 0, face 157, combined 75, accepted 23
picvec stage source-supported-paint-merge: 5.666s (total 25.015s)
picvec stage exact-paint-merge: 0.019s (total 25.034s)
picvec stage layered-paint-simplification: 0.285s (total 25.319s)
picvec paint substage initial: 4.107s (primary solid 0, gain-bound solid 204, low-range solid 15, model search 582)
picvec stage residual-shape-refinement: 0.643s (total 25.962s)
picvec stage layered-paint-simplification: 1.606s (total 26.341s)
picvec stage shared-geometry: 8.668s (total 26.374s)
picvec stage paint-preview: 0.033s (total 26.407s)
picvec structural substage ownership: 0.230s
picvec structural substage outline-proposals: 0.002s
picvec structural substage outline-validation: 0.000s
picvec stage interior-shading: 2.732s (total 26.686s)
picvec stage face-alpha: 0.011s (total 26.697s)
picvec stage hierarchical-topology: 0.003s (total 26.700s)
picvec structural substage colour-patches: 0.091s
picvec stage structural-selection: 0.322s (total 26.729s)
picvec stage paint-order-validation: 0.218s (total 26.947s)
picvec stage shared-geometry: 9.335s (total 26.954s)
picvec stage paint-preview: 0.040s (total 26.994s)
picvec layered merge candidates: considered 2901, evidence 2473, seam 94, layered 76, nonfinite 0, face 181, combined 109, accepted 44
picvec stage source-supported-paint-merge: 6.182s (total 27.116s)
picvec stage exact-paint-merge: 0.022s (total 27.138s)
picvec stage covered-hole-simplification: 0.431s (total 27.378s)
picvec structural substage ownership: 0.404s
picvec stage final-svg: 0.109s (total 27.486s)
picvec structural substage outline-proposals: 0.148s
picvec structural substage outline-validation: 0.088s
picvec structural substage colour-patches: 0.159s
picvec stage structural-selection: 0.799s (total 27.793s)
picvec stage layered-paint-simplification: 0.655s (total 27.793s)
picvec stage paint-order-validation: 0.382s (total 28.175s)
picvec stage residual-shape-refinement: 0.775s (total 28.569s)
picvec stage shared-geometry: 9.643s (total 28.717s)
picvec stage paint-preview: 0.056s (total 28.773s)
picvec stage shared-geometry: 10.753s (total 28.978s)
picvec stage paint-preview: 0.041s (total 29.019s)
picvec structural substage ownership: 0.398s
picvec structural substage outline-proposals: 0.007s
picvec structural substage outline-validation: 0.000s
picvec paint substage harmonize: 3.821s
picvec stage interior-shading: 3.323s (total 29.285s)
picvec stage face-alpha: 0.007s (total 29.292s)
picvec stage hierarchical-topology: 0.003s (total 29.295s)
picvec structural substage colour-patches: 0.190s
picvec stage structural-selection: 0.595s (total 29.368s)
picvec structural substage ownership: 0.370s
picvec stage covered-hole-simplification: 1.276s (total 29.450s)
picvec stage shared-geometry: 8.275s (total 29.489s)
picvec stage paint-preview: 0.044s (total 29.533s)
picvec paint substage couple: 0.333s
picvec stage paint-fitting: 8.371s (total 16.978s)
picvec structural substage outline-proposals: 0.253s
picvec structural substage outline-validation: 0.079s
picvec structural substage ownership: 0.242s
picvec structural substage colour-patches: 0.110s
picvec stage structural-selection: 0.824s (total 29.843s)
picvec stage paint-order-validation: 0.610s (total 29.978s)
picvec stage final-svg: 0.546s (total 29.996s)
picvec structural substage outline-proposals: 0.266s
picvec structural substage outline-validation: 0.076s
picvec structural substage colour-patches: 0.099s
picvec stage structural-selection: 0.682s (total 30.216s)
picvec stage paint-order-validation: 0.538s (total 30.381s)
picvec adaptive evaluated 4328 872 464 752: baseline=PerceptualScore { mean_delta_e: 5.1810675, p90_delta_e: 15.676727, missing_edge_fraction: 0.8354049, combined: 11.108385 } refined=PerceptualScore { mean_delta_e: 1.697622, p90_delta_e: 2.7617223, missing_edge_fraction: 0.2700565, combined: 2.6787882 } boundary_matches=true bytes=424815
picvec adaptive processing: source 4178 4115 731 705, processing 731 705
picvec stage load-resize: 0.000s (total 0.000s)
picvec stage covered-hole-simplification: 0.882s (total 30.860s)
picvec stage paint-order-validation: 0.677s (total 30.892s)
picvec stage final-svg: 0.116s (total 30.976s)
picvec stage residual-shape-refinement: 4.669s (total 31.010s)
picvec stage covered-hole-simplification: 1.382s (total 31.763s)
picvec stage covered-hole-simplification: 0.980s (total 31.872s)
picvec stage edge-roles: 1.377s (total 1.378s)
picvec stage final-svg: 0.560s (total 32.323s)
picvec stage final-svg: 0.539s (total 32.411s)
picvec stage structural-analysis: 0.681s (total 2.059s)
picvec stage interior-shading: 4.471s (total 33.039s)
picvec stage face-alpha: 0.009s (total 33.048s)
picvec stage hierarchical-topology: 0.005s (total 33.053s)
picvec stage perceptual-smoothing: 0.942s (total 3.001s)
picvec segmentation substage setup: 0.037s
picvec segmentation substage palette: 0.114s (26349 histogram cells, 1481 colours)
picvec adaptive evaluated 87 904 680 676: baseline=PerceptualScore { mean_delta_e: 3.988487, p90_delta_e: 12.251256, missing_edge_fraction: 0.7287234, combined: 8.881493 } refined=PerceptualScore { mean_delta_e: 1.2851443, p90_delta_e: 1.8463461, missing_edge_fraction: 0.26010638, combined: 2.0971725 } boundary_matches=true bytes=327306
picvec adaptive processing: source 3409 1676 627 802, processing 627 802
picvec stage load-resize: 0.000s (total 0.000s)
picvec segmentation substage initial-components: 0.020s
picvec layered merge candidates: considered 2125, evidence 1744, seam 92, layered 67, nonfinite 0, face 142, combined 105, accepted 42
picvec stage source-supported-paint-merge: 4.540s (total 21.518s)
picvec stage exact-paint-merge: 0.019s (total 21.537s)
picvec segmentation substage small-components: 0.179s
picvec segmentation substage compact: 0.015s
picvec stage interior-shading: 3.206s (total 34.216s)
picvec stage face-alpha: 0.007s (total 34.224s)
picvec stage hierarchical-topology: 0.003s (total 34.227s)
picvec segmentation substage antialias: 0.152s
picvec segmentation substage finalize: 0.051s (total 0.568s)
picvec stage layered-paint-simplification: 0.535s (total 22.072s)
picvec stage segmentation: 1.212s (total 4.213s)
picvec stage boundary-regularization: 0.211s (total 4.424s)
picvec stage edge-roles: 1.370s (total 1.371s)
picvec stage residual-shape-refinement: 0.841s (total 22.913s)
picvec adaptive evaluated 4205 2590 712 681: baseline=PerceptualScore { mean_delta_e: 3.8828988, p90_delta_e: 12.090997, missing_edge_fraction: 0.72072417, combined: 8.745875 } refined=PerceptualScore { mean_delta_e: 1.3017021, p90_delta_e: 2.2651129, missing_edge_fraction: 0.3170262, combined: 2.4428897 } boundary_matches=true bytes=371744
picvec adaptive processing: source 2587 2529 619 800, processing 619 800
picvec stage load-resize: 0.000s (total 0.000s)
picvec stage paint-aware-merge: 0.648s (total 5.071s)
picvec stage structural-analysis: 0.730s (total 2.101s)
picvec stage thin-paint-ownership: 0.247s (total 5.318s)
picvec stage shared-geometry: 9.444s (total 36.143s)
picvec stage paint-preview: 0.059s (total 36.202s)
picvec structural substage ownership: 0.233s
picvec structural substage outline-proposals: 0.007s
picvec structural substage outline-validation: 0.000s
picvec structural substage colour-patches: 0.169s
picvec stage structural-selection: 0.409s (total 36.611s)
picvec stage perceptual-smoothing: 0.930s (total 3.030s)
picvec segmentation substage setup: 0.030s
picvec adaptive evaluated 912 4118 700 663: baseline=PerceptualScore { mean_delta_e: 4.1470256, p90_delta_e: 12.696511, missing_edge_fraction: 0.7225028, combined: 9.112274 } refined=PerceptualScore { mean_delta_e: 1.5053718, p90_delta_e: 2.9074721, missing_edge_fraction: 0.32154882, combined: 2.8050528 } boundary_matches=true bytes=576499
picvec adaptive processing: source 4258 3322 594 703, processing 594 703
picvec stage load-resize: 0.001s (total 0.001s)
picvec stage edge-roles: 1.461s (total 1.462s)
picvec stage paint-order-validation: 0.552s (total 37.164s)
picvec segmentation substage palette: 0.220s (34781 histogram cells, 1661 colours)
picvec segmentation substage initial-components: 0.035s
picvec segmentation substage small-components: 0.354s
picvec segmentation substage compact: 0.021s
picvec stage structural-analysis: 0.629s (total 2.091s)
picvec segmentation substage antialias: 0.164s
picvec segmentation substage finalize: 0.050s (total 0.875s)
picvec stage covered-hole-simplification: 0.815s (total 37.978s)
picvec stage final-svg: 0.157s (total 38.135s)
picvec stage edge-roles: 1.166s (total 1.167s)
picvec stage paint-topology-preservation: 2.236s (total 7.554s)
picvec paint substage setup: 0.038s
picvec stage structural-analysis: 0.418s (total 1.585s)
picvec stage perceptual-smoothing: 0.952s (total 3.043s)
picvec segmentation substage setup: 0.034s
picvec stage interior-shading: 3.242s (total 26.155s)
picvec stage face-alpha: 0.024s (total 26.179s)
picvec stage hierarchical-topology: 0.004s (total 26.183s)
picvec segmentation substage palette: 0.105s (20779 histogram cells, 976 colours)
picvec segmentation substage initial-components: 0.037s
picvec stage segmentation: 1.904s (total 4.934s)
picvec stage boundary-regularization: 0.195s (total 5.129s)
picvec segmentation substage small-components: 0.229s
picvec segmentation substage compact: 0.016s
picvec segmentation substage antialias: 0.266s
picvec stage perceptual-smoothing: 0.754s (total 2.339s)
picvec segmentation substage finalize: 0.056s (total 0.743s)
picvec segmentation substage setup: 0.030s
picvec segmentation substage palette: 0.125s (27109 histogram cells, 1136 colours)
picvec segmentation substage initial-components: 0.022s
picvec segmentation substage small-components: 0.213s
picvec segmentation substage compact: 0.012s
picvec segmentation substage antialias: 0.131s
picvec segmentation substage finalize: 0.047s (total 0.579s)
picvec stage shared-geometry: 10.788s (total 40.083s)
picvec stage paint-aware-merge: 1.020s (total 6.149s)
picvec stage segmentation: 1.465s (total 4.507s)
picvec stage paint-preview: 0.105s (total 40.188s)
picvec stage boundary-regularization: 0.239s (total 4.747s)
picvec stage thin-paint-ownership: 0.458s (total 6.607s)
picvec stage segmentation: 1.274s (total 3.614s)
picvec stage boundary-regularization: 0.160s (total 3.773s)
picvec stage paint-aware-merge: 0.383s (total 4.156s)
picvec paint substage initial: 2.883s (primary solid 0, gain-bound solid 146, low-range solid 5, model search 433)
picvec stage paint-aware-merge: 1.078s (total 5.825s)
picvec structural substage ownership: 1.285s
picvec structural substage outline-proposals: 0.002s
picvec structural substage outline-validation: 0.000s
picvec stage thin-paint-ownership: 0.404s (total 4.560s)
picvec structural substage colour-patches: 0.213s
picvec stage structural-selection: 1.501s (total 41.689s)
picvec stage thin-paint-ownership: 0.276s (total 6.101s)
picvec stage paint-order-validation: 0.512s (total 42.200s)
picvec stage paint-topology-preservation: 1.927s (total 8.534s)
picvec paint substage setup: 0.035s
picvec stage covered-hole-simplification: 1.028s (total 43.228s)
picvec adaptive evaluated 2561 909 698 671: baseline=PerceptualScore { mean_delta_e: 3.5617275, p90_delta_e: 10.737295, missing_edge_fraction: 0.82091916, combined: 8.360453 } refined=PerceptualScore { mean_delta_e: 1.3580734, p90_delta_e: 2.4116797, missing_edge_fraction: 0.38827258, combined: 2.7406228 } boundary_matches=true bytes=316653
picvec adaptive processing: source 4276 106 554 712, processing 554 712
picvec stage load-resize: 0.000s (total 0.000s)
picvec stage final-svg: 0.216s (total 43.444s)
picvec stage paint-topology-preservation: 2.119s (total 6.679s)
picvec paint substage setup: 0.033s
picvec stage paint-topology-preservation: 2.546s (total 8.647s)
picvec paint substage setup: 0.043s
picvec stage shared-geometry: 11.419s (total 44.472s)
picvec stage edge-roles: 1.199s (total 1.199s)
picvec stage paint-preview: 0.109s (total 44.582s)
picvec stage structural-analysis: 0.441s (total 1.640s)
picvec paint substage harmonize: 3.943s
picvec structural substage ownership: 0.812s
picvec structural substage outline-proposals: 0.046s
picvec paint substage couple: 0.202s
picvec stage paint-fitting: 7.127s (total 14.681s)
picvec structural substage outline-validation: 0.188s
picvec stage perceptual-smoothing: 0.748s (total 2.389s)
picvec segmentation substage setup: 0.033s
picvec segmentation substage palette: 0.063s (16662 histogram cells, 925 colours)
picvec segmentation substage initial-components: 0.012s
picvec stage shared-geometry: 11.682s (total 45.908s)
picvec segmentation substage small-components: 0.124s
picvec structural substage colour-patches: 0.312s
picvec stage structural-selection: 1.358s (total 45.940s)
picvec segmentation substage compact: 0.010s
picvec stage paint-preview: 0.072s (total 45.980s)
picvec segmentation substage antialias: 0.124s
picvec segmentation substage finalize: 0.049s (total 0.416s)
picvec stage paint-order-validation: 0.676s (total 46.616s)
picvec structural substage ownership: 0.745s
picvec structural substage outline-proposals: 0.009s
picvec structural substage outline-validation: 0.000s
picvec stage segmentation: 1.218s (total 3.607s)
picvec structural substage colour-patches: 0.220s
picvec stage structural-selection: 0.973s (total 46.954s)
picvec stage boundary-regularization: 0.161s (total 3.768s)
picvec paint substage initial: 4.766s (primary solid 0, gain-bound solid 438, low-range solid 5, model search 581)
picvec stage paint-aware-merge: 0.347s (total 4.114s)
picvec paint substage initial: 3.739s (primary solid 0, gain-bound solid 298, low-range solid 3, model search 525)
picvec stage thin-paint-ownership: 0.205s (total 4.319s)
picvec stage paint-order-validation: 0.759s (total 47.713s)
picvec stage covered-hole-simplification: 1.286s (total 47.902s)
picvec adaptive evaluated 4195 1707 725 761: baseline=PerceptualScore { mean_delta_e: 5.06596, p90_delta_e: 15.292145, missing_edge_fraction: 0.7890703, combined: 10.76375 } refined=PerceptualScore { mean_delta_e: 1.7666574, p90_delta_e: 3.5135968, missing_edge_fraction: 0.37820727, combined: 3.3350565 } boundary_matches=true bytes=841320
picvec adaptive processing: source 2622 106 564 710, processing 564 710
picvec stage load-resize: 0.000s (total 0.000s)
picvec stage final-svg: 0.250s (total 48.152s)
picvec paint substage initial: 3.891s (primary solid 0, gain-bound solid 132, low-range solid 18, model search 681)
picvec stage shared-geometry: 10.149s (total 36.331s)
picvec stage paint-preview: 0.085s (total 36.416s)
picvec stage paint-topology-preservation: 1.488s (total 5.808s)
picvec paint substage setup: 0.033s
picvec stage edge-roles: 1.169s (total 1.169s)
picvec stage covered-hole-simplification: 1.601s (total 49.314s)
picvec stage final-svg: 0.187s (total 49.500s)
picvec stage structural-analysis: 0.417s (total 1.586s)
picvec layered merge candidates: considered 1552, evidence 1330, seam 46, layered 49, nonfinite 0, face 96, combined 61, accepted 19
picvec stage source-supported-paint-merge: 4.283s (total 18.963s)
picvec stage exact-paint-merge: 0.021s (total 18.984s)
picvec structural substage ownership: 0.807s
picvec structural substage outline-proposals: 0.003s
picvec structural substage outline-validation: 0.000s
picvec structural substage colour-patches: 0.224s
picvec stage structural-selection: 1.035s (total 37.451s)
picvec paint substage harmonize: 3.015s
picvec stage perceptual-smoothing: 0.816s (total 2.402s)
picvec segmentation substage setup: 0.037s
picvec segmentation substage palette: 0.077s (14147 histogram cells, 795 colours)
picvec segmentation substage initial-components: 0.018s
picvec paint substage couple: 0.277s
picvec stage paint-fitting: 8.165s (total 16.699s)
picvec paint substage initial: 1.552s (primary solid 0, gain-bound solid 133, low-range solid 6, model search 282)
picvec segmentation substage small-components: 0.088s
picvec segmentation substage compact: 0.016s
picvec stage layered-paint-simplification: 1.079s (total 20.063s)
picvec segmentation substage antialias: 0.152s
picvec segmentation substage finalize: 0.052s (total 0.440s)
picvec stage paint-order-validation: 0.954s (total 38.405s)
picvec stage segmentation: 0.883s (total 3.285s)
picvec stage boundary-regularization: 0.171s (total 3.456s)
picvec paint substage harmonize: 4.433s
picvec stage paint-aware-merge: 0.477s (total 3.933s)
picvec stage thin-paint-ownership: 0.202s (total 4.136s)
picvec stage covered-hole-simplification: 1.275s (total 39.680s)
picvec paint substage couple: 0.283s
picvec stage paint-fitting: 8.537s (total 15.216s)
picvec paint substage harmonize: 1.709s
picvec paint substage couple: 0.118s
picvec stage paint-fitting: 3.471s (total 9.279s)
picvec stage final-svg: 0.320s (total 40.000s)
picvec stage residual-shape-refinement: 2.020s (total 22.083s)
picvec paint substage harmonize: 4.848s
picvec paint substage couple: 0.320s
picvec stage paint-fitting: 9.211s (total 17.858s)
picvec stage paint-topology-preservation: 2.533s (total 6.669s)
picvec paint substage setup: 0.040s
picvec stage interior-shading: 2.319s (total 24.402s)
picvec stage face-alpha: 0.027s (total 24.429s)
picvec stage hierarchical-topology: 0.005s (total 24.433s)
picvec layered merge candidates: considered 2098, evidence 1843, seam 37, layered 35, nonfinite 0, face 91, combined 71, accepted 56
picvec stage source-supported-paint-merge: 3.272s (total 18.488s)
picvec stage exact-paint-merge: 0.024s (total 18.512s)
picvec layered merge candidates: considered 2453, evidence 2162, seam 90, layered 78, nonfinite 0, face 117, combined 54, accepted 30
picvec stage source-supported-paint-merge: 5.040s (total 21.739s)
picvec stage exact-paint-merge: 0.021s (total 21.761s)
picvec stage layered-paint-simplification: 0.655s (total 19.168s)
picvec paint substage initial: 2.008s (primary solid 0, gain-bound solid 75, low-range solid 7, model search 236)
picvec layered merge candidates: considered 1065, evidence 937, seam 35, layered 28, nonfinite 0, face 46, combined 31, accepted 16
picvec stage source-supported-paint-merge: 4.368s (total 13.647s)
picvec stage exact-paint-merge: 0.041s (total 13.688s)
picvec stage layered-paint-simplification: 0.204s (total 13.892s)
picvec stage residual-shape-refinement: 0.954s (total 20.121s)
picvec stage residual-shape-refinement: 0.070s (total 13.961s)
picvec stage layered-paint-simplification: 1.629s (total 23.389s)
picvec stage interior-shading: 1.204s (total 15.165s)
picvec stage face-alpha: 0.005s (total 15.171s)
picvec stage hierarchical-topology: 0.002s (total 15.173s)
picvec paint substage harmonize: 1.993s
picvec paint substage couple: 0.071s
picvec stage paint-fitting: 4.163s (total 10.831s)
picvec layered merge candidates: considered 1912, evidence 1607, seam 61, layered 71, nonfinite 0, face 133, combined 76, accepted 35
picvec stage source-supported-paint-merge: 5.871s (total 23.729s)
picvec stage exact-paint-merge: 0.020s (total 23.749s)
picvec stage residual-shape-refinement: 2.572s (total 25.961s)
picvec stage layered-paint-simplification: 1.330s (total 25.079s)
picvec stage interior-shading: 3.575s (total 23.696s)
picvec stage face-alpha: 0.007s (total 23.703s)
picvec stage hierarchical-topology: 0.003s (total 23.706s)
picvec stage residual-shape-refinement: 1.831s (total 26.909s)
picvec adaptive evaluated 1772 2551 585 739: baseline=PerceptualScore { mean_delta_e: 4.4521694, p90_delta_e: 13.229025, missing_edge_fraction: 0.7413027, combined: 9.518994 } refined=PerceptualScore { mean_delta_e: 1.4074782, p90_delta_e: 2.5253515, missing_edge_fraction: 0.35788304, combined: 2.717155 } boundary_matches=true bytes=488775
picvec adaptive processing: source 870 1715 765 726, processing 765 726
picvec stage load-resize: 0.002s (total 0.002s)
picvec layered merge candidates: considered 851, evidence 691, seam 37, layered 27, nonfinite 0, face 73, combined 40, accepted 10
picvec stage source-supported-paint-merge: 4.336s (total 15.167s)
picvec stage exact-paint-merge: 0.016s (total 15.183s)
picvec stage interior-shading: 3.625s (total 29.587s)
picvec stage face-alpha: 0.008s (total 29.594s)
picvec stage hierarchical-topology: 0.005s (total 29.599s)
picvec stage layered-paint-simplification: 1.451s (total 16.634s)
picvec stage edge-roles: 1.937s (total 1.939s)
picvec stage residual-shape-refinement: 0.241s (total 16.875s)
picvec stage shared-geometry: 10.322s (total 34.755s)
picvec stage paint-preview: 0.073s (total 34.828s)
picvec stage interior-shading: 3.319s (total 30.229s)
picvec stage structural-analysis: 1.041s (total 2.979s)
picvec stage face-alpha: 0.008s (total 30.237s)
picvec stage hierarchical-topology: 0.004s (total 30.241s)
picvec structural substage ownership: 0.439s
picvec structural substage outline-proposals: 0.026s
picvec stage shared-geometry: 7.605s (total 22.778s)
picvec stage paint-preview: 0.036s (total 22.813s)
picvec stage interior-shading: 1.171s (total 18.046s)
picvec stage face-alpha: 0.005s (total 18.051s)
picvec stage hierarchical-topology: 0.002s (total 18.053s)
picvec structural substage outline-validation: 0.114s
picvec stage shared-geometry: 5.514s (total 29.220s)
picvec structural substage colour-patches: 0.144s
picvec stage structural-selection: 0.723s (total 35.552s)
picvec stage paint-preview: 0.055s (total 29.274s)
picvec structural substage ownership: 0.228s
picvec structural substage outline-proposals: 0.019s
picvec structural substage outline-validation: 0.000s
picvec structural substage ownership: 0.517s
picvec stage paint-order-validation: 0.406s (total 35.958s)
picvec structural substage colour-patches: 0.169s
picvec stage structural-selection: 0.416s (total 29.691s)
picvec stage perceptual-smoothing: 1.087s (total 4.066s)
picvec structural substage outline-proposals: 0.365s
picvec segmentation substage setup: 0.055s
picvec structural substage outline-validation: 0.095s
picvec segmentation substage palette: 0.181s (30814 histogram cells, 1529 colours)
picvec structural substage colour-patches: 0.144s
picvec stage structural-selection: 1.121s (total 23.934s)
picvec segmentation substage initial-components: 0.037s
picvec stage paint-order-validation: 0.565s (total 30.256s)
picvec stage covered-hole-simplification: 0.737s (total 36.695s)
picvec segmentation substage small-components: 0.284s
picvec segmentation substage compact: 0.023s
picvec stage final-svg: 0.121s (total 36.815s)
picvec segmentation substage antialias: 0.214s
picvec segmentation substage finalize: 0.068s (total 0.863s)
picvec adaptive evaluated 1702 1716 736 732: baseline=PerceptualScore { mean_delta_e: 4.803068, p90_delta_e: 15.137589, missing_edge_fraction: 0.7365227, combined: 10.425984 } refined=PerceptualScore { mean_delta_e: 1.6044561, p90_delta_e: 3.1474552, missing_edge_fraction: 0.34594786, combined: 3.0188308 } boundary_matches=true bytes=985769
picvec adaptive processing: source 3393 902 705 688, processing 705 688
picvec stage load-resize: 0.001s (total 0.001s)
picvec stage covered-hole-simplification: 0.842s (total 31.097s)
picvec stage paint-order-validation: 1.027s (total 24.961s)
picvec stage final-svg: 0.145s (total 31.242s)
picvec stage segmentation: 1.992s (total 6.058s)
picvec stage boundary-regularization: 0.246s (total 6.304s)
picvec stage edge-roles: 1.488s (total 1.489s)
picvec adaptive evaluated 4188 4125 711 685: baseline=PerceptualScore { mean_delta_e: 3.6862636, p90_delta_e: 11.133297, missing_edge_fraction: 0.7260818, combined: 8.290383 } refined=PerceptualScore { mean_delta_e: 1.1980948, p90_delta_e: 2.2286277, missing_edge_fraction: 0.35371178, combined: 2.491729 } boundary_matches=true bytes=494333
picvec adaptive processing: source 74 4079 710 745, processing 710 745
picvec stage load-resize: 0.001s (total 0.001s)
picvec stage structural-analysis: 0.604s (total 2.093s)
picvec adaptive evaluated 4267 3331 576 685: baseline=PerceptualScore { mean_delta_e: 3.5628836, p90_delta_e: 11.750437, missing_edge_fraction: 0.6698276, combined: 8.312956 } refined=PerceptualScore { mean_delta_e: 1.0924281, p90_delta_e: 2.1512218, missing_edge_fraction: 0.4362069, combined: 2.660702 } boundary_matches=true bytes=610747
picvec adaptive processing: source 2529 4096 701 727, processing 701 727
picvec stage load-resize: 0.001s (total 0.001s)
picvec stage covered-hole-simplification: 2.062s (total 27.024s)
picvec stage paint-aware-merge: 1.204s (total 7.508s)
picvec stage thin-paint-ownership: 0.291s (total 7.799s)
picvec stage perceptual-smoothing: 1.020s (total 3.113s)
picvec segmentation substage setup: 0.048s
picvec segmentation substage palette: 0.096s (15633 histogram cells, 1010 colours)
picvec segmentation substage initial-components: 0.019s
picvec segmentation substage small-components: 0.105s
picvec segmentation substage compact: 0.018s
picvec stage edge-roles: 1.715s (total 1.716s)
picvec stage shared-geometry: 7.831s (total 37.430s)
picvec stage final-svg: 1.119s (total 28.143s)
picvec segmentation substage antialias: 0.171s
picvec stage paint-preview: 0.103s (total 37.534s)
picvec segmentation substage finalize: 0.048s (total 0.505s)
picvec stage edge-roles: 1.553s (total 1.553s)
picvec adaptive evaluated 1703 904 746 675: baseline=PerceptualScore { mean_delta_e: 4.8233113, p90_delta_e: 14.675104, missing_edge_fraction: 0.8631492, combined: 10.62998 } refined=PerceptualScore { mean_delta_e: 1.4811724, p90_delta_e: 2.8044167, missing_edge_fraction: 0.358615, combined: 2.8641393 } boundary_matches=true bytes=689242
picvec adaptive processing: source 987 3311 534 706, processing 534 706
picvec stage load-resize: 0.001s (total 0.001s)
picvec stage structural-analysis: 0.573s (total 2.289s)
picvec stage segmentation: 1.072s (total 4.184s)
picvec stage boundary-regularization: 0.208s (total 4.392s)
picvec stage structural-analysis: 0.894s (total 2.448s)
picvec adaptive evaluated 4284 114 538 696: baseline=PerceptualScore { mean_delta_e: 3.2453806, p90_delta_e: 9.641666, missing_edge_fraction: 0.823, combined: 7.786088 } refined=PerceptualScore { mean_delta_e: 1.1870745, p90_delta_e: 2.091981, missing_edge_fraction: 0.346, combined: 2.408976 } boundary_matches=true bytes=376979
picvec adaptive processing: source 3455 106 569 710, processing 569 710
picvec stage load-resize: 0.000s (total 0.000s)
picvec structural substage ownership: 1.155s
picvec structural substage outline-proposals: 0.007s
picvec structural substage outline-validation: 0.000s
picvec stage paint-aware-merge: 0.473s (total 4.865s)
picvec structural substage colour-patches: 0.223s
picvec stage structural-selection: 1.385s (total 38.918s)
picvec stage edge-roles: 1.028s (total 1.029s)
picvec stage perceptual-smoothing: 1.005s (total 3.294s)
picvec segmentation substage setup: 0.035s
picvec stage thin-paint-ownership: 0.214s (total 5.080s)
picvec segmentation substage palette: 0.101s (23027 histogram cells, 1045 colours)
picvec segmentation substage initial-components: 0.022s
picvec segmentation substage small-components: 0.190s
picvec segmentation substage compact: 0.019s
picvec stage perceptual-smoothing: 0.914s (total 3.362s)
picvec stage structural-analysis: 0.550s (total 1.579s)
picvec segmentation substage setup: 0.040s
picvec segmentation substage antialias: 0.262s
picvec segmentation substage palette: 0.109s (21583 histogram cells, 1125 colours)
picvec segmentation substage finalize: 0.060s (total 0.689s)
picvec segmentation substage initial-components: 0.019s
picvec stage paint-order-validation: 0.759s (total 39.678s)
picvec segmentation substage small-components: 0.184s
picvec stage edge-roles: 1.158s (total 1.159s)
picvec segmentation substage compact: 0.013s
picvec segmentation substage antialias: 0.195s
picvec stage structural-analysis: 0.248s (total 1.407s)
picvec segmentation substage finalize: 0.053s (total 0.612s)
picvec stage paint-topology-preservation: 3.332s (total 11.130s)
picvec paint substage setup: 0.043s
picvec stage perceptual-smoothing: 0.693s (total 2.271s)
picvec segmentation substage setup: 0.027s
picvec stage segmentation: 1.334s (total 4.627s)
picvec segmentation substage palette: 0.093s (17337 histogram cells, 1000 colours)
picvec segmentation substage initial-components: 0.013s
picvec segmentation substage small-components: 0.089s
picvec segmentation substage compact: 0.012s
picvec stage shared-geometry: 8.230s (total 26.284s)
picvec stage paint-preview: 0.034s (total 26.317s)
picvec stage boundary-regularization: 0.240s (total 4.867s)
picvec segmentation substage antialias: 0.150s
picvec segmentation substage finalize: 0.037s (total 0.421s)
picvec stage segmentation: 1.288s (total 4.650s)
picvec structural substage ownership: 0.307s
picvec structural substage outline-proposals: 0.019s
picvec structural substage outline-validation: 0.000s
picvec stage perceptual-smoothing: 0.771s (total 2.177s)
picvec segmentation substage setup: 0.026s
picvec structural substage colour-patches: 0.104s
picvec stage structural-selection: 0.430s (total 26.747s)
picvec stage paint-topology-preservation: 1.890s (total 6.970s)
picvec segmentation substage palette: 0.072s (16576 histogram cells, 803 colours)
picvec segmentation substage initial-components: 0.013s
picvec paint substage setup: 0.037s
picvec stage boundary-regularization: 0.207s (total 4.858s)
picvec segmentation substage small-components: 0.093s
picvec segmentation substage compact: 0.011s
picvec stage segmentation: 0.933s (total 3.205s)
picvec stage paint-order-validation: 0.236s (total 26.983s)
picvec stage paint-aware-merge: 0.673s (total 5.540s)
picvec segmentation substage antialias: 0.136s
picvec segmentation substage finalize: 0.044s (total 0.395s)
picvec stage boundary-regularization: 0.158s (total 3.363s)
picvec stage thin-paint-ownership: 0.390s (total 5.930s)
picvec stage covered-hole-simplification: 1.888s (total 41.566s)
picvec stage covered-hole-simplification: 0.504s (total 27.487s)
picvec stage paint-aware-merge: 0.673s (total 5.531s)
picvec stage segmentation: 0.852s (total 3.029s)
picvec stage final-svg: 0.086s (total 27.573s)
picvec stage final-svg: 0.176s (total 41.741s)
picvec stage boundary-regularization: 0.180s (total 3.209s)
picvec stage paint-aware-merge: 0.649s (total 4.012s)
picvec stage thin-paint-ownership: 0.423s (total 5.954s)
picvec stage thin-paint-ownership: 0.186s (total 4.198s)
picvec stage paint-aware-merge: 0.555s (total 3.764s)
picvec adaptive evaluated 2548 1703 732 744: baseline=PerceptualScore { mean_delta_e: 4.272983, p90_delta_e: 12.721194, missing_edge_fraction: 0.7764858, combined: 9.340777 } refined=PerceptualScore { mean_delta_e: 1.368023, p90_delta_e: 2.6229095, missing_edge_fraction: 0.34237728, combined: 2.691906 } boundary_matches=true bytes=620875
picvec adaptive processing: source 157 106 564 710, processing 564 710
picvec stage load-resize: 0.000s (total 0.000s)
picvec stage thin-paint-ownership: 0.214s (total 3.978s)
picvec paint substage initial: 2.277s (primary solid 0, gain-bound solid 141, low-range solid 11, model search 319)
picvec stage edge-roles: 1.045s (total 1.045s)
picvec stage shared-geometry: 12.052s (total 42.293s)
picvec stage structural-analysis: 0.344s (total 1.389s)
picvec stage paint-preview: 0.075s (total 42.367s)
picvec stage paint-topology-preservation: 2.023s (total 6.222s)
picvec paint substage setup: 0.024s
picvec stage paint-topology-preservation: 2.703s (total 8.633s)
picvec paint substage setup: 0.042s
picvec stage paint-topology-preservation: 1.944s (total 5.922s)
picvec paint substage setup: 0.031s
picvec stage paint-topology-preservation: 2.608s (total 8.562s)
picvec paint substage initial: 4.540s (primary solid 0, gain-bound solid 259, low-range solid 21, model search 549)
picvec stage perceptual-smoothing: 0.704s (total 2.093s)
picvec paint substage setup: 0.038s
picvec segmentation substage setup: 0.031s
picvec segmentation substage palette: 0.068s (12980 histogram cells, 875 colours)
picvec segmentation substage initial-components: 0.012s
picvec structural substage ownership: 0.748s
picvec segmentation substage small-components: 0.069s
picvec segmentation substage compact: 0.008s
picvec structural substage outline-proposals: 0.115s
picvec segmentation substage antialias: 0.116s
picvec segmentation substage finalize: 0.042s (total 0.346s)
picvec structural substage outline-validation: 0.156s
picvec structural substage colour-patches: 0.213s
picvec stage structural-selection: 1.232s (total 43.599s)
picvec stage segmentation: 0.731s (total 2.825s)
picvec stage boundary-regularization: 0.170s (total 2.995s)
picvec stage paint-aware-merge: 0.477s (total 3.472s)
picvec paint substage initial: 1.516s (primary solid 0, gain-bound solid 121, low-range solid 5, model search 278)
picvec stage thin-paint-ownership: 0.167s (total 3.639s)
picvec paint substage initial: 2.177s (primary solid 0, gain-bound solid 135, low-range solid 2, model search 298)
picvec stage paint-order-validation: 1.175s (total 44.775s)
picvec paint substage harmonize: 3.389s
picvec paint substage couple: 0.164s
picvec stage paint-fitting: 5.927s (total 12.897s)
picvec adaptive evaluated 2630 114 548 694: baseline=PerceptualScore { mean_delta_e: 3.1767497, p90_delta_e: 9.365011, missing_edge_fraction: 0.66973126, combined: 7.184736 } refined=PerceptualScore { mean_delta_e: 1.1754371, p90_delta_e: 1.8503406, missing_edge_fraction: 0.35219237, combined: 2.3256602 } boundary_matches=true bytes=264190
picvec adaptive processing: source 979 106 560 710, processing 560 710
picvec stage load-resize: 0.000s (total 0.000s)
picvec stage paint-topology-preservation: 1.287s (total 4.926s)
picvec paint substage setup: 0.030s
picvec paint substage initial: 2.966s (primary solid 0, gain-bound solid 162, low-range solid 16, model search 430)
picvec stage covered-hole-simplification: 1.340s (total 46.115s)
picvec stage edge-roles: 1.055s (total 1.056s)
picvec stage structural-analysis: 0.331s (total 1.387s)
picvec stage final-svg: 0.651s (total 46.767s)
picvec paint substage initial: 0.967s (primary solid 0, gain-bound solid 68, low-range solid 9, model search 212)
picvec paint substage initial: 4.294s (primary solid 0, gain-bound solid 111, low-range solid 13, model search 542)
picvec paint substage harmonize: 2.263s
picvec adaptive evaluated 3418 1685 609 784: baseline=PerceptualScore { mean_delta_e: 4.351947, p90_delta_e: 13.85738, missing_edge_fraction: 0.7931319, combined: 9.880724 } refined=PerceptualScore { mean_delta_e: 1.3813897, p90_delta_e: 2.945746, missing_edge_fraction: 0.4041209, combined: 3.0122862 } boundary_matches=true bytes=880764
picvec adaptive processing: source 152 1678 574 776, processing 574 776
picvec stage load-resize: 0.001s (total 0.001s)
picvec paint substage couple: 0.176s
picvec stage paint-fitting: 4.683s (total 10.905s)
picvec stage perceptual-smoothing: 0.753s (total 2.139s)
picvec segmentation substage setup: 0.025s
picvec segmentation substage palette: 0.052s (11544 histogram cells, 720 colours)
picvec segmentation substage initial-components: 0.009s
picvec segmentation substage small-components: 0.062s
picvec segmentation substage compact: 0.009s
picvec paint substage harmonize: 3.157s
picvec segmentation substage antialias: 0.100s
picvec segmentation substage finalize: 0.040s (total 0.297s)
picvec paint substage couple: 0.150s
picvec stage paint-fitting: 4.900s (total 10.823s)
picvec paint substage harmonize: 5.009s
picvec stage segmentation: 0.735s (total 2.874s)
picvec stage edge-roles: 1.174s (total 1.175s)
picvec stage boundary-regularization: 0.164s (total 3.038s)
picvec paint substage couple: 0.352s
picvec stage paint-fitting: 10.012s (total 21.142s)
picvec paint substage harmonize: 1.613s
picvec paint substage couple: 0.103s
picvec stage paint-fitting: 2.763s (total 7.689s)
picvec paint substage harmonize: 2.615s
picvec stage paint-aware-merge: 0.397s (total 3.435s)
picvec paint substage couple: 0.116s
picvec stage paint-fitting: 5.792s (total 14.355s)
picvec stage structural-analysis: 0.618s (total 1.793s)
picvec stage thin-paint-ownership: 0.245s (total 3.680s)
picvec layered merge candidates: considered 1212, evidence 989, seam 25, layered 34, nonfinite 0, face 111, combined 65, accepted 22
picvec stage perceptual-smoothing: 0.815s (total 2.608s)
picvec stage source-supported-paint-merge: 4.495s (total 17.392s)
picvec stage exact-paint-merge: 0.009s (total 17.402s)
picvec segmentation substage setup: 0.032s
picvec layered merge candidates: considered 1118, evidence 951, seam 18, layered 26, nonfinite 0, face 73, combined 46, accepted 30
picvec stage source-supported-paint-merge: 2.644s (total 13.549s)
picvec stage exact-paint-merge: 0.011s (total 13.560s)
picvec segmentation substage palette: 0.133s (26523 histogram cells, 1448 colours)
picvec segmentation substage initial-components: 0.018s
picvec stage layered-paint-simplification: 0.079s (total 13.639s)
picvec stage layered-paint-simplification: 0.252s (total 17.654s)
picvec stage residual-shape-refinement: 0.068s (total 13.706s)
picvec segmentation substage small-components: 0.198s
picvec segmentation substage compact: 0.012s
picvec stage residual-shape-refinement: 0.183s (total 17.837s)
picvec segmentation substage antialias: 0.144s
picvec segmentation substage finalize: 0.046s (total 0.584s)
picvec stage segmentation: 1.175s (total 3.783s)
picvec stage paint-topology-preservation: 1.888s (total 5.569s)
picvec paint substage setup: 0.033s
picvec stage boundary-regularization: 0.180s (total 3.963s)
picvec layered merge candidates: considered 778, evidence 657, seam 24, layered 15, nonfinite 0, face 49, combined 39, accepted 9
picvec stage source-supported-paint-merge: 2.748s (total 10.437s)
picvec stage exact-paint-merge: 0.012s (total 10.448s)
picvec stage layered-paint-simplification: 0.030s (total 10.479s)
picvec stage residual-shape-refinement: 0.043s (total 10.522s)
picvec paint substage harmonize: 4.470s
picvec paint substage couple: 0.144s
picvec stage paint-fitting: 9.030s (total 17.664s)
picvec layered merge candidates: considered 1081, evidence 894, seam 52, layered 23, nonfinite 0, face 66, combined 48, accepted 21
picvec stage source-supported-paint-merge: 3.979s (total 14.802s)
picvec stage exact-paint-merge: 0.009s (total 14.811s)
picvec stage layered-paint-simplification: 0.027s (total 14.837s)
picvec stage residual-shape-refinement: 0.014s (total 14.852s)
picvec stage interior-shading: 1.940s (total 15.646s)
picvec stage face-alpha: 0.006s (total 15.651s)
picvec stage hierarchical-topology: 0.001s (total 15.652s)
picvec stage paint-aware-merge: 0.922s (total 4.885s)
picvec stage interior-shading: 1.828s (total 19.665s)
picvec stage face-alpha: 0.005s (total 19.670s)
picvec stage hierarchical-topology: 0.002s (total 19.672s)
picvec paint substage initial: 1.160s (primary solid 0, gain-bound solid 137, low-range solid 7, model search 194)
picvec stage thin-paint-ownership: 0.226s (total 5.111s)
picvec stage interior-shading: 0.769s (total 11.291s)
picvec stage face-alpha: 0.005s (total 11.296s)
picvec stage hierarchical-topology: 0.002s (total 11.298s)
picvec stage interior-shading: 1.229s (total 16.080s)
picvec stage face-alpha: 0.005s (total 16.086s)
picvec stage hierarchical-topology: 0.002s (total 16.087s)
picvec layered merge candidates: considered 1610, evidence 1358, seam 69, layered 45, nonfinite 0, face 94, combined 66, accepted 23
picvec stage source-supported-paint-merge: 4.602s (total 18.957s)
picvec stage exact-paint-merge: 0.019s (total 18.976s)
picvec paint substage harmonize: 1.399s
picvec paint substage couple: 0.097s
picvec stage paint-fitting: 2.728s (total 8.297s)
picvec stage layered-paint-simplification: 0.608s (total 19.584s)
picvec layered merge candidates: considered 2127, evidence 1776, seam 91, layered 70, nonfinite 0, face 129, combined 93, accepted 38
picvec stage source-supported-paint-merge: 5.942s (total 27.084s)
picvec stage paint-topology-preservation: 2.221s (total 7.332s)
picvec stage exact-paint-merge: 0.020s (total 27.104s)
picvec paint substage setup: 0.033s
picvec stage residual-shape-refinement: 0.837s (total 20.421s)
picvec stage layered-paint-simplification: 0.516s (total 27.621s)
picvec stage residual-shape-refinement: 0.774s (total 28.395s)
picvec layered merge candidates: considered 823, evidence 700, seam 23, layered 22, nonfinite 0, face 52, combined 33, accepted 15
picvec stage source-supported-paint-merge: 2.430s (total 10.726s)
picvec stage exact-paint-merge: 0.011s (total 10.738s)
picvec layered merge candidates: considered 1788, evidence 1464, seam 64, layered 53, nonfinite 0, face 136, combined 81, accepted 43
picvec stage source-supported-paint-merge: 4.441s (total 22.105s)
picvec stage exact-paint-merge: 0.019s (total 22.124s)
picvec stage layered-paint-simplification: 0.154s (total 10.892s)
picvec stage residual-shape-refinement: 0.177s (total 11.069s)
picvec adaptive evaluated 2596 2538 601 782: baseline=PerceptualScore { mean_delta_e: 5.0865417, p90_delta_e: 14.652407, missing_edge_fraction: 0.7842865, combined: 10.502766 } refined=PerceptualScore { mean_delta_e: 1.9245104, p90_delta_e: 3.6627429, missing_edge_fraction: 0.3525819, combined: 3.3888724 } boundary_matches=true bytes=773013
picvec adaptive processing: source 1799 106 566 710, processing 566 710
picvec stage load-resize: 0.000s (total 0.000s)
picvec stage interior-shading: 2.070s (total 22.491s)
picvec stage face-alpha: 0.006s (total 22.497s)
picvec stage hierarchical-topology: 0.002s (total 22.499s)
picvec stage interior-shading: 0.758s (total 11.827s)
picvec stage face-alpha: 0.004s (total 11.832s)
picvec stage hierarchical-topology: 0.002s (total 11.833s)
picvec stage edge-roles: 1.041s (total 1.041s)
picvec stage shared-geometry: 5.527s (total 21.180s)
picvec stage paint-preview: 0.037s (total 21.217s)
picvec structural substage ownership: 0.173s
picvec structural substage outline-proposals: 0.000s
picvec structural substage outline-validation: 0.000s
picvec structural substage colour-patches: 0.097s
picvec stage structural-selection: 0.271s (total 21.488s)
picvec stage structural-analysis: 0.367s (total 1.408s)
picvec stage paint-order-validation: 0.294s (total 21.782s)
picvec stage layered-paint-simplification: 1.935s (total 24.058s)
picvec paint substage initial: 3.869s (primary solid 0, gain-bound solid 240, low-range solid 4, model search 476)
picvec stage covered-hole-simplification: 0.356s (total 22.138s)
picvec stage final-svg: 0.077s (total 22.215s)
picvec stage perceptual-smoothing: 0.730s (total 2.138s)
picvec segmentation substage setup: 0.028s
picvec segmentation substage palette: 0.062s (14229 histogram cells, 948 colours)
picvec segmentation substage initial-components: 0.010s
picvec segmentation substage small-components: 0.076s
picvec segmentation substage compact: 0.007s
picvec segmentation substage antialias: 0.117s
picvec segmentation substage finalize: 0.043s (total 0.345s)
picvec stage segmentation: 0.708s (total 2.846s)
picvec stage interior-shading: 3.581s (total 31.976s)
picvec stage face-alpha: 0.007s (total 31.983s)
picvec stage hierarchical-topology: 0.002s (total 31.985s)
picvec stage boundary-regularization: 0.165s (total 3.011s)
picvec stage residual-shape-refinement: 1.380s (total 25.438s)
picvec stage shared-geometry: 7.425s (total 18.723s)
picvec stage paint-preview: 0.029s (total 18.752s)
picvec stage paint-aware-merge: 0.569s (total 3.580s)
picvec structural substage ownership: 0.271s
picvec stage thin-paint-ownership: 0.145s (total 3.724s)
picvec structural substage outline-proposals: 0.201s
picvec structural substage outline-validation: 0.065s
picvec structural substage colour-patches: 0.074s
picvec stage structural-selection: 0.612s (total 19.363s)
picvec stage shared-geometry: 8.593s (total 28.265s)
picvec stage paint-order-validation: 0.276s (total 19.640s)
picvec stage paint-preview: 0.040s (total 28.305s)
picvec stage shared-geometry: 7.571s (total 23.658s)
picvec stage paint-preview: 0.028s (total 23.686s)
picvec stage covered-hole-simplification: 0.454s (total 20.093s)
picvec structural substage ownership: 0.450s
picvec structural substage ownership: 0.406s
picvec structural substage outline-proposals: 0.001s
picvec structural substage outline-validation: 0.000s
picvec stage final-svg: 0.071s (total 20.164s)
picvec structural substage outline-proposals: 0.114s
picvec structural substage colour-patches: 0.094s
picvec stage structural-selection: 0.501s (total 24.187s)
picvec structural substage outline-validation: 0.074s
picvec structural substage colour-patches: 0.104s
picvec stage structural-selection: 0.743s (total 29.048s)
picvec stage paint-order-validation: 0.247s (total 24.435s)
picvec stage covered-hole-simplification: 0.571s (total 25.006s)
picvec stage final-svg: 0.087s (total 25.093s)
picvec paint substage harmonize: 3.780s
picvec stage paint-topology-preservation: 2.118s (total 5.843s)
picvec paint substage setup: 0.029s
picvec stage paint-order-validation: 0.970s (total 30.017s)
picvec paint substage couple: 0.284s
picvec stage paint-fitting: 8.021s (total 15.353s)
picvec stage interior-shading: 3.452s (total 28.890s)
picvec stage face-alpha: 0.021s (total 28.911s)
picvec stage hierarchical-topology: 0.003s (total 28.914s)
picvec stage covered-hole-simplification: 1.165s (total 31.183s)
picvec paint substage initial: 1.302s (primary solid 0, gain-bound solid 82, low-range solid 12, model search 234)
picvec stage shared-geometry: 6.448s (total 18.281s)
picvec stage paint-preview: 0.029s (total 18.311s)
picvec stage final-svg: 0.169s (total 31.352s)
picvec structural substage ownership: 0.251s
picvec structural substage outline-proposals: 0.072s
picvec structural substage outline-validation: 0.089s
picvec stage shared-geometry: 7.130s (total 29.629s)
picvec structural substage colour-patches: 0.101s
picvec stage structural-selection: 0.514s (total 18.824s)
picvec stage paint-preview: 0.054s (total 29.683s)
picvec structural substage ownership: 0.268s
picvec structural substage outline-proposals: 0.044s
picvec structural substage outline-validation: 0.098s
picvec structural substage colour-patches: 0.124s
picvec stage structural-selection: 0.534s (total 30.218s)
picvec adaptive evaluated 165 114 548 694: baseline=PerceptualScore { mean_delta_e: 3.088311, p90_delta_e: 9.4304085, missing_edge_fraction: 0.62247837, combined: 7.0293384 } refined=PerceptualScore { mean_delta_e: 0.8990537, p90_delta_e: 1.7352393, missing_edge_fraction: 0.31340057, combined: 2.0388715 } boundary_matches=true bytes=234899
picvec adaptive processing: source 77 2574 700 709, processing 700 709
picvec stage load-resize: 0.001s (total 0.001s)
picvec stage covered-hole-simplification: 0.890s (total 19.714s)
picvec stage final-svg: 0.120s (total 19.835s)
picvec paint substage harmonize: 1.617s
picvec adaptive evaluated 995 3319 518 690: baseline=PerceptualScore { mean_delta_e: 3.2630596, p90_delta_e: 9.076787, missing_edge_fraction: 0.7469304, combined: 7.339883 } refined=PerceptualScore { mean_delta_e: 1.2830933, p90_delta_e: 1.6185126, missing_edge_fraction: 0.36630288, combined: 2.3237057 } boundary_matches=true bytes=331901
picvec adaptive processing: source 3373 2582 709 729, processing 709 729
picvec stage load-resize: 0.001s (total 0.001s)
picvec adaptive evaluated 3463 114 553 694: baseline=PerceptualScore { mean_delta_e: 3.569568, p90_delta_e: 9.279533, missing_edge_fraction: 0.7567717, combined: 7.588434 } refined=PerceptualScore { mean_delta_e: 1.0160459, p90_delta_e: 1.8752949, missing_edge_fraction: 0.39800996, combined: 2.4013684 } boundary_matches=true bytes=303721
picvec paint substage couple: 0.124s
picvec adaptive processing: source 3383 4082 661 730, processing 661 730
picvec stage load-resize: 0.000s (total 0.000s)
picvec stage paint-fitting: 3.115s (total 8.958s)
picvec stage paint-order-validation: 0.746s (total 30.964s)
picvec stage edge-roles: 1.291s (total 1.292s)
picvec stage covered-hole-simplification: 0.907s (total 31.871s)
picvec stage final-svg: 0.111s (total 31.982s)
picvec stage edge-roles: 1.421s (total 1.421s)
picvec stage edge-roles: 1.362s (total 1.363s)
picvec stage structural-analysis: 0.639s (total 1.931s)
picvec stage structural-analysis: 0.657s (total 2.020s)
picvec layered merge candidates: considered 1856, evidence 1545, seam 84, layered 60, nonfinite 0, face 123, combined 71, accepted 33
picvec stage source-supported-paint-merge: 4.980s (total 20.333s)
picvec stage exact-paint-merge: 0.018s (total 20.351s)
picvec stage structural-analysis: 0.824s (total 2.246s)
picvec stage perceptual-smoothing: 0.886s (total 2.817s)
picvec segmentation substage setup: 0.036s
picvec segmentation substage palette: 0.100s (18019 histogram cells, 954 colours)
picvec segmentation substage initial-components: 0.020s
picvec segmentation substage small-components: 0.141s
picvec segmentation substage compact: 0.012s
picvec stage shared-geometry: 8.843s (total 40.829s)
picvec segmentation substage antialias: 0.150s
picvec segmentation substage finalize: 0.047s (total 0.507s)
picvec stage paint-preview: 0.080s (total 40.909s)
picvec stage perceptual-smoothing: 0.886s (total 2.906s)
picvec segmentation substage setup: 0.040s
picvec segmentation substage palette: 0.096s (18427 histogram cells, 876 colours)
picvec segmentation substage initial-components: 0.021s
picvec stage perceptual-smoothing: 0.969s (total 3.215s)
picvec stage layered-paint-simplification: 1.071s (total 21.422s)
picvec segmentation substage setup: 0.041s
picvec segmentation substage small-components: 0.165s
picvec segmentation substage compact: 0.017s
picvec segmentation substage palette: 0.101s (16729 histogram cells, 897 colours)
picvec segmentation substage initial-components: 0.024s
picvec segmentation substage small-components: 0.120s
picvec segmentation substage compact: 0.009s
picvec segmentation substage antialias: 0.204s
picvec segmentation substage finalize: 0.051s (total 0.594s)
picvec structural substage ownership: 0.634s
picvec structural substage outline-proposals: 0.004s
picvec structural substage outline-validation: 0.000s
picvec stage segmentation: 1.189s (total 4.006s)
picvec segmentation substage antialias: 0.164s
picvec segmentation substage finalize: 0.056s (total 0.515s)
picvec structural substage colour-patches: 0.194s
picvec stage structural-selection: 0.832s (total 41.741s)
picvec stage boundary-regularization: 0.193s (total 4.199s)
picvec adaptive evaluated 3403 912 685 668: baseline=PerceptualScore { mean_delta_e: 3.1897044, p90_delta_e: 9.524302, missing_edge_fraction: 0.74477863, combined: 7.4794235 } refined=PerceptualScore { mean_delta_e: 1.2092404, p90_delta_e: 2.0901978, missing_edge_fraction: 0.30075186, combined: 2.2824929 } boundary_matches=true bytes=356387
picvec adaptive processing: source 917 900 697 690, processing 697 690
picvec stage load-resize: 0.001s (total 0.001s)
picvec stage segmentation: 1.111s (total 4.017s)
picvec stage segmentation: 0.912s (total 4.126s)
picvec stage paint-aware-merge: 0.382s (total 4.581s)
picvec stage paint-order-validation: 0.450s (total 42.191s)
picvec stage boundary-regularization: 0.198s (total 4.215s)
picvec stage boundary-regularization: 0.208s (total 4.334s)
picvec stage residual-shape-refinement: 1.270s (total 22.692s)
picvec stage thin-paint-ownership: 0.425s (total 5.006s)
picvec stage paint-aware-merge: 0.522s (total 4.737s)
picvec stage paint-aware-merge: 0.635s (total 4.969s)
picvec stage thin-paint-ownership: 0.303s (total 5.040s)
picvec stage thin-paint-ownership: 0.231s (total 5.200s)
picvec stage edge-roles: 1.344s (total 1.345s)
picvec adaptive evaluated 987 114 544 694: baseline=PerceptualScore { mean_delta_e: 3.0235484, p90_delta_e: 7.910226, missing_edge_fraction: 0.7413793, combined: 6.748825 } refined=PerceptualScore { mean_delta_e: 1.2376082, p90_delta_e: 2.2567863, missing_edge_fraction: 0.44043887, combined: 2.7809548 } boundary_matches=true bytes=259262
picvec adaptive processing: source 1746 4129 643 690, processing 643 690
picvec stage load-resize: 0.000s (total 0.000s)
picvec stage structural-analysis: 0.402s (total 1.747s)
picvec stage covered-hole-simplification: 1.716s (total 43.907s)
picvec stage final-svg: 0.194s (total 44.101s)
picvec adaptive evaluated 2539 4106 681 707: baseline=PerceptualScore { mean_delta_e: 3.4259088, p90_delta_e: 9.904074, missing_edge_fraction: 0.78804564, combined: 7.867425 } refined=PerceptualScore { mean_delta_e: 1.2273322, p90_delta_e: 2.1902995, missing_edge_fraction: 0.35666534, combined: 2.4984155 } boundary_matches=true bytes=510375
picvec adaptive processing: source 63 3315 710 692, processing 710 692
picvec stage load-resize: 0.001s (total 0.001s)
picvec stage perceptual-smoothing: 0.937s (total 2.684s)
picvec segmentation substage setup: 0.042s
picvec stage paint-topology-preservation: 2.122s (total 7.128s)
picvec paint substage setup: 0.038s
picvec segmentation substage palette: 0.077s (14468 histogram cells, 861 colours)
picvec segmentation substage initial-components: 0.013s
picvec stage edge-roles: 1.274s (total 1.274s)
picvec layered merge candidates: considered 850, evidence 684, seam 34, layered 32, nonfinite 0, face 67, combined 45, accepted 20
picvec stage source-supported-paint-merge: 6.808s (total 15.766s)
picvec stage exact-paint-merge: 0.011s (total 15.777s)
picvec segmentation substage small-components: 0.073s
picvec segmentation substage compact: 0.015s
picvec stage layered-paint-simplification: 0.125s (total 15.902s)
picvec segmentation substage antialias: 0.181s
picvec stage residual-shape-refinement: 0.092s (total 15.994s)
picvec stage paint-topology-preservation: 2.024s (total 7.064s)
picvec segmentation substage finalize: 0.057s (total 0.459s)
picvec paint substage setup: 0.042s
picvec stage structural-analysis: 0.472s (total 1.747s)
picvec stage segmentation: 0.942s (total 3.626s)
picvec stage interior-shading: 3.265s (total 25.957s)
picvec stage face-alpha: 0.020s (total 25.977s)
picvec stage hierarchical-topology: 0.004s (total 25.981s)
picvec stage boundary-regularization: 0.214s (total 3.840s)
picvec stage edge-roles: 1.518s (total 1.519s)
picvec stage interior-shading: 1.012s (total 17.005s)
picvec stage face-alpha: 0.006s (total 17.011s)
picvec stage hierarchical-topology: 0.002s (total 17.013s)
picvec stage paint-topology-preservation: 2.972s (total 8.172s)
picvec stage perceptual-smoothing: 0.899s (total 2.646s)
picvec paint substage setup: 0.042s
picvec segmentation substage setup: 0.039s
picvec segmentation substage palette: 0.075s (13276 histogram cells, 676 colours)
picvec segmentation substage initial-components: 0.011s
picvec segmentation substage small-components: 0.060s
picvec segmentation substage compact: 0.009s
picvec stage shared-geometry: 10.874s (total 39.788s)
picvec segmentation substage antialias: 0.124s
picvec stage paint-aware-merge: 0.684s (total 4.525s)
picvec stage paint-preview: 0.067s (total 39.855s)
picvec segmentation substage finalize: 0.052s (total 0.370s)
picvec stage structural-analysis: 0.522s (total 2.041s)
picvec stage thin-paint-ownership: 0.193s (total 4.717s)
picvec stage segmentation: 0.748s (total 3.394s)
picvec paint substage initial: 2.359s (primary solid 0, gain-bound solid 222, low-range solid 3, model search 373)
picvec stage boundary-regularization: 0.199s (total 3.593s)
picvec structural substage ownership: 0.862s
picvec stage paint-aware-merge: 0.335s (total 3.928s)
picvec structural substage outline-proposals: 0.099s
picvec stage perceptual-smoothing: 1.050s (total 3.092s)
picvec segmentation substage setup: 0.046s
picvec stage thin-paint-ownership: 0.231s (total 4.159s)
picvec structural substage outline-validation: 0.192s
picvec segmentation substage palette: 0.123s (23800 histogram cells, 1117 colours)
picvec paint substage initial: 2.672s (primary solid 0, gain-bound solid 102, low-range solid 9, model search 383)
picvec segmentation substage initial-components: 0.027s
picvec structural substage colour-patches: 0.188s
picvec stage structural-selection: 1.342s (total 41.198s)
picvec segmentation substage small-components: 0.234s
picvec segmentation substage compact: 0.015s
picvec segmentation substage antialias: 0.187s
picvec segmentation substage finalize: 0.049s (total 0.682s)
picvec stage paint-order-validation: 0.458s (total 41.656s)
picvec paint substage initial: 2.524s (primary solid 0, gain-bound solid 63, low-range solid 6, model search 325)
picvec stage paint-topology-preservation: 2.169s (total 6.887s)
picvec stage segmentation: 1.260s (total 4.351s)
picvec paint substage setup: 0.036s
picvec stage boundary-regularization: 0.240s (total 4.591s)
picvec stage paint-topology-preservation: 1.464s (total 5.623s)
picvec paint substage setup: 0.035s
picvec stage covered-hole-simplification: 1.292s (total 42.948s)
picvec paint substage harmonize: 1.915s
picvec stage final-svg: 0.178s (total 43.126s)
picvec paint substage couple: 0.183s
picvec stage paint-fitting: 4.869s (total 11.933s)
picvec stage paint-aware-merge: 0.987s (total 5.578s)
picvec stage thin-paint-ownership: 0.263s (total 5.841s)
picvec paint substage harmonize: 3.315s
picvec paint substage initial: 1.455s (primary solid 0, gain-bound solid 57, low-range solid 5, model search 220)
picvec paint substage couple: 0.166s
picvec stage paint-fitting: 5.935s (total 13.063s)
picvec paint substage initial: 1.790s (primary solid 0, gain-bound solid 62, low-range solid 10, model search 288)
picvec paint substage harmonize: 2.816s
picvec paint substage couple: 0.104s
picvec stage paint-fitting: 5.549s (total 13.721s)
picvec paint substage harmonize: 1.324s
picvec paint substage couple: 0.126s
picvec stage paint-fitting: 2.989s (total 8.612s)
picvec stage shared-geometry: 6.539s (total 32.521s)
picvec stage paint-preview: 0.056s (total 32.577s)
picvec structural substage ownership: 0.434s
picvec structural substage outline-proposals: 0.003s
picvec structural substage outline-validation: 0.000s
picvec stage shared-geometry: 6.798s (total 23.811s)
picvec stage paint-preview: 0.032s (total 23.842s)
picvec stage paint-topology-preservation: 2.583s (total 8.424s)
picvec structural substage colour-patches: 0.174s
picvec stage structural-selection: 0.611s (total 33.188s)
picvec paint substage setup: 0.036s
picvec layered merge candidates: considered 1341, evidence 1145, seam 27, layered 26, nonfinite 0, face 50, combined 83, accepted 36
picvec structural substage ownership: 0.221s
picvec structural substage outline-proposals: 0.002s
picvec structural substage outline-validation: 0.000s
picvec stage source-supported-paint-merge: 3.180s (total 15.112s)
picvec stage exact-paint-merge: 0.017s (total 15.129s)
picvec structural substage colour-patches: 0.086s
picvec stage structural-selection: 0.309s (total 24.151s)
picvec stage paint-order-validation: 0.487s (total 33.676s)
picvec stage covered-hole-simplification: 0.730s (total 24.881s)
picvec stage final-svg: 0.070s (total 24.952s)
picvec adaptive evaluated 84 4089 690 725: baseline=PerceptualScore { mean_delta_e: 3.8221424, p90_delta_e: 10.867838, missing_edge_fraction: 0.7006117, combined: 8.168934 } refined=PerceptualScore { mean_delta_e: 1.3806785, p90_delta_e: 2.8112571, missing_edge_fraction: 0.32385752, combined: 2.7173808 } boundary_matches=true bytes=614735
picvec adaptive processing: source 1740 3316 650 697, processing 650 697
picvec stage load-resize: 0.000s (total 0.000s)
picvec stage covered-hole-simplification: 0.804s (total 34.480s)
picvec stage final-svg: 0.163s (total 34.642s)
picvec layered merge candidates: considered 1462, evidence 1247, seam 24, layered 40, nonfinite 0, face 82, combined 75, accepted 34
picvec stage source-supported-paint-merge: 3.790s (total 16.853s)
picvec stage exact-paint-merge: 0.015s (total 16.868s)
picvec stage layered-paint-simplification: 0.076s (total 16.944s)
picvec stage residual-shape-refinement: 0.020s (total 16.964s)
picvec stage edge-roles: 1.288s (total 1.289s)
picvec paint substage harmonize: 4.599s
picvec layered merge candidates: considered 1097, evidence 910, seam 41, layered 35, nonfinite 0, face 62, combined 60, accepted 24
picvec stage source-supported-paint-merge: 3.728s (total 17.449s)
picvec stage exact-paint-merge: 0.015s (total 17.464s)
picvec paint substage couple: 0.082s
picvec stage paint-fitting: 6.565s (total 13.452s)
picvec stage structural-analysis: 0.565s (total 1.854s)
picvec stage layered-paint-simplification: 0.494s (total 17.958s)
picvec stage layered-paint-simplification: 3.105s (total 18.234s)
picvec stage residual-shape-refinement: 0.504s (total 18.461s)
picvec stage interior-shading: 1.979s (total 18.942s)
picvec stage face-alpha: 0.024s (total 18.966s)
picvec stage hierarchical-topology: 0.003s (total 18.969s)
picvec stage residual-shape-refinement: 0.307s (total 18.541s)
picvec layered merge candidates: considered 738, evidence 634, seam 16, layered 14, nonfinite 0, face 28, combined 44, accepted 16
picvec stage source-supported-paint-merge: 4.499s (total 13.110s)
picvec stage exact-paint-merge: 0.010s (total 13.120s)
picvec stage perceptual-smoothing: 0.844s (total 2.698s)
picvec stage layered-paint-simplification: 0.124s (total 13.244s)
picvec segmentation substage setup: 0.038s
picvec segmentation substage palette: 0.067s (14764 histogram cells, 680 colours)
picvec segmentation substage initial-components: 0.015s
picvec segmentation substage small-components: 0.134s
picvec stage residual-shape-refinement: 0.248s (total 13.493s)
picvec segmentation substage compact: 0.010s
picvec paint substage initial: 4.150s (primary solid 0, gain-bound solid 331, low-range solid 12, model search 608)
picvec segmentation substage antialias: 0.154s
picvec segmentation substage finalize: 0.050s (total 0.467s)
picvec stage segmentation: 0.952s (total 3.649s)
picvec stage boundary-regularization: 0.201s (total 3.850s)
picvec stage interior-shading: 1.059s (total 14.552s)
picvec stage face-alpha: 0.005s (total 14.557s)
picvec stage hierarchical-topology: 0.001s (total 14.558s)
picvec stage interior-shading: 1.822s (total 20.283s)
picvec stage face-alpha: 0.016s (total 20.300s)
picvec stage hierarchical-topology: 0.002s (total 20.302s)
picvec stage paint-aware-merge: 0.407s (total 4.257s)
picvec stage thin-paint-ownership: 0.303s (total 4.559s)
picvec stage interior-shading: 2.118s (total 20.659s)
picvec stage face-alpha: 0.006s (total 20.665s)
picvec stage hierarchical-topology: 0.002s (total 20.667s)
picvec stage paint-topology-preservation: 2.040s (total 6.599s)
picvec paint substage setup: 0.032s
picvec layered merge candidates: considered 977, evidence 781, seam 27, layered 33, nonfinite 0, face 91, combined 56, accepted 22
picvec stage source-supported-paint-merge: 6.109s (total 19.561s)
picvec stage exact-paint-merge: 0.013s (total 19.575s)
picvec stage layered-paint-simplification: 0.062s (total 19.637s)
picvec stage residual-shape-refinement: 0.023s (total 19.660s)
picvec adaptive evaluated 1807 114 550 694: baseline=PerceptualScore { mean_delta_e: 3.2021854, p90_delta_e: 7.6787443, missing_edge_fraction: 0.7649667, combined: 6.8073816 } refined=PerceptualScore { mean_delta_e: 1.4011103, p90_delta_e: 2.5084872, missing_edge_fraction: 0.37176645, combined: 2.749194 } boundary_matches=true bytes=230196
picvec adaptive processing: source 967 2544 580 732, processing 580 732
picvec stage load-resize: 0.000s (total 0.000s)
picvec adaptive evaluated 160 1686 558 760: baseline=PerceptualScore { mean_delta_e: 3.783501, p90_delta_e: 10.782241, missing_edge_fraction: 0.8159824, combined: 8.463419 } refined=PerceptualScore { mean_delta_e: 1.3155341, p90_delta_e: 2.5653124, missing_edge_fraction: 0.38929617, combined: 2.7860038 } boundary_matches=true bytes=607334
picvec adaptive processing: source 2521 3384 733 556, processing 733 556
picvec stage load-resize: 0.000s (total 0.000s)
picvec paint substage initial: 2.111s (primary solid 0, gain-bound solid 158, low-range solid 8, model search 308)
picvec stage edge-roles: 1.251s (total 1.252s)
picvec stage interior-shading: 1.802s (total 21.462s)
picvec stage face-alpha: 0.005s (total 21.467s)
picvec stage hierarchical-topology: 0.002s (total 21.470s)
picvec stage structural-analysis: 0.454s (total 1.706s)
picvec stage edge-roles: 1.203s (total 1.203s)
picvec paint substage harmonize: 6.441s
picvec stage shared-geometry: 7.242s (total 26.211s)
picvec stage paint-preview: 0.041s (total 26.252s)
picvec stage structural-analysis: 0.396s (total 1.599s)
picvec paint substage couple: 0.353s
picvec stage paint-fitting: 11.048s (total 19.473s)
picvec stage perceptual-smoothing: 0.836s (total 2.542s)
picvec structural substage ownership: 0.574s
picvec segmentation substage setup: 0.042s
picvec segmentation substage palette: 0.086s (18745 histogram cells, 964 colours)
picvec segmentation substage initial-components: 0.020s
picvec segmentation substage small-components: 0.139s
picvec segmentation substage compact: 0.015s
picvec stage perceptual-smoothing: 0.834s (total 2.432s)
picvec segmentation substage setup: 0.038s
picvec segmentation substage antialias: 0.159s
picvec segmentation substage finalize: 0.055s (total 0.517s)
picvec segmentation substage palette: 0.085s (16211 histogram cells, 979 colours)
picvec segmentation substage initial-components: 0.015s
picvec structural substage outline-proposals: 0.523s
picvec structural substage outline-validation: 0.095s
picvec segmentation substage small-components: 0.136s
picvec segmentation substage compact: 0.008s
picvec paint substage harmonize: 2.234s
picvec structural substage colour-patches: 0.154s
picvec stage structural-selection: 1.346s (total 27.598s)
picvec segmentation substage antialias: 0.110s
picvec segmentation substage finalize: 0.044s (total 0.437s)
picvec paint substage couple: 0.163s
picvec stage paint-fitting: 4.587s (total 11.186s)
picvec stage segmentation: 1.020s (total 3.563s)
picvec stage boundary-regularization: 0.181s (total 3.744s)
picvec stage segmentation: 1.112s (total 3.544s)
picvec stage shared-geometry: 7.263s (total 27.930s)
picvec stage paint-preview: 0.032s (total 27.962s)
picvec stage paint-aware-merge: 0.420s (total 4.163s)
picvec stage boundary-regularization: 0.168s (total 3.712s)
picvec stage thin-paint-ownership: 0.286s (total 4.449s)
picvec stage shared-geometry: 8.371s (total 22.929s)
picvec stage paint-preview: 0.028s (total 22.957s)
picvec stage paint-order-validation: 1.323s (total 28.921s)
picvec structural substage ownership: 0.579s
picvec structural substage outline-proposals: 0.004s
picvec stage paint-aware-merge: 0.511s (total 4.223s)
picvec structural substage outline-validation: 0.082s
picvec stage thin-paint-ownership: 0.188s (total 4.411s)
picvec structural substage colour-patches: 0.112s
picvec stage structural-selection: 0.777s (total 28.740s)
picvec structural substage ownership: 0.345s
picvec structural substage outline-proposals: 0.001s
picvec structural substage outline-validation: 0.000s
picvec structural substage colour-patches: 0.078s
picvec stage structural-selection: 0.424s (total 23.381s)
picvec stage paint-order-validation: 0.372s (total 23.753s)
picvec stage paint-order-validation: 0.543s (total 29.283s)
picvec stage shared-geometry: 9.302s (total 29.604s)
picvec stage paint-preview: 0.043s (total 29.647s)
picvec stage covered-hole-simplification: 0.410s (total 24.163s)
picvec stage final-svg: 0.112s (total 24.275s)
picvec stage covered-hole-simplification: 0.522s (total 29.804s)
picvec structural substage ownership: 0.236s
picvec structural substage outline-proposals: 0.003s
picvec structural substage outline-validation: 0.000s
picvec stage covered-hole-simplification: 1.400s (total 30.321s)
picvec structural substage colour-patches: 0.114s
picvec stage structural-selection: 0.353s (total 30.000s)
picvec stage final-svg: 0.141s (total 29.945s)
picvec adaptive evaluated 881 1726 743 704: baseline=PerceptualScore { mean_delta_e: 3.7926443, p90_delta_e: 11.266157, missing_edge_fraction: 0.75666666, combined: 8.483152 } refined=PerceptualScore { mean_delta_e: 1.3709412, p90_delta_e: 2.6998894, missing_edge_fraction: 0.38060606, combined: 2.8386974 } boundary_matches=true bytes=690864
picvec stage paint-order-validation: 0.412s (total 30.412s)
picvec layered merge candidates: considered 1211, evidence 1029, seam 55, layered 24, nonfinite 0, face 61, combined 47, accepted 19
picvec stage source-supported-paint-merge: 3.184s (total 14.370s)
picvec stage exact-paint-merge: 0.014s (total 14.384s)
picvec stage paint-topology-preservation: 2.261s (total 6.710s)
picvec paint substage setup: 0.028s
picvec stage paint-topology-preservation: 1.960s (total 6.371s)
picvec paint substage setup: 0.029s
picvec stage covered-hole-simplification: 0.690s (total 31.103s)
picvec stage final-svg: 0.104s (total 31.207s)
picvec stage final-svg: 2.352s (total 32.673s)
picvec paint substage initial: 1.698s (primary solid 0, gain-bound solid 129, low-range solid 6, model search 347)
picvec paint substage initial: 1.565s (primary solid 0, gain-bound solid 171, low-range solid 4, model search 330)
picvec stage layered-paint-simplification: 2.841s (total 17.225s)
picvec adaptive evaluated 3393 4092 641 710: baseline=PerceptualScore { mean_delta_e: 3.1964686, p90_delta_e: 8.003596, missing_edge_fraction: 0.7984072, combined: 7.0350714 } refined=PerceptualScore { mean_delta_e: 1.2535073, p90_delta_e: 2.420066, missing_edge_fraction: 0.3031359, combined: 2.4415126 } boundary_matches=true bytes=377408
picvec stage residual-shape-refinement: 0.569s (total 17.794s)
picvec layered merge candidates: considered 2387, evidence 1912, seam 136, layered 84, nonfinite 0, face 197, combined 111, accepted 31
picvec stage source-supported-paint-merge: 7.987s (total 27.460s)
picvec stage exact-paint-merge: 0.020s (total 27.480s)
picvec stage shared-geometry: 8.994s (total 30.464s)
picvec stage layered-paint-simplification: 0.463s (total 27.943s)
picvec stage paint-preview: 0.036s (total 30.500s)
picvec stage residual-shape-refinement: 0.428s (total 28.371s)
picvec paint substage harmonize: 2.508s
picvec paint substage harmonize: 2.615s
picvec paint substage couple: 0.257s
picvec stage paint-fitting: 4.444s (total 10.814s)
picvec paint substage couple: 0.242s
picvec stage paint-fitting: 4.635s (total 11.345s)
picvec structural substage ownership: 0.791s
picvec structural substage outline-proposals: 0.098s
picvec stage interior-shading: 1.543s (total 19.337s)
picvec stage face-alpha: 0.005s (total 19.342s)
picvec stage hierarchical-topology: 0.002s (total 19.344s)
picvec structural substage outline-validation: 0.073s
picvec structural substage colour-patches: 0.103s
picvec stage structural-selection: 1.065s (total 31.565s)
picvec stage paint-order-validation: 0.440s (total 32.005s)
picvec adaptive evaluated 1755 4138 625 672: baseline=PerceptualScore { mean_delta_e: 2.6787884, p90_delta_e: 6.1758375, missing_edge_fraction: 0.7464366, combined: 5.9150996 } refined=PerceptualScore { mean_delta_e: 1.0395025, p90_delta_e: 2.2458925, missing_edge_fraction: 0.32333082, combined: 2.3361256 } boundary_matches=true bytes=194904
picvec stage covered-hole-simplification: 0.707s (total 32.712s)
picvec stage final-svg: 0.306s (total 33.019s)
