picvec stage load-resize: 0.003s (total 0.003s)
picvec stage edge-roles: 1.877s (total 1.881s)
picvec stage structural-analysis: 0.147s (total 2.028s)
picvec stage perceptual-smoothing: 0.401s (total 2.429s)
picvec segmentation substage setup: 0.012s
picvec segmentation substage palette: 0.039s (201 histogram cells, 43 colours)
picvec segmentation substage initial-components: 0.016s
picvec segmentation substage small-components: 0.108s
picvec segmentation substage compact: 0.009s
picvec segmentation substage antialias: 0.112s
picvec segmentation substage finalize: 0.039s (total 0.335s)
picvec stage segmentation: 0.830s (total 3.260s)
picvec stage boundary-regularization: 0.106s (total 3.365s)
picvec stage paint-aware-merge: 0.651s (total 4.016s)
picvec stage thin-paint-ownership: 0.408s (total 4.425s)
picvec stage paint-topology-preservation: 0.633s (total 5.058s)
picvec paint substage setup: 0.011s
picvec paint substage initial: 0.106s (primary solid 0, gain-bound solid 2534, low-range solid 1, model search 409)
picvec paint substage harmonize: 0.001s
picvec paint substage couple: 0.000s
picvec stage paint-fitting: 0.143s (total 5.202s)
picvec layered merge candidates: considered 3502, evidence 3490, seam 12, layered 0, nonfinite 0, face 0, combined 0, accepted 0
picvec stage source-supported-paint-merge: 0.006s (total 5.207s)
picvec stage exact-paint-merge: 0.015s (total 5.222s)
picvec stage layered-paint-simplification: 0.009s (total 5.231s)
picvec stage residual-shape-refinement: 0.003s (total 5.234s)
picvec stage interior-shading: 0.040s (total 5.274s)
picvec stage face-alpha: 0.000s (total 5.274s)
picvec stage hierarchical-topology: 0.002s (total 5.276s)
picvec stage shared-geometry: 2.830s (total 8.106s)
picvec stage paint-preview: 0.061s (total 8.167s)
picvec structural substage ownership: 1.602s
picvec structural substage outline-proposals: 0.000s
picvec structural substage outline-validation: 0.000s
picvec structural substage colour-patches: 0.226s
picvec stage structural-selection: 1.829s (total 9.995s)
picvec hole trials: 43 calls, 11 cached rejections, serialization 0.360s, validation 0.812s
picvec stage covered-hole-simplification: 1.613s (total 11.608s)
picvec stage final-svg: 1.624s (total 13.232s)
picvec adaptive candidate 0 0 5770 2058: error=7.8028 model_cost=1.7365 priority=5.9213
picvec adaptive processing: source 0 0 5770 2058, processing 5770 2058
picvec stage load-resize: 0.106s (total 0.106s)
picvec stage edge-roles: 32.536s (total 32.642s)
picvec stage structural-analysis: 2.644s (total 35.286s)
picvec stage perceptual-smoothing: 4.284s (total 39.571s)
picvec segmentation substage setup: 0.289s
picvec segmentation substage palette: 0.523s (201 histogram cells, 40 colours)
picvec segmentation substage initial-components: 0.294s
picvec segmentation substage small-components: 1.391s
picvec segmentation substage compact: 0.174s
picvec segmentation substage antialias: 1.686s
picvec segmentation substage finalize: 0.447s (total 4.805s)
picvec stage segmentation: 8.476s (total 48.046s)
picvec stage boundary-regularization: 1.795s (total 49.841s)
picvec stage paint-aware-merge: 11.741s (total 61.582s)
picvec stage thin-paint-ownership: 2.790s (total 64.372s)
picvec stage paint-topology-preservation: 14.677s (total 79.049s)
picvec paint substage setup: 0.149s
picvec paint substage initial: 0.696s (primary solid 0, gain-bound solid 9201, low-range solid 12, model search 2999)
picvec paint substage harmonize: 0.009s
picvec paint substage couple: 0.016s
picvec stage paint-fitting: 1.073s (total 80.122s)
picvec layered merge candidates: considered 16686, evidence 16604, seam 72, layered 1, nonfinite 0, face 7, combined 1, accepted 2
picvec stage source-supported-paint-merge: 15.226s (total 95.347s)
picvec stage exact-paint-merge: 0.259s (total 95.607s)
picvec stage layered-paint-simplification: 0.339s (total 95.945s)
picvec stage residual-shape-refinement: 0.263s (total 96.208s)
picvec stage interior-shading: 0.511s (total 96.719s)
picvec stage face-alpha: 0.032s (total 96.752s)
picvec stage hierarchical-topology: 0.018s (total 96.770s)
picvec stage shared-geometry: 44.942s (total 141.712s)
picvec stage paint-preview: 0.464s (total 142.176s)
picvec structural substage ownership: 30.057s
picvec structural substage outline-proposals: 0.135s
picvec structural substage outline-validation: 0.000s
picvec structural substage colour-patches: 1.303s
picvec stage structural-selection: 31.495s (total 173.671s)
picvec stage paint-order-validation: 7.044s (total 180.716s)
picvec hole trials: 87 calls, 20 cached rejections, serialization 2.503s, validation 6.315s
picvec stage covered-hole-simplification: 12.503s (total 193.218s)
picvec stage final-svg: 12.311s (total 205.529s)
picvec adaptive evaluated 0 0 5770 2058: baseline=PerceptualScore { mean_delta_e: 3.4232306, p90_delta_e: 9.254971, missing_edge_fraction: 0.8534596, combined: 7.802821 } refined=PerceptualScore { mean_delta_e: 1.8111358, p90_delta_e: 0.8944397, missing_edge_fraction: 0.55538017, combined: 2.8389275 } boundary_matches=true bytes=8246954
{
  "input_width": 5770,
  "input_height": 2058,
  "processing_width": 1600,
  "processing_height": 571,
  "output": "/tmp/picvec-head-exact/queue10/booster-layout.svg",
  "elapsed_seconds": 236.73910068,
  "execution_threads": 10,
  "complexity": {
    "probe_width": 1024,
    "probe_height": 365,
    "probe_region_count": 40675,
    "probe_region_density": 108826.516,
    "edge_density": 0.25756368,
    "normalized_region_density": 1.0,
    "normalized_edge_density": 1.0,
    "complexity": 1.0,
    "target_pixels": 2000000.0,
    "selected_dimension": 1600
  },
  "source_alpha": {
    "detected": false,
    "quantization_bits": 0,
    "mask_paths": 0,
    "removed_regions": 0
  },
  "chroma_key": {
    "enabled": false,
    "detected": false,
    "border_coverage": 0.0,
    "removed_regions": 0
  },
  "adaptive_refinement": {
    "enabled": true,
    "source_scale": 3.60625,
    "proposed_regions": 1,
    "candidate_regions": 1,
    "prefiltered_for_complexity": 0,
    "evaluated_regions": 1,
    "parallel_jobs": 1,
    "accepted_regions": 1,
    "rejected_for_quality": 0,
    "rejected_for_complexity": 0,
    "rejected_for_budget": 0,
    "baseline_mean_delta_e": 3.4232306,
    "refined_mean_delta_e": 1.8111358,
    "estimated_global_delta_e_reduction": 1.6120949,
    "added_svg_bytes": 8246954
  },
  "hierarchical_topology": {
    "nodes": 101409,
    "leaves": 65973,
    "unit_leaves": 31577,
    "represented_pixels": 913600,
    "compression_ratio": 13.848089
  },
  "edge_roles": {
    "skeleton_pixels": 58018,
    "edge_chain_count": 4828,
    "edge_chain_samples": 60007,
    "boundary_pixels": 7837,
    "ridge_role_pixels": 29471,
    "ridge_on_boundary_pixels": 10883,
    "unknown_pixels": 110,
    "visible_ridge_pixels": 26413,
    "visible_ridge_coverage_pixels": 53964,
    "dark_boundary_pixels": 8770,
    "shading_pixels": 11019,
    "face_barrier_pixels": 19593,
    "visible_ridge_graph_edges": 1261,
    "visible_ridge_graph_edges_before_join": 1945,
    "dark_boundary_graph_edges": 360,
    "wide_dark_outline_graph_edges_before_join": 424,
    "dark_boundary_candidates": 16,
    "dark_ridge_candidates": 1604,
    "dark_ridge_supported": 1066,
    "profile_ridge_candidates": 1544,
    "profile_ridge_extensions": 1303,
    "visible_ridge_graph_length": 20267.83,
    "visible_ridge_median_width": 1.3557628,
    "visible_ridge_width_weighted_length": 30943.889,
    "dark_boundary_graph_length": 3302.7244,
    "dark_boundary_median_width": 1.2498842,
    "gradient_threshold": 1.0,
    "ridge_threshold": 0.65
  },
  "segmentation": {
    "graph_edges": 1825029,
    "coherent_domains": 0,
    "coherent_regions_removed": 0,
    "histogram_cells": 201,
    "palette_colours": 43,
    "initial_regions": 51377,
    "raw_regions": 11135,
    "corrected_regions": 10682,
    "regularized_regions": 3135,
    "merged_regions": 2943,
    "forced_small_region_merges": 127560,
    "micro_region_merges": 7670,
    "micro_pixels_reassigned": 46215,
    "compatible_region_merges": 47474,
    "paint_aware_region_merge_proposals": 37,
    "paint_aware_region_merges": 37,
    "exact_paint_region_merges": 1,
    "source_supported_paint_merges": 0,
    "preserved_independent_materials": 2685,
    "antialias_pixels": 971,
    "core_sampled_regions": 25,
    "antialias_split_regions": 453,
    "boundary_regularization_passes": 1,
    "boundary_regularization_moved_pixels": 203,
    "boundary_regularization_source_edges": 19676,
    "thin_paint_examined": 3445,
    "thin_paint_protected": 1508,
    "thin_paint_refined": 77,
    "thin_paint_preflight_rejected": 255,
    "thin_paint_reassigned_pixels": 268,
    "thin_paint_removed_regions": 31,
    "adaptive_patch_candidate_faces": 0,
    "adaptive_patch_split_faces": 0,
    "adaptive_patch_added_regions": 0,
    "effective_minimum_area": 417,
    "local_minimum_area": 29,
    "local_median_area": 405,
    "local_maximum_area": 417
  },
  "structural": {
    "source_coverage_pixels": 66287,
    "source_line_pixels": 61069,
    "skeleton_pixels": 11236,
    "stroke_count": 5018,
    "underpainted_pixels": 69442,
    "antialias_unmixed_pixels": 15478,
    "silhouette_fill_count": 0,
    "residual_legacy_strokes": 278,
    "visible_ridge_strokes": 997,
    "boundary_profile_strokes": 119,
    "recovered_boundary_strokes": 0,
    "recovered_alpha_boundary_strokes": 0,
    "suppressed_ellipse_retraces": 0,
    "aligned_ellipse_strokes": 3
  },
  "ownership": {
    "structural_strokes": 5018,
    "paint_overlap": 0.3,
    "overlap_is_underpaint": false,
    "overlap_is_fill_geometry": true
  },
  "paint_order": {
    "line_regions": 0,
    "proposed_constraints": 0,
    "conflicting_constraints": 0,
    "changed_ranks": 0,
    "accepted": false,
    "source_error_increase": 0.0,
    "rejection": null
  },
  "gradients": {
    "solid_regions": 2801,
    "linear_regions": 91,
    "radial_regions": 50,
    "layered_regions": 1,
    "overlay_layers": 1,
    "fitted_direction_linear_regions": 62,
    "fitted_focus_radial_regions": 17,
    "coupled_linear_regions": 0,
    "source_supported_paint_merges": 0,
    "source_supported_boundary_edges_removed": 0,
    "maximum_stops": 5,
    "primary_gate_active": false,
    "primary_solid_regions": 0,
    "provable_solid_regions": 2535,
    "gain_bound_solid_regions": 2534,
    "low_range_solid_regions": 1,
    "gradient_model_search_regions": 409,
    "coherent_field_regions": 0,
    "full_fit_regions": 2944
  },
  "geometry": {
    "regions": 2943,
    "loops": 5319,
    "empty_regions": 0,
    "empty_region_pixels": 0,
    "largest_empty_region": 0,
    "source_boundary_edges": 119902,
    "shared_boundary_edges": 57780,
    "simplified_vertices": 25160,
    "cubic_segments": 22262,
    "line_segments": 522,
    "rectangles": 0,
    "circles": 0,
    "ellipses": 0,
    "covered_holes_removed": 1549,
    "shared_loop_fallbacks": 0,
    "shared_loop_missing_edges": 0,
    "shared_loop_discontinuities": 0,
    "shared_loop_invalid_areas": 0,
    "adaptive_optimal_polygons": 120,
    "continuity_faired_masters": 893,
    "fitted_ellipse_contours": 3,
    "fitted_bezier_contours": 0,
    "regularized_corner_excursions": 4,
    "regularized_corner_vertices": 93,
    "shared_curve_downgrades": 2
  },
  "optimization": {
    "input_regions": 2943,
    "primitive_regions": 0,
    "path_regions": 2943,
    "shared_gradient_regions": 0
  },
  "svg": {
    "objects": 16445,
    "path_subpaths": 24614,
    "path_elements": 13561,
    "rect_elements": 80,
    "circle_elements": 0,
    "ellipse_elements": 0,
    "line_elements": 2800,
    "linear_gradients": 685,
    "radial_gradients": 513,
    "structural_strokes": 6828,
    "structural_color_patches": 0,
    "gradient_stops": 4659,
    "linear_cubics_to_lines": 7242,
    "redundant_segments_removed": 4483,
    "arc_segments": 4431,
    "merged_arc_segments": 11,
    "paint_paths_merged": 2662,
    "paint_batches": 1234,
    "alpha_mask_paths": 0,
    "outline_bands": 0,
    "outline_color_patches": 0,
    "outline_paint_regions_removed": 0,
    "outline_structural_strokes_removed": 0,
    "invisible_elements_removed": 0,
    "invisible_strokes_removed": 0,
    "bytes": 8261651
  }
}
wrote /tmp/picvec-head-exact/queue10/booster-layout.svg (1600x571, 16445 objects, 24614 subpaths, 236.739s)
