picvec stage load-resize: 6.222s (total 6.222s)
picvec stage edge-roles: 1.670s (total 7.892s)
picvec stage structural-analysis: 0.879s (total 8.771s)
picvec stage perceptual-smoothing: 0.691s (total 9.461s)
picvec segmentation substage setup: 0.020s
picvec segmentation substage palette: 0.086s (9973 histogram cells, 885 colours)
picvec segmentation substage initial-components: 0.022s
picvec segmentation substage small-components: 0.148s
picvec segmentation substage compact: 0.018s
picvec segmentation substage antialias: 0.175s
picvec segmentation substage finalize: 0.049s (total 0.517s)
picvec stage segmentation: 0.821s (total 10.283s)
picvec stage boundary-regularization: 0.214s (total 10.497s)
picvec stage paint-aware-merge: 0.316s (total 10.814s)
picvec stage thin-paint-ownership: 0.217s (total 11.031s)
picvec stage paint-topology-preservation: 1.338s (total 12.369s)
picvec paint substage setup: 0.019s
picvec paint substage initial: 0.130s (primary solid 0, gain-bound solid 894, low-range solid 29, model search 302)
picvec paint substage harmonize: 0.183s
picvec paint substage couple: 0.014s
picvec stage paint-fitting: 0.382s (total 12.751s)
picvec layered merge candidates: considered 2353, evidence 2286, seam 6, layered 7, nonfinite 0, face 24, combined 16, accepted 21
picvec stage source-supported-paint-merge: 1.156s (total 13.907s)
picvec stage exact-paint-merge: 0.030s (total 13.937s)
picvec stage layered-paint-simplification: 0.054s (total 13.991s)
picvec stage residual-shape-refinement: 0.017s (total 14.008s)
picvec stage interior-shading: 0.360s (total 14.368s)
picvec stage face-alpha: 0.897s (total 15.265s)
picvec stage hierarchical-topology: 0.005s (total 15.270s)
picvec stage shared-geometry: 13.703s (total 28.973s)
picvec stage paint-preview: 0.135s (total 29.108s)
picvec structural substage ownership: 1.357s
picvec structural substage outline-proposals: 0.000s
picvec structural substage outline-validation: 0.000s
picvec structural substage colour-patches: 0.000s
picvec stage structural-selection: 1.357s (total 30.465s)
picvec hole trials: 1 calls, 0 cached rejections, serialization 0.329s, validation 0.886s
picvec stage covered-hole-simplification: 5.286s (total 35.751s)
picvec visibility witnesses: 0/4 draws, 0.406s
picvec visibility proof shortcuts: 0 visible, 0 prefix no-op
picvec stage final-svg: 0.446s (total 36.197s)
{
  "input_width": 1600,
  "input_height": 1200,
  "processing_width": 1600,
  "processing_height": 1200,
  "output": "/tmp/picvec-head-exact/queue10/cliparts.svg",
  "elapsed_seconds": 36.45788658,
  "execution_threads": 10,
  "complexity": {
    "probe_width": 1024,
    "probe_height": 768,
    "probe_region_count": 71117,
    "probe_region_density": 90429.94,
    "edge_density": 0.20763905,
    "normalized_region_density": 1.0,
    "normalized_edge_density": 1.0,
    "complexity": 1.0,
    "target_pixels": 2000000.0,
    "selected_dimension": 1600
  },
  "source_alpha": {
    "detected": true,
    "temporary_backing_color": [
      255,
      0,
      255
    ],
    "quantization_bits": 8,
    "mask_paths": 0,
    "removed_regions": 268
  },
  "chroma_key": {
    "enabled": false,
    "detected": false,
    "border_coverage": 0.0,
    "removed_regions": 0
  },
  "adaptive_refinement": {
    "enabled": true,
    "source_scale": 1.0,
    "proposed_regions": 0,
    "candidate_regions": 0,
    "prefiltered_for_complexity": 0,
    "evaluated_regions": 0,
    "parallel_jobs": 0,
    "accepted_regions": 0,
    "rejected_for_quality": 0,
    "rejected_for_complexity": 0,
    "rejected_for_budget": 0,
    "baseline_mean_delta_e": 0.0,
    "refined_mean_delta_e": 0.0,
    "estimated_global_delta_e_reduction": 0.0,
    "added_svg_bytes": 0
  },
  "hierarchical_topology": {
    "nodes": 249205,
    "leaves": 177733,
    "unit_leaves": 94660,
    "represented_pixels": 1920000,
    "compression_ratio": 10.802721
  },
  "edge_roles": {
    "skeleton_pixels": 43502,
    "edge_chain_count": 1360,
    "edge_chain_samples": 43835,
    "boundary_pixels": 19482,
    "ridge_role_pixels": 6912,
    "ridge_on_boundary_pixels": 16117,
    "unknown_pixels": 131,
    "visible_ridge_pixels": 1459,
    "visible_ridge_coverage_pixels": 3311,
    "dark_boundary_pixels": 77388,
    "shading_pixels": 1018,
    "face_barrier_pixels": 37756,
    "visible_ridge_graph_edges": 101,
    "visible_ridge_graph_edges_before_join": 105,
    "dark_boundary_graph_edges": 510,
    "wide_dark_outline_graph_edges_before_join": 292,
    "dark_boundary_candidates": 283,
    "dark_ridge_candidates": 539,
    "dark_ridge_supported": 217,
    "profile_ridge_candidates": 268,
    "profile_ridge_extensions": 180,
    "visible_ridge_graph_length": 946.1133,
    "visible_ridge_median_width": 1.9597473,
    "visible_ridge_width_weighted_length": 1955.2594,
    "dark_boundary_graph_length": 24487.195,
    "dark_boundary_median_width": 1.2,
    "gradient_threshold": 1.0,
    "ridge_threshold": 0.65
  },
  "segmentation": {
    "graph_edges": 3837200,
    "coherent_domains": 6,
    "coherent_regions_removed": 31,
    "histogram_cells": 9973,
    "palette_colours": 885,
    "initial_regions": 41636,
    "raw_regions": 4450,
    "corrected_regions": 2380,
    "regularized_regions": 1339,
    "merged_regions": 4170,
    "forced_small_region_merges": 138611,
    "micro_region_merges": 1055,
    "micro_pixels_reassigned": 19062,
    "compatible_region_merges": 38938,
    "paint_aware_region_merge_proposals": 12,
    "paint_aware_region_merges": 12,
    "exact_paint_region_merges": 14,
    "source_supported_paint_merges": 21,
    "preserved_independent_materials": 1659,
    "antialias_pixels": 28602,
    "core_sampled_regions": 287,
    "antialias_split_regions": 2070,
    "boundary_regularization_passes": 1,
    "boundary_regularization_moved_pixels": 1036,
    "boundary_regularization_source_edges": 32483,
    "thin_paint_examined": 824,
    "thin_paint_protected": 254,
    "thin_paint_refined": 33,
    "thin_paint_preflight_rejected": 64,
    "thin_paint_reassigned_pixels": 98,
    "thin_paint_removed_regions": 14,
    "adaptive_patch_candidate_faces": 62,
    "adaptive_patch_split_faces": 19,
    "adaptive_patch_added_regions": 26,
    "effective_minimum_area": 417,
    "local_minimum_area": 39,
    "local_median_area": 417,
    "local_maximum_area": 417
  },
  "structural": {
    "source_coverage_pixels": 49325,
    "source_line_pixels": 1040261,
    "skeleton_pixels": 1682,
    "stroke_count": 244,
    "underpainted_pixels": 1475,
    "antialias_unmixed_pixels": 166,
    "silhouette_fill_count": 0,
    "residual_legacy_strokes": 33,
    "visible_ridge_strokes": 89,
    "boundary_profile_strokes": 49,
    "recovered_boundary_strokes": 0,
    "recovered_alpha_boundary_strokes": 0,
    "suppressed_ellipse_retraces": 0,
    "aligned_ellipse_strokes": 0
  },
  "ownership": {
    "structural_strokes": 244,
    "paint_overlap": 0.3,
    "overlap_is_underpaint": false,
    "overlap_is_fill_geometry": true
  },
  "paint_order": {
    "line_regions": 0,
    "proposed_constraints": 0,
    "conflicting_constraints": 0,
    "changed_ranks": 0,
    "accepted": false,
    "source_error_increase": 0.0,
    "rejection": null
  },
  "gradients": {
    "solid_regions": 3435,
    "linear_regions": 473,
    "radial_regions": 262,
    "layered_regions": 0,
    "overlay_layers": 0,
    "fitted_direction_linear_regions": 372,
    "fitted_focus_radial_regions": 192,
    "coupled_linear_regions": 9,
    "source_supported_paint_merges": 21,
    "source_supported_boundary_edges_removed": 990,
    "maximum_stops": 17,
    "primary_gate_active": false,
    "primary_solid_regions": 0,
    "provable_solid_regions": 923,
    "gain_bound_solid_regions": 894,
    "low_range_solid_regions": 29,
    "gradient_model_search_regions": 302,
    "coherent_field_regions": 69,
    "full_fit_regions": 1225
  },
  "geometry": {
    "regions": 4170,
    "loops": 11433,
    "empty_regions": 0,
    "empty_region_pixels": 0,
    "largest_empty_region": 0,
    "source_boundary_edges": 260446,
    "shared_boundary_edges": 127423,
    "simplified_vertices": 117602,
    "cubic_segments": 51064,
    "line_segments": 1347,
    "rectangles": 0,
    "circles": 0,
    "ellipses": 0,
    "covered_holes_removed": 37,
    "shared_loop_fallbacks": 0,
    "shared_loop_missing_edges": 0,
    "shared_loop_discontinuities": 0,
    "shared_loop_invalid_areas": 0,
    "adaptive_optimal_polygons": 579,
    "continuity_faired_masters": 3980,
    "fitted_ellipse_contours": 16,
    "fitted_bezier_contours": 64,
    "regularized_corner_excursions": 0,
    "regularized_corner_vertices": 0,
    "shared_curve_downgrades": 0
  },
  "optimization": {
    "input_regions": 4193,
    "primitive_regions": 0,
    "path_regions": 4193,
    "shared_gradient_regions": 483
  },
  "svg": {
    "objects": 4692,
    "path_subpaths": 14060,
    "path_elements": 4350,
    "rect_elements": 191,
    "circle_elements": 0,
    "ellipse_elements": 0,
    "line_elements": 151,
    "linear_gradients": 236,
    "radial_gradients": 72,
    "structural_strokes": 244,
    "structural_color_patches": 0,
    "gradient_stops": 1240,
    "linear_cubics_to_lines": 6841,
    "redundant_segments_removed": 6404,
    "arc_segments": 2898,
    "merged_arc_segments": 17,
    "paint_paths_merged": 56,
    "paint_batches": 34,
    "alpha_mask_paths": 0,
    "outline_bands": 0,
    "outline_color_patches": 0,
    "outline_paint_regions_removed": 0,
    "outline_structural_strokes_removed": 0,
    "invisible_elements_removed": 0,
    "invisible_strokes_removed": 0,
    "bytes": 4001531
  }
}
wrote /tmp/picvec-head-exact/queue10/cliparts.svg (1600x1200, 4692 objects, 14060 subpaths, 36.458s)
