picvec stage load-resize: 0.019s (total 0.019s)
picvec stage edge-roles: 0.492s (total 0.511s)
picvec stage structural-analysis: 0.266s (total 0.777s)
picvec stage perceptual-smoothing: 0.346s (total 1.124s)
picvec segmentation substage setup: 0.007s
picvec segmentation substage palette: 0.024s (2405 histogram cells, 286 colours)
picvec segmentation substage initial-components: 0.006s
picvec segmentation substage small-components: 0.017s
picvec segmentation substage compact: 0.003s
picvec segmentation substage antialias: 0.049s
picvec segmentation substage finalize: 0.017s (total 0.124s)
picvec stage segmentation: 0.154s (total 1.277s)
picvec stage boundary-regularization: 0.067s (total 1.344s)
picvec stage paint-aware-merge: 0.029s (total 1.373s)
picvec stage thin-paint-ownership: 0.025s (total 1.398s)
picvec stage paint-topology-preservation: 0.355s (total 1.754s)
picvec paint substage setup: 0.008s
picvec paint substage initial: 0.003s (primary solid 0, gain-bound solid 61, low-range solid 5, model search 0)
picvec paint substage harmonize: 0.000s
picvec paint substage couple: 0.000s
picvec stage paint-fitting: 0.023s (total 1.777s)
picvec layered merge candidates: considered 97, evidence 97, seam 0, layered 0, nonfinite 0, face 0, combined 0, accepted 0
picvec stage source-supported-paint-merge: 0.003s (total 1.780s)
picvec stage exact-paint-merge: 0.002s (total 1.781s)
picvec stage layered-paint-simplification: 0.001s (total 1.782s)
picvec stage residual-shape-refinement: 0.002s (total 1.784s)
picvec stage interior-shading: 0.033s (total 1.818s)
picvec stage face-alpha: 0.032s (total 1.850s)
picvec stage hierarchical-topology: 0.001s (total 1.851s)
picvec stage shared-geometry: 2.395s (total 4.246s)
picvec stage paint-preview: 0.009s (total 4.255s)
picvec structural substage ownership: 0.054s
picvec structural substage outline-proposals: 0.000s
picvec structural substage outline-validation: 0.000s
picvec structural substage colour-patches: 0.000s
picvec stage structural-selection: 0.054s (total 4.309s)
picvec stage paint-order-validation: 1.389s (total 5.698s)
picvec stage covered-hole-simplification: 0.093s (total 5.791s)
picvec stage final-svg: 0.009s (total 5.800s)
{
  "input_width": 800,
  "input_height": 744,
  "processing_width": 800,
  "processing_height": 744,
  "output": "/tmp/picvec-generic-speed/boy-repeat/2-before/boy_and_turtle.svg",
  "elapsed_seconds": 5.83991884,
  "execution_threads": 10,
  "complexity": {
    "probe_width": 0,
    "probe_height": 0,
    "probe_region_count": 0,
    "probe_region_density": 0.0,
    "edge_density": 0.0,
    "normalized_region_density": 0.0,
    "normalized_edge_density": 0.0,
    "complexity": 0.0,
    "target_pixels": 1200000.0,
    "selected_dimension": 800
  },
  "source_alpha": {
    "detected": true,
    "temporary_backing_color": [
      255,
      0,
      255
    ],
    "quantization_bits": 8,
    "mask_paths": 0,
    "removed_regions": 1
  },
  "chroma_key": {
    "enabled": false,
    "detected": false,
    "border_coverage": 0.0,
    "removed_regions": 0
  },
  "adaptive_refinement": {
    "enabled": true,
    "source_scale": 1.0,
    "proposed_regions": 0,
    "candidate_regions": 0,
    "prefiltered_for_complexity": 0,
    "evaluated_regions": 0,
    "parallel_jobs": 0,
    "accepted_regions": 0,
    "rejected_for_quality": 0,
    "rejected_for_complexity": 0,
    "rejected_for_budget": 0,
    "baseline_mean_delta_e": 0.0,
    "refined_mean_delta_e": 0.0,
    "estimated_global_delta_e_reduction": 0.0,
    "added_svg_bytes": 0
  },
  "hierarchical_topology": {
    "nodes": 59761,
    "leaves": 43465,
    "unit_leaves": 22023,
    "represented_pixels": 595200,
    "compression_ratio": 13.693776
  },
  "edge_roles": {
    "skeleton_pixels": 14739,
    "edge_chain_count": 130,
    "edge_chain_samples": 14750,
    "boundary_pixels": 4551,
    "ridge_role_pixels": 1558,
    "ridge_on_boundary_pixels": 8393,
    "unknown_pixels": 1,
    "visible_ridge_pixels": 14,
    "visible_ridge_coverage_pixels": 29,
    "dark_boundary_pixels": 12110,
    "shading_pixels": 236,
    "face_barrier_pixels": 13234,
    "visible_ridge_graph_edges": 1,
    "visible_ridge_graph_edges_before_join": 1,
    "dark_boundary_graph_edges": 157,
    "wide_dark_outline_graph_edges_before_join": 16,
    "dark_boundary_candidates": 143,
    "dark_ridge_candidates": 65,
    "dark_ridge_supported": 17,
    "profile_ridge_candidates": 0,
    "profile_ridge_extensions": 0,
    "visible_ridge_graph_length": 7.0822563,
    "visible_ridge_median_width": 2.0,
    "visible_ridge_width_weighted_length": 14.164513,
    "dark_boundary_graph_length": 4417.539,
    "dark_boundary_median_width": 1.2,
    "gradient_threshold": 1.0,
    "ridge_threshold": 0.65
  },
  "segmentation": {
    "graph_edges": 1188856,
    "coherent_domains": 0,
    "coherent_regions_removed": 0,
    "histogram_cells": 2405,
    "palette_colours": 286,
    "initial_regions": 16263,
    "raw_regions": 1233,
    "corrected_regions": 92,
    "regularized_regions": 82,
    "merged_regions": 83,
    "forced_small_region_merges": 23858,
    "micro_region_merges": 10,
    "micro_pixels_reassigned": 18,
    "compatible_region_merges": 15662,
    "paint_aware_region_merge_proposals": 0,
    "paint_aware_region_merges": 0,
    "exact_paint_region_merges": 0,
    "source_supported_paint_merges": 0,
    "preserved_independent_materials": 13,
    "antialias_pixels": 13824,
    "core_sampled_regions": 78,
    "antialias_split_regions": 1141,
    "boundary_regularization_passes": 1,
    "boundary_regularization_moved_pixels": 6,
    "boundary_regularization_source_edges": 8223,
    "thin_paint_examined": 6,
    "thin_paint_protected": 0,
    "thin_paint_refined": 1,
    "thin_paint_preflight_rejected": 0,
    "thin_paint_reassigned_pixels": 1,
    "thin_paint_removed_regions": 0,
    "adaptive_patch_candidate_faces": 0,
    "adaptive_patch_split_faces": 0,
    "adaptive_patch_added_regions": 0,
    "effective_minimum_area": 104,
    "local_minimum_area": 41,
    "local_median_area": 104,
    "local_maximum_area": 104
  },
  "structural": {
    "source_coverage_pixels": 12145,
    "source_line_pixels": 379283,
    "skeleton_pixels": 0,
    "stroke_count": 2,
    "underpainted_pixels": 29,
    "antialias_unmixed_pixels": 0,
    "silhouette_fill_count": 0,
    "residual_legacy_strokes": 0,
    "visible_ridge_strokes": 1,
    "boundary_profile_strokes": 1,
    "recovered_boundary_strokes": 0,
    "recovered_alpha_boundary_strokes": 0,
    "suppressed_ellipse_retraces": 0,
    "aligned_ellipse_strokes": 0
  },
  "ownership": {
    "structural_strokes": 2,
    "paint_overlap": 0.3,
    "overlap_is_underpaint": false,
    "overlap_is_fill_geometry": true
  },
  "paint_order": {
    "line_regions": 1,
    "proposed_constraints": 56,
    "conflicting_constraints": 0,
    "changed_ranks": 76,
    "accepted": true,
    "source_error_increase": -0.0008017078,
    "rejection": null
  },
  "gradients": {
    "solid_regions": 68,
    "linear_regions": 15,
    "radial_regions": 0,
    "layered_regions": 0,
    "overlay_layers": 0,
    "fitted_direction_linear_regions": 15,
    "fitted_focus_radial_regions": 0,
    "coupled_linear_regions": 0,
    "source_supported_paint_merges": 0,
    "source_supported_boundary_edges_removed": 0,
    "maximum_stops": 2,
    "primary_gate_active": false,
    "primary_solid_regions": 0,
    "provable_solid_regions": 66,
    "gain_bound_solid_regions": 61,
    "low_range_solid_regions": 5,
    "gradient_model_search_regions": 0,
    "coherent_field_regions": 16,
    "full_fit_regions": 66
  },
  "geometry": {
    "regions": 83,
    "loops": 151,
    "empty_regions": 0,
    "empty_region_pixels": 0,
    "largest_empty_region": 0,
    "source_boundary_edges": 53200,
    "shared_boundary_edges": 25056,
    "simplified_vertices": 13344,
    "cubic_segments": 1880,
    "line_segments": 36,
    "rectangles": 0,
    "circles": 0,
    "ellipses": 0,
    "covered_holes_removed": 17,
    "shared_loop_fallbacks": 0,
    "shared_loop_missing_edges": 0,
    "shared_loop_discontinuities": 0,
    "shared_loop_invalid_areas": 0,
    "adaptive_optimal_polygons": 15,
    "continuity_faired_masters": 227,
    "fitted_ellipse_contours": 7,
    "fitted_bezier_contours": 17,
    "regularized_corner_excursions": 0,
    "regularized_corner_vertices": 0,
    "shared_curve_downgrades": 0
  },
  "optimization": {
    "input_regions": 83,
    "primitive_regions": 0,
    "path_regions": 83,
    "shared_gradient_regions": 0
  },
  "svg": {
    "objects": 80,
    "path_subpaths": 128,
    "path_elements": 78,
    "rect_elements": 0,
    "circle_elements": 0,
    "ellipse_elements": 0,
    "line_elements": 2,
    "linear_gradients": 15,
    "radial_gradients": 0,
    "structural_strokes": 2,
    "structural_color_patches": 0,
    "gradient_stops": 30,
    "linear_cubics_to_lines": 5,
    "redundant_segments_removed": 8,
    "arc_segments": 111,
    "merged_arc_segments": 1,
    "paint_paths_merged": 3,
    "paint_batches": 3,
    "alpha_mask_paths": 0,
    "outline_bands": 0,
    "outline_color_patches": 0,
    "outline_paint_regions_removed": 0,
    "outline_structural_strokes_removed": 0,
    "invisible_elements_removed": 1,
    "invisible_strokes_removed": 0,
    "bytes": 98003
  }
}
wrote /tmp/picvec-generic-speed/boy-repeat/2-before/boy_and_turtle.svg (800x744, 80 objects, 128 subpaths, 5.840s)
